
> test-large-repo-with-storybook@0.1.0 test-storybook
> test-storybook

npm : PASS browser: chromium src/stories/LotsOfStories/LotsOfStuff894.stories.ts (19.172 s)
At line:1 char:1
+ npm run test-storybook *> test-output.txt
+ ~~~~~~~~~~~~~~~~~~~~~~~~~~~~~~~~~~~~~~~~~
    + CategoryInfo          : NotSpecified: (PASS browser: c...s.ts (19.172 s):String) [], RemoteException
    + FullyQualifiedErrorId : NativeCommandError
 
FAIL browser: chromium src/stories/LotsOfStories/LotsOfStuff892.stories.ts (43.65 s)
  ΓùÅ Console

    console.log
      An error occurred in the following story, most likely because of a navigation: "Pages/LotsOfStuff892/Form Filled Out". Retrying...

      at Object.<anonymous> (src/stories/LotsOfStories/LotsOfStuff892.stories.ts:386:37)

    console.log
      An error occurred in the following story, most likely because of a navigation: "Pages/LotsOfStuff892/Default". Retrying...

      at Object.<anonymous> (src/stories/LotsOfStories/LotsOfStuff892.stories.ts:238:37)

  ΓùÅ Pages/LotsOfStuff892 ΓÇ║ Default ΓÇ║ smoke-test

    thrown: "Exceeded timeout of 15000 ms for a test.
    Add a timeout value to this test to increase the timeout, if this is a long-running test. See 
https://jestjs.io/docs/api#testname-fn-timeout."

    [0m[0m

      at src/stories/LotsOfStories/LotsOfStuff892.stories.ts:129:13
      at src/stories/LotsOfStories/LotsOfStuff892.stories.ts:128:9
      at Object.<anonymous> (src/stories/LotsOfStories/LotsOfStuff892.stories.ts:127:5)

  ΓùÅ Pages/LotsOfStuff892 ΓÇ║ FormFilledOut ΓÇ║ play-test

    thrown: "Exceeded timeout of 15000 ms for a test.
    Add a timeout value to this test to increase the timeout, if this is a long-running test. See 
https://jestjs.io/docs/api#testname-fn-timeout."

    [0m[0m

      at src/stories/LotsOfStories/LotsOfStuff892.stories.ts:277:13
      at src/stories/LotsOfStories/LotsOfStuff892.stories.ts:276:9
      at Object.<anonymous> (src/stories/LotsOfStories/LotsOfStuff892.stories.ts:127:5)

  ΓùÅ Pages/LotsOfStuff892 ΓÇ║ DrawerAndDropdownInteraction ΓÇ║ play-test

    page.evaluate: ReferenceError: __test is not defined

      at eval (eval at evaluate (:234:30), <anonymous>:3:57)
      at UtilityScript.evaluate (<anonymous>:236:17)
      at UtilityScript.<anonymous> (<anonymous>:1:44)
      at src/stories/LotsOfStories/LotsOfStuff892.stories.ts:455:58
      at step (src/stories/LotsOfStories/LotsOfStuff892.stories.ts:109:23)
      at Object.next (src/stories/LotsOfStories/LotsOfStuff892.stories.ts:50:20)
      at asyncGeneratorStep (src/stories/LotsOfStories/LotsOfStuff892.stories.ts:4:28)
      at _next (src/stories/LotsOfStories/LotsOfStuff892.stories.ts:22:17)
      at src/stories/LotsOfStories/LotsOfStuff892.stories.ts:27:13
      at src/stories/LotsOfStories/LotsOfStuff892.stories.ts:19:16
      at testFn (src/stories/LotsOfStories/LotsOfStuff892.stories.ts:507:49)
      at Object.<anonymous> (src/stories/LotsOfStories/LotsOfStuff892.stories.ts:520:33)
      at step (src/stories/LotsOfStories/LotsOfStuff892.stories.ts:109:23)
      at Object.next (src/stories/LotsOfStories/LotsOfStuff892.stories.ts:50:20)
      at asyncGeneratorStep (src/stories/LotsOfStories/LotsOfStuff892.stories.ts:4:28)
      at _next (src/stories/LotsOfStories/LotsOfStuff892.stories.ts:22:17)
      at src/stories/LotsOfStories/LotsOfStuff892.stories.ts:27:13
      at Object.<anonymous> (src/stories/LotsOfStories/LotsOfStuff892.stories.ts:19:16)

FAIL browser: chromium src/stories/LotsOfStories/LotsOfStuff896.stories.ts (43.937 s)
  ΓùÅ Console

    console.log
      An error occurred in the following story, most likely because of a navigation: "Pages/LotsOfStuff896/Form Filled Out". Retrying...

      at Object.<anonymous> (src/stories/LotsOfStories/LotsOfStuff896.stories.ts:386:37)

    console.log
      An error occurred in the following story, most likely because of a navigation: "Pages/LotsOfStuff896/Default". Retrying...

      at Object.<anonymous> (src/stories/LotsOfStories/LotsOfStuff896.stories.ts:238:37)

  ΓùÅ Pages/LotsOfStuff896 ΓÇ║ Default ΓÇ║ smoke-test

    thrown: "Exceeded timeout of 15000 ms for a test.
    Add a timeout value to this test to increase the timeout, if this is a long-running test. See 
https://jestjs.io/docs/api#testname-fn-timeout."

    [0m[0m

      at src/stories/LotsOfStories/LotsOfStuff896.stories.ts:129:13
      at src/stories/LotsOfStories/LotsOfStuff896.stories.ts:128:9
      at Object.<anonymous> (src/stories/LotsOfStories/LotsOfStuff896.stories.ts:127:5)

  ΓùÅ Pages/LotsOfStuff896 ΓÇ║ FormFilledOut ΓÇ║ play-test

    thrown: "Exceeded timeout of 15000 ms for a test.
    Add a timeout value to this test to increase the timeout, if this is a long-running test. See 
https://jestjs.io/docs/api#testname-fn-timeout."

    [0m[0m

      at src/stories/LotsOfStories/LotsOfStuff896.stories.ts:277:13
      at src/stories/LotsOfStories/LotsOfStuff896.stories.ts:276:9
      at Object.<anonymous> (src/stories/LotsOfStories/LotsOfStuff896.stories.ts:127:5)

  ΓùÅ Pages/LotsOfStuff896 ΓÇ║ DrawerAndDropdownInteraction ΓÇ║ play-test

    page.evaluate: ReferenceError: __test is not defined

      at eval (eval at evaluate (:234:30), <anonymous>:3:57)
      at UtilityScript.evaluate (<anonymous>:236:17)
      at UtilityScript.<anonymous> (<anonymous>:1:44)
      at src/stories/LotsOfStories/LotsOfStuff896.stories.ts:455:58
      at step (src/stories/LotsOfStories/LotsOfStuff896.stories.ts:109:23)
      at Object.next (src/stories/LotsOfStories/LotsOfStuff896.stories.ts:50:20)
      at asyncGeneratorStep (src/stories/LotsOfStories/LotsOfStuff896.stories.ts:4:28)
      at _next (src/stories/LotsOfStories/LotsOfStuff896.stories.ts:22:17)
      at src/stories/LotsOfStories/LotsOfStuff896.stories.ts:27:13
      at src/stories/LotsOfStories/LotsOfStuff896.stories.ts:19:16
      at testFn (src/stories/LotsOfStories/LotsOfStuff896.stories.ts:507:49)
      at Object.<anonymous> (src/stories/LotsOfStories/LotsOfStuff896.stories.ts:520:33)
      at step (src/stories/LotsOfStories/LotsOfStuff896.stories.ts:109:23)
      at Object.next (src/stories/LotsOfStories/LotsOfStuff896.stories.ts:50:20)
      at asyncGeneratorStep (src/stories/LotsOfStories/LotsOfStuff896.stories.ts:4:28)
      at _next (src/stories/LotsOfStories/LotsOfStuff896.stories.ts:22:17)
      at src/stories/LotsOfStories/LotsOfStuff896.stories.ts:27:13
      at Object.<anonymous> (src/stories/LotsOfStories/LotsOfStuff896.stories.ts:19:16)

FAIL browser: chromium src/stories/LotsOfStories/LotsOfStuff883.stories.ts (48.586 s)
  ΓùÅ Pages/LotsOfStuff883 ΓÇ║ Default ΓÇ║ smoke-test

    thrown: "Exceeded timeout of 15000 ms for a test.
    Add a timeout value to this test to increase the timeout, if this is a long-running test. See 
https://jestjs.io/docs/api#testname-fn-timeout."

    [0m[0m

      at src/stories/LotsOfStories/LotsOfStuff883.stories.ts:129:13
      at src/stories/LotsOfStories/LotsOfStuff883.stories.ts:128:9
      at Object.<anonymous> (src/stories/LotsOfStories/LotsOfStuff883.stories.ts:127:5)

FAIL browser: chromium src/stories/LotsOfStories/LotsOfStuff889.stories.ts (48.627 s)
  ΓùÅ Pages/LotsOfStuff889 ΓÇ║ Default ΓÇ║ smoke-test

    thrown: "Exceeded timeout of 15000 ms for a test.
    Add a timeout value to this test to increase the timeout, if this is a long-running test. See 
https://jestjs.io/docs/api#testname-fn-timeout."

    [0m[0m

      at src/stories/LotsOfStories/LotsOfStuff889.stories.ts:129:13
      at src/stories/LotsOfStories/LotsOfStuff889.stories.ts:128:9
      at Object.<anonymous> (src/stories/LotsOfStories/LotsOfStuff889.stories.ts:127:5)

FAIL browser: chromium src/stories/LotsOfStories/LotsOfStuff897.stories.ts (48.405 s)
  ΓùÅ Pages/LotsOfStuff897 ΓÇ║ Default ΓÇ║ smoke-test

    thrown: "Exceeded timeout of 15000 ms for a test.
    Add a timeout value to this test to increase the timeout, if this is a long-running test. See 
https://jestjs.io/docs/api#testname-fn-timeout."

    [0m[0m

      at src/stories/LotsOfStories/LotsOfStuff897.stories.ts:129:13
      at src/stories/LotsOfStories/LotsOfStuff897.stories.ts:128:9
      at Object.<anonymous> (src/stories/LotsOfStories/LotsOfStuff897.stories.ts:127:5)

FAIL browser: chromium src/stories/LotsOfStories/LotsOfStuff898.stories.ts (48.538 s)
  ΓùÅ Pages/LotsOfStuff898 ΓÇ║ Default ΓÇ║ smoke-test

    thrown: "Exceeded timeout of 15000 ms for a test.
    Add a timeout value to this test to increase the timeout, if this is a long-running test. See 
https://jestjs.io/docs/api#testname-fn-timeout."

    [0m[0m

      at src/stories/LotsOfStories/LotsOfStuff898.stories.ts:129:13
      at src/stories/LotsOfStories/LotsOfStuff898.stories.ts:128:9
      at Object.<anonymous> (src/stories/LotsOfStories/LotsOfStuff898.stories.ts:127:5)

FAIL browser: chromium src/stories/LotsOfStories/LotsOfStuff900.stories.ts (48.763 s)
  ΓùÅ Console

    console.log
      An error occurred in the following story, most likely because of a navigation: "Pages/LotsOfStuff900/Form Filled Out". Retrying...

      at Object.<anonymous> (src/stories/LotsOfStories/LotsOfStuff900.stories.ts:386:37)

    console.log
      An error occurred in the following story, most likely because of a navigation: "Pages/LotsOfStuff900/Default". Retrying...

      at Object.<anonymous> (src/stories/LotsOfStories/LotsOfStuff900.stories.ts:238:37)

    console.log
      An error occurred in the following story, most likely because of a navigation: "Pages/LotsOfStuff900/Drawer And Dropdown Interaction". 
Retrying...

      at Object.<anonymous> (src/stories/LotsOfStories/LotsOfStuff900.stories.ts:534:37)

  ΓùÅ Pages/LotsOfStuff900 ΓÇ║ Default ΓÇ║ smoke-test

    thrown: "Exceeded timeout of 15000 ms for a test.
    Add a timeout value to this test to increase the timeout, if this is a long-running test. See 
https://jestjs.io/docs/api#testname-fn-timeout."

    [0m[0m

      at src/stories/LotsOfStories/LotsOfStuff900.stories.ts:129:13
      at src/stories/LotsOfStories/LotsOfStuff900.stories.ts:128:9
      at Object.<anonymous> (src/stories/LotsOfStories/LotsOfStuff900.stories.ts:127:5)

  ΓùÅ Pages/LotsOfStuff900 ΓÇ║ FormFilledOut ΓÇ║ play-test

    thrown: "Exceeded timeout of 15000 ms for a test.
    Add a timeout value to this test to increase the timeout, if this is a long-running test. See 
https://jestjs.io/docs/api#testname-fn-timeout."

    [0m[0m

      at src/stories/LotsOfStories/LotsOfStuff900.stories.ts:277:13
      at src/stories/LotsOfStories/LotsOfStuff900.stories.ts:276:9
      at Object.<anonymous> (src/stories/LotsOfStories/LotsOfStuff900.stories.ts:127:5)

  ΓùÅ Pages/LotsOfStuff900 ΓÇ║ DrawerAndDropdownInteraction ΓÇ║ play-test

    thrown: "Exceeded timeout of 15000 ms for a test.
    Add a timeout value to this test to increase the timeout, if this is a long-running test. See 
https://jestjs.io/docs/api#testname-fn-timeout."

    [0m[0m

      at src/stories/LotsOfStories/LotsOfStuff900.stories.ts:425:13
      at src/stories/LotsOfStories/LotsOfStuff900.stories.ts:424:9
      at Object.<anonymous> (src/stories/LotsOfStories/LotsOfStuff900.stories.ts:127:5)

FAIL browser: chromium src/stories/LotsOfStories/LotsOfStuff890.stories.ts (48.716 s)
  ΓùÅ Pages/LotsOfStuff890 ΓÇ║ Default ΓÇ║ smoke-test

    thrown: "Exceeded timeout of 15000 ms for a test.
    Add a timeout value to this test to increase the timeout, if this is a long-running test. See 
https://jestjs.io/docs/api#testname-fn-timeout."

    [0m[0m

      at src/stories/LotsOfStories/LotsOfStuff890.stories.ts:129:13
      at src/stories/LotsOfStories/LotsOfStuff890.stories.ts:128:9
      at Object.<anonymous> (src/stories/LotsOfStories/LotsOfStuff890.stories.ts:127:5)

  ΓùÅ Pages/LotsOfStuff890 ΓÇ║ FormFilledOut ΓÇ║ play-test

    page.evaluate: StorybookTestRunnerError: 
    An error occurred in the following story. Access the link for full output:
    http://127.0.0.1:6006/?path=/story/pages-lotsofstuff890--form-filled-out&addonPanel=storybook/interactions/panel

    Message:
     null

    [0m[0m

      at src/stories/LotsOfStories/LotsOfStuff890.stories.ts:307:58
      at step (src/stories/LotsOfStories/LotsOfStuff890.stories.ts:109:23)
      at Object.next (src/stories/LotsOfStories/LotsOfStuff890.stories.ts:50:20)
      at asyncGeneratorStep (src/stories/LotsOfStories/LotsOfStuff890.stories.ts:4:28)
      at _next (src/stories/LotsOfStories/LotsOfStuff890.stories.ts:22:17)
      at src/stories/LotsOfStories/LotsOfStuff890.stories.ts:27:13
      at src/stories/LotsOfStories/LotsOfStuff890.stories.ts:19:16
      at testFn (src/stories/LotsOfStories/LotsOfStuff890.stories.ts:359:49)
      at Object.<anonymous> (src/stories/LotsOfStories/LotsOfStuff890.stories.ts:372:33)
      at step (src/stories/LotsOfStories/LotsOfStuff890.stories.ts:109:23)
      at Object.next (src/stories/LotsOfStories/LotsOfStuff890.stories.ts:50:20)
      at asyncGeneratorStep (src/stories/LotsOfStories/LotsOfStuff890.stories.ts:4:28)
      at _next (src/stories/LotsOfStories/LotsOfStuff890.stories.ts:22:17)
      at src/stories/LotsOfStories/LotsOfStuff890.stories.ts:27:13
      at Object.<anonymous> (src/stories/LotsOfStories/LotsOfStuff890.stories.ts:19:16)

FAIL browser: chromium src/stories/LotsOfStories/LotsOfStuff885.stories.ts (49.035 s)
  ΓùÅ Console

    console.log
      An error occurred in the following story, most likely because of a navigation: "Pages/LotsOfStuff885/Form Filled Out". Retrying...

      at Object.<anonymous> (src/stories/LotsOfStories/LotsOfStuff885.stories.ts:386:37)

    console.log
      An error occurred in the following story, most likely because of a navigation: "Pages/LotsOfStuff885/Default". Retrying...

      at Object.<anonymous> (src/stories/LotsOfStories/LotsOfStuff885.stories.ts:238:37)

    console.log
      An error occurred in the following story, most likely because of a navigation: "Pages/LotsOfStuff885/Drawer And Dropdown Interaction". 
Retrying...

      at Object.<anonymous> (src/stories/LotsOfStories/LotsOfStuff885.stories.ts:534:37)

  ΓùÅ Pages/LotsOfStuff885 ΓÇ║ Default ΓÇ║ smoke-test

    thrown: "Exceeded timeout of 15000 ms for a test.
    Add a timeout value to this test to increase the timeout, if this is a long-running test. See 
https://jestjs.io/docs/api#testname-fn-timeout."

    [0m[0m

      at src/stories/LotsOfStories/LotsOfStuff885.stories.ts:129:13
      at src/stories/LotsOfStories/LotsOfStuff885.stories.ts:128:9
      at Object.<anonymous> (src/stories/LotsOfStories/LotsOfStuff885.stories.ts:127:5)

  ΓùÅ Pages/LotsOfStuff885 ΓÇ║ FormFilledOut ΓÇ║ play-test

    thrown: "Exceeded timeout of 15000 ms for a test.
    Add a timeout value to this test to increase the timeout, if this is a long-running test. See 
https://jestjs.io/docs/api#testname-fn-timeout."

    [0m[0m

      at src/stories/LotsOfStories/LotsOfStuff885.stories.ts:277:13
      at src/stories/LotsOfStories/LotsOfStuff885.stories.ts:276:9
      at Object.<anonymous> (src/stories/LotsOfStories/LotsOfStuff885.stories.ts:127:5)

  ΓùÅ Pages/LotsOfStuff885 ΓÇ║ DrawerAndDropdownInteraction ΓÇ║ play-test

    thrown: "Exceeded timeout of 15000 ms for a test.
    Add a timeout value to this test to increase the timeout, if this is a long-running test. See 
https://jestjs.io/docs/api#testname-fn-timeout."

    [0m[0m

      at src/stories/LotsOfStories/LotsOfStuff885.stories.ts:425:13
      at src/stories/LotsOfStories/LotsOfStuff885.stories.ts:424:9
      at Object.<anonymous> (src/stories/LotsOfStories/LotsOfStuff885.stories.ts:127:5)

FAIL browser: chromium src/stories/LotsOfStories/LotsOfStuff887.stories.ts (48.99 s)
  ΓùÅ Console

    console.log
      An error occurred in the following story, most likely because of a navigation: "Pages/LotsOfStuff887/Form Filled Out". Retrying...

      at Object.<anonymous> (src/stories/LotsOfStories/LotsOfStuff887.stories.ts:386:37)

    console.log
      An error occurred in the following story, most likely because of a navigation: "Pages/LotsOfStuff887/Default". Retrying...

      at Object.<anonymous> (src/stories/LotsOfStories/LotsOfStuff887.stories.ts:238:37)

    console.log
      An error occurred in the following story, most likely because of a navigation: "Pages/LotsOfStuff887/Drawer And Dropdown Interaction". 
Retrying...

      at Object.<anonymous> (src/stories/LotsOfStories/LotsOfStuff887.stories.ts:534:37)

  ΓùÅ Pages/LotsOfStuff887 ΓÇ║ Default ΓÇ║ smoke-test

    thrown: "Exceeded timeout of 15000 ms for a test.
    Add a timeout value to this test to increase the timeout, if this is a long-running test. See 
https://jestjs.io/docs/api#testname-fn-timeout."

    [0m[0m

      at src/stories/LotsOfStories/LotsOfStuff887.stories.ts:129:13
      at src/stories/LotsOfStories/LotsOfStuff887.stories.ts:128:9
      at Object.<anonymous> (src/stories/LotsOfStories/LotsOfStuff887.stories.ts:127:5)

  ΓùÅ Pages/LotsOfStuff887 ΓÇ║ FormFilledOut ΓÇ║ play-test

    thrown: "Exceeded timeout of 15000 ms for a test.
    Add a timeout value to this test to increase the timeout, if this is a long-running test. See 
https://jestjs.io/docs/api#testname-fn-timeout."

    [0m[0m

      at src/stories/LotsOfStories/LotsOfStuff887.stories.ts:277:13
      at src/stories/LotsOfStories/LotsOfStuff887.stories.ts:276:9
      at Object.<anonymous> (src/stories/LotsOfStories/LotsOfStuff887.stories.ts:127:5)

  ΓùÅ Pages/LotsOfStuff887 ΓÇ║ DrawerAndDropdownInteraction ΓÇ║ play-test

    thrown: "Exceeded timeout of 15000 ms for a test.
    Add a timeout value to this test to increase the timeout, if this is a long-running test. See 
https://jestjs.io/docs/api#testname-fn-timeout."

    [0m[0m

      at src/stories/LotsOfStories/LotsOfStuff887.stories.ts:425:13
      at src/stories/LotsOfStories/LotsOfStuff887.stories.ts:424:9
      at Object.<anonymous> (src/stories/LotsOfStories/LotsOfStuff887.stories.ts:127:5)

FAIL browser: chromium src/stories/LotsOfStories/LotsOfStuff881.stories.ts
  ΓùÅ Test suite failed to run

    page.goto: Timeout 30000ms exceeded.
    Call log:
      [2m- navigating to "http://127.0.0.1:6006/iframe.html", waiting until "load"[22m

      at defaultPrepare (node_modules/@storybook/test-runner/dist/index.js:13241:14)
      at setupPage (node_modules/@storybook/test-runner/dist/index.js:13273:11)
      at CustomEnvironment.setup (node_modules/@storybook/test-runner/playwright/custom-environment.js:8:5)

PASS browser: chromium src/stories/LotsOfStories/LotsOfStuff882.stories.ts (49.602 s)
PASS browser: chromium src/stories/LotsOfStories/LotsOfStuff886.stories.ts (49.582 s)
FAIL browser: chromium src/stories/LotsOfStories/LotsOfStuff884.stories.ts (50.58 s)
  ΓùÅ Pages/LotsOfStuff884 ΓÇ║ Default ΓÇ║ smoke-test

    thrown: "Exceeded timeout of 15000 ms for a test.
    Add a timeout value to this test to increase the timeout, if this is a long-running test. See 
https://jestjs.io/docs/api#testname-fn-timeout."

    [0m[0m

      at src/stories/LotsOfStories/LotsOfStuff884.stories.ts:129:13
      at src/stories/LotsOfStories/LotsOfStuff884.stories.ts:128:9
      at Object.<anonymous> (src/stories/LotsOfStories/LotsOfStuff884.stories.ts:127:5)

PASS browser: chromium src/stories/LotsOfStories/LotsOfStuff895.stories.ts (51.276 s)
FAIL browser: chromium src/stories/LotsOfStories/LotsOfStuff888.stories.ts (54.115 s)
  ΓùÅ Console

    console.log
      An error occurred in the following story, most likely because of a navigation: "Pages/LotsOfStuff888/Drawer And Dropdown Interaction". 
Retrying...

      at Object.<anonymous> (src/stories/LotsOfStories/LotsOfStuff888.stories.ts:534:37)

    console.log
      An error occurred in the following story, most likely because of a navigation: "Pages/LotsOfStuff888/Form Filled Out". Retrying...

      at Object.<anonymous> (src/stories/LotsOfStories/LotsOfStuff888.stories.ts:386:37)

    console.log
      An error occurred in the following story, most likely because of a navigation: "Pages/LotsOfStuff888/Default". Retrying...

      at Object.<anonymous> (src/stories/LotsOfStories/LotsOfStuff888.stories.ts:238:37)

  ΓùÅ Pages/LotsOfStuff888 ΓÇ║ Default ΓÇ║ smoke-test

    thrown: "Exceeded timeout of 15000 ms for a test.
    Add a timeout value to this test to increase the timeout, if this is a long-running test. See 
https://jestjs.io/docs/api#testname-fn-timeout."

    [0m[0m

      at src/stories/LotsOfStories/LotsOfStuff888.stories.ts:129:13
      at src/stories/LotsOfStories/LotsOfStuff888.stories.ts:128:9
      at Object.<anonymous> (src/stories/LotsOfStories/LotsOfStuff888.stories.ts:127:5)

  ΓùÅ Pages/LotsOfStuff888 ΓÇ║ FormFilledOut ΓÇ║ play-test

    thrown: "Exceeded timeout of 15000 ms for a test.
    Add a timeout value to this test to increase the timeout, if this is a long-running test. See 
https://jestjs.io/docs/api#testname-fn-timeout."

    [0m[0m

      at src/stories/LotsOfStories/LotsOfStuff888.stories.ts:277:13
      at src/stories/LotsOfStories/LotsOfStuff888.stories.ts:276:9
      at Object.<anonymous> (src/stories/LotsOfStories/LotsOfStuff888.stories.ts:127:5)

  ΓùÅ Pages/LotsOfStuff888 ΓÇ║ DrawerAndDropdownInteraction ΓÇ║ play-test

    page.evaluate: ReferenceError: __test is not defined

      at eval (eval at evaluate (:234:30), <anonymous>:3:57)
      at UtilityScript.evaluate (<anonymous>:236:17)
      at UtilityScript.<anonymous> (<anonymous>:1:44)
      at src/stories/LotsOfStories/LotsOfStuff888.stories.ts:455:58
      at step (src/stories/LotsOfStories/LotsOfStuff888.stories.ts:109:23)
      at Object.next (src/stories/LotsOfStories/LotsOfStuff888.stories.ts:50:20)
      at asyncGeneratorStep (src/stories/LotsOfStories/LotsOfStuff888.stories.ts:4:28)
      at _next (src/stories/LotsOfStories/LotsOfStuff888.stories.ts:22:17)
      at src/stories/LotsOfStories/LotsOfStuff888.stories.ts:27:13
      at src/stories/LotsOfStories/LotsOfStuff888.stories.ts:19:16
      at testFn (src/stories/LotsOfStories/LotsOfStuff888.stories.ts:507:49)
      at Object.<anonymous> (src/stories/LotsOfStories/LotsOfStuff888.stories.ts:549:33)
      at step (src/stories/LotsOfStories/LotsOfStuff888.stories.ts:109:23)
      at Object.next (src/stories/LotsOfStories/LotsOfStuff888.stories.ts:50:20)
      at asyncGeneratorStep (src/stories/LotsOfStories/LotsOfStuff888.stories.ts:4:28)
      at _next (src/stories/LotsOfStories/LotsOfStuff888.stories.ts:22:17)

FAIL browser: chromium src/stories/LotsOfStories/LotsOfStuff899.stories.ts (55.006 s)
  ΓùÅ Console

    console.log
      An error occurred in the following story, most likely because of a navigation: "Pages/LotsOfStuff899/Form Filled Out". Retrying...

      at Object.<anonymous> (src/stories/LotsOfStories/LotsOfStuff899.stories.ts:386:37)

    console.log
      An error occurred in the following story, most likely because of a navigation: "Pages/LotsOfStuff899/Drawer And Dropdown Interaction". 
Retrying...

      at Object.<anonymous> (src/stories/LotsOfStories/LotsOfStuff899.stories.ts:534:37)

    console.log
      An error occurred in the following story, most likely because of a navigation: "Pages/LotsOfStuff899/Default". Retrying...

      at Object.<anonymous> (src/stories/LotsOfStories/LotsOfStuff899.stories.ts:238:37)

  ΓùÅ Pages/LotsOfStuff899 ΓÇ║ Default ΓÇ║ smoke-test

    thrown: "Exceeded timeout of 15000 ms for a test.
    Add a timeout value to this test to increase the timeout, if this is a long-running test. See 
https://jestjs.io/docs/api#testname-fn-timeout."

    [0m[0m

      at src/stories/LotsOfStories/LotsOfStuff899.stories.ts:129:13
      at src/stories/LotsOfStories/LotsOfStuff899.stories.ts:128:9
      at Object.<anonymous> (src/stories/LotsOfStories/LotsOfStuff899.stories.ts:127:5)

  ΓùÅ Pages/LotsOfStuff899 ΓÇ║ FormFilledOut ΓÇ║ play-test

    thrown: "Exceeded timeout of 15000 ms for a test.
    Add a timeout value to this test to increase the timeout, if this is a long-running test. See 
https://jestjs.io/docs/api#testname-fn-timeout."

    [0m[0m

      at src/stories/LotsOfStories/LotsOfStuff899.stories.ts:277:13
      at src/stories/LotsOfStories/LotsOfStuff899.stories.ts:276:9
      at Object.<anonymous> (src/stories/LotsOfStories/LotsOfStuff899.stories.ts:127:5)

  ΓùÅ Pages/LotsOfStuff899 ΓÇ║ DrawerAndDropdownInteraction ΓÇ║ play-test

    page.evaluate: ReferenceError: __test is not defined

      at eval (eval at evaluate (:234:30), <anonymous>:3:57)
      at UtilityScript.evaluate (<anonymous>:236:17)
      at UtilityScript.<anonymous> (<anonymous>:1:44)
      at src/stories/LotsOfStories/LotsOfStuff899.stories.ts:455:58
      at step (src/stories/LotsOfStories/LotsOfStuff899.stories.ts:109:23)
      at Object.next (src/stories/LotsOfStories/LotsOfStuff899.stories.ts:50:20)
      at asyncGeneratorStep (src/stories/LotsOfStories/LotsOfStuff899.stories.ts:4:28)
      at _next (src/stories/LotsOfStories/LotsOfStuff899.stories.ts:22:17)
      at src/stories/LotsOfStories/LotsOfStuff899.stories.ts:27:13
      at src/stories/LotsOfStories/LotsOfStuff899.stories.ts:19:16
      at testFn (src/stories/LotsOfStories/LotsOfStuff899.stories.ts:507:49)
      at Object.<anonymous> (src/stories/LotsOfStories/LotsOfStuff899.stories.ts:549:33)
      at step (src/stories/LotsOfStories/LotsOfStuff899.stories.ts:109:23)
      at Object.next (src/stories/LotsOfStories/LotsOfStuff899.stories.ts:50:20)
      at asyncGeneratorStep (src/stories/LotsOfStories/LotsOfStuff899.stories.ts:4:28)
      at _next (src/stories/LotsOfStories/LotsOfStuff899.stories.ts:22:17)

FAIL browser: chromium src/stories/LotsOfStories/LotsOfStuff893.stories.ts (74.263 s)
  ΓùÅ Console

    console.log
      An error occurred in the following story, most likely because of a navigation: "Pages/LotsOfStuff893/Form Filled Out". Retrying...

      at Object.<anonymous> (src/stories/LotsOfStories/LotsOfStuff893.stories.ts:386:37)

    console.log
      An error occurred in the following story, most likely because of a navigation: "Pages/LotsOfStuff893/Default". Retrying...

      at Object.<anonymous> (src/stories/LotsOfStories/LotsOfStuff893.stories.ts:238:37)

  ΓùÅ Pages/LotsOfStuff893 ΓÇ║ Default ΓÇ║ smoke-test

    thrown: "Exceeded timeout of 15000 ms for a test.
    Add a timeout value to this test to increase the timeout, if this is a long-running test. See 
https://jestjs.io/docs/api#testname-fn-timeout."

    [0m[0m

      at src/stories/LotsOfStories/LotsOfStuff893.stories.ts:129:13
      at src/stories/LotsOfStories/LotsOfStuff893.stories.ts:128:9
      at Object.<anonymous> (src/stories/LotsOfStories/LotsOfStuff893.stories.ts:127:5)

  ΓùÅ Pages/LotsOfStuff893 ΓÇ║ FormFilledOut ΓÇ║ play-test

    thrown: "Exceeded timeout of 15000 ms for a test.
    Add a timeout value to this test to increase the timeout, if this is a long-running test. See 
https://jestjs.io/docs/api#testname-fn-timeout."

    [0m[0m

      at src/stories/LotsOfStories/LotsOfStuff893.stories.ts:277:13
      at src/stories/LotsOfStories/LotsOfStuff893.stories.ts:276:9
      at Object.<anonymous> (src/stories/LotsOfStories/LotsOfStuff893.stories.ts:127:5)

  ΓùÅ Pages/LotsOfStuff893 ΓÇ║ DrawerAndDropdownInteraction ΓÇ║ play-test

    thrown: "Exceeded timeout of 15000 ms for a test.
    Add a timeout value to this test to increase the timeout, if this is a long-running test. See 
https://jestjs.io/docs/api#testname-fn-timeout."

    [0m[0m

      at src/stories/LotsOfStories/LotsOfStuff893.stories.ts:425:13
      at src/stories/LotsOfStories/LotsOfStuff893.stories.ts:424:9
      at Object.<anonymous> (src/stories/LotsOfStories/LotsOfStuff893.stories.ts:127:5)

FAIL browser: chromium src/stories/LotsOfStories/LotsOfStuff891.stories.ts (74.338 s)
  ΓùÅ Console

    console.log
      An error occurred in the following story, most likely because of a navigation: "Pages/LotsOfStuff891/Form Filled Out". Retrying...

      at Object.<anonymous> (src/stories/LotsOfStories/LotsOfStuff891.stories.ts:386:37)

    console.log
      An error occurred in the following story, most likely because of a navigation: "Pages/LotsOfStuff891/Default". Retrying...

      at Object.<anonymous> (src/stories/LotsOfStories/LotsOfStuff891.stories.ts:238:37)

  ΓùÅ Pages/LotsOfStuff891 ΓÇ║ Default ΓÇ║ smoke-test

    thrown: "Exceeded timeout of 15000 ms for a test.
    Add a timeout value to this test to increase the timeout, if this is a long-running test. See 
https://jestjs.io/docs/api#testname-fn-timeout."

    [0m[0m

      at src/stories/LotsOfStories/LotsOfStuff891.stories.ts:129:13
      at src/stories/LotsOfStories/LotsOfStuff891.stories.ts:128:9
      at Object.<anonymous> (src/stories/LotsOfStories/LotsOfStuff891.stories.ts:127:5)

  ΓùÅ Pages/LotsOfStuff891 ΓÇ║ FormFilledOut ΓÇ║ play-test

    thrown: "Exceeded timeout of 15000 ms for a test.
    Add a timeout value to this test to increase the timeout, if this is a long-running test. See 
https://jestjs.io/docs/api#testname-fn-timeout."

    [0m[0m

      at src/stories/LotsOfStories/LotsOfStuff891.stories.ts:277:13
      at src/stories/LotsOfStories/LotsOfStuff891.stories.ts:276:9
      at Object.<anonymous> (src/stories/LotsOfStories/LotsOfStuff891.stories.ts:127:5)

  ΓùÅ Pages/LotsOfStuff891 ΓÇ║ DrawerAndDropdownInteraction ΓÇ║ play-test

    thrown: "Exceeded timeout of 15000 ms for a test.
    Add a timeout value to this test to increase the timeout, if this is a long-running test. See 
https://jestjs.io/docs/api#testname-fn-timeout."

    [0m[0m

      at src/stories/LotsOfStories/LotsOfStuff891.stories.ts:425:13
      at src/stories/LotsOfStories/LotsOfStuff891.stories.ts:424:9
      at Object.<anonymous> (src/stories/LotsOfStories/LotsOfStuff891.stories.ts:127:5)

FAIL browser: chromium src/stories/LotsOfStories/LotsOfStuff865.stories.ts
  ΓùÅ Test suite failed to run

    page.goto: Timeout 30000ms exceeded.
    Call log:
      [2m- navigating to "http://127.0.0.1:6006/iframe.html", waiting until "load"[22m

      at defaultPrepare (node_modules/@storybook/test-runner/dist/index.js:13241:14)
      at setupPage (node_modules/@storybook/test-runner/dist/index.js:13273:11)
      at CustomEnvironment.setup (node_modules/@storybook/test-runner/playwright/custom-environment.js:8:5)

FAIL browser: chromium src/stories/LotsOfStories/LotsOfStuff864.stories.ts
  ΓùÅ Test suite failed to run

    page.goto: Timeout 30000ms exceeded.
    Call log:
      [2m- navigating to "http://127.0.0.1:6006/iframe.html", waiting until "load"[22m

      at defaultPrepare (node_modules/@storybook/test-runner/dist/index.js:13241:14)
      at setupPage (node_modules/@storybook/test-runner/dist/index.js:13273:11)
      at CustomEnvironment.setup (node_modules/@storybook/test-runner/playwright/custom-environment.js:8:5)

FAIL browser: chromium src/stories/LotsOfStories/LotsOfStuff880.stories.ts (47.865 s)
  ΓùÅ Pages/LotsOfStuff880 ΓÇ║ Default ΓÇ║ smoke-test

    thrown: "Exceeded timeout of 15000 ms for a test.
    Add a timeout value to this test to increase the timeout, if this is a long-running test. See 
https://jestjs.io/docs/api#testname-fn-timeout."

    [0m[0m

      at src/stories/LotsOfStories/LotsOfStuff880.stories.ts:129:13
      at src/stories/LotsOfStories/LotsOfStuff880.stories.ts:128:9
      at Object.<anonymous> (src/stories/LotsOfStories/LotsOfStuff880.stories.ts:127:5)

  ΓùÅ Pages/LotsOfStuff880 ΓÇ║ FormFilledOut ΓÇ║ play-test

    thrown: "Exceeded timeout of 15000 ms for a test.
    Add a timeout value to this test to increase the timeout, if this is a long-running test. See 
https://jestjs.io/docs/api#testname-fn-timeout."

    [0m[0m

      at src/stories/LotsOfStories/LotsOfStuff880.stories.ts:277:13
      at src/stories/LotsOfStories/LotsOfStuff880.stories.ts:276:9
      at Object.<anonymous> (src/stories/LotsOfStories/LotsOfStuff880.stories.ts:127:5)

FAIL browser: chromium src/stories/LotsOfStories/LotsOfStuff872.stories.ts (42.357 s)
  ΓùÅ Pages/LotsOfStuff872 ΓÇ║ Default ΓÇ║ smoke-test

    thrown: "Exceeded timeout of 15000 ms for a test.
    Add a timeout value to this test to increase the timeout, if this is a long-running test. See 
https://jestjs.io/docs/api#testname-fn-timeout."

    [0m[0m

      at src/stories/LotsOfStories/LotsOfStuff872.stories.ts:129:13
      at src/stories/LotsOfStories/LotsOfStuff872.stories.ts:128:9
      at Object.<anonymous> (src/stories/LotsOfStories/LotsOfStuff872.stories.ts:127:5)

  ΓùÅ Pages/LotsOfStuff872 ΓÇ║ FormFilledOut ΓÇ║ play-test

    thrown: "Exceeded timeout of 15000 ms for a test.
    Add a timeout value to this test to increase the timeout, if this is a long-running test. See 
https://jestjs.io/docs/api#testname-fn-timeout."

    [0m[0m

      at src/stories/LotsOfStories/LotsOfStuff872.stories.ts:277:13
      at src/stories/LotsOfStories/LotsOfStuff872.stories.ts:276:9
      at Object.<anonymous> (src/stories/LotsOfStories/LotsOfStuff872.stories.ts:127:5)

  ΓùÅ Pages/LotsOfStuff872 ΓÇ║ DrawerAndDropdownInteraction ΓÇ║ play-test

    page.evaluate: StorybookTestRunnerError: 
    An error occurred in the following story. Access the link for full output:
    http://127.0.0.1:6006/?path=/story/pages-lotsofstuff872--drawer-and-dropdown-interaction&addonPanel=storybook/interactions/panel

    Message:
     Cannot update an unmounted root.

    [0m[0m

      at src/stories/LotsOfStories/LotsOfStuff872.stories.ts:455:58
      at step (src/stories/LotsOfStories/LotsOfStuff872.stories.ts:109:23)
      at Object.next (src/stories/LotsOfStories/LotsOfStuff872.stories.ts:50:20)
      at asyncGeneratorStep (src/stories/LotsOfStories/LotsOfStuff872.stories.ts:4:28)
      at _next (src/stories/LotsOfStories/LotsOfStuff872.stories.ts:22:17)
      at src/stories/LotsOfStories/LotsOfStuff872.stories.ts:27:13
      at src/stories/LotsOfStories/LotsOfStuff872.stories.ts:19:16
      at testFn (src/stories/LotsOfStories/LotsOfStuff872.stories.ts:507:49)
      at Object.<anonymous> (src/stories/LotsOfStories/LotsOfStuff872.stories.ts:520:33)
      at step (src/stories/LotsOfStories/LotsOfStuff872.stories.ts:109:23)
      at Object.next (src/stories/LotsOfStories/LotsOfStuff872.stories.ts:50:20)
      at asyncGeneratorStep (src/stories/LotsOfStories/LotsOfStuff872.stories.ts:4:28)
      at _next (src/stories/LotsOfStories/LotsOfStuff872.stories.ts:22:17)
      at src/stories/LotsOfStories/LotsOfStuff872.stories.ts:27:13
      at Object.<anonymous> (src/stories/LotsOfStories/LotsOfStuff872.stories.ts:19:16)

FAIL browser: chromium src/stories/LotsOfStories/LotsOfStuff876.stories.ts (43.262 s)
  ΓùÅ Pages/LotsOfStuff876 ΓÇ║ Default ΓÇ║ smoke-test

    thrown: "Exceeded timeout of 15000 ms for a test.
    Add a timeout value to this test to increase the timeout, if this is a long-running test. See 
https://jestjs.io/docs/api#testname-fn-timeout."

    [0m[0m

      at src/stories/LotsOfStories/LotsOfStuff876.stories.ts:129:13
      at src/stories/LotsOfStories/LotsOfStuff876.stories.ts:128:9
      at Object.<anonymous> (src/stories/LotsOfStories/LotsOfStuff876.stories.ts:127:5)

  ΓùÅ Pages/LotsOfStuff876 ΓÇ║ FormFilledOut ΓÇ║ play-test

    thrown: "Exceeded timeout of 15000 ms for a test.
    Add a timeout value to this test to increase the timeout, if this is a long-running test. See 
https://jestjs.io/docs/api#testname-fn-timeout."

    [0m[0m

      at src/stories/LotsOfStories/LotsOfStuff876.stories.ts:277:13
      at src/stories/LotsOfStories/LotsOfStuff876.stories.ts:276:9
      at Object.<anonymous> (src/stories/LotsOfStories/LotsOfStuff876.stories.ts:127:5)

  ΓùÅ Pages/LotsOfStuff876 ΓÇ║ DrawerAndDropdownInteraction ΓÇ║ play-test

    page.evaluate: StorybookTestRunnerError: 
    An error occurred in the following story. Access the link for full output:
    http://127.0.0.1:6006/?path=/story/pages-lotsofstuff876--drawer-and-dropdown-interaction&addonPanel=storybook/interactions/panel

    Message:
     Cannot update an unmounted root.

    [0m[0m

      at src/stories/LotsOfStories/LotsOfStuff876.stories.ts:455:58
      at step (src/stories/LotsOfStories/LotsOfStuff876.stories.ts:109:23)
      at Object.next (src/stories/LotsOfStories/LotsOfStuff876.stories.ts:50:20)
      at asyncGeneratorStep (src/stories/LotsOfStories/LotsOfStuff876.stories.ts:4:28)
      at _next (src/stories/LotsOfStories/LotsOfStuff876.stories.ts:22:17)
      at src/stories/LotsOfStories/LotsOfStuff876.stories.ts:27:13
      at src/stories/LotsOfStories/LotsOfStuff876.stories.ts:19:16
      at testFn (src/stories/LotsOfStories/LotsOfStuff876.stories.ts:507:49)
      at Object.<anonymous> (src/stories/LotsOfStories/LotsOfStuff876.stories.ts:520:33)
      at step (src/stories/LotsOfStories/LotsOfStuff876.stories.ts:109:23)
      at Object.next (src/stories/LotsOfStories/LotsOfStuff876.stories.ts:50:20)
      at asyncGeneratorStep (src/stories/LotsOfStories/LotsOfStuff876.stories.ts:4:28)
      at _next (src/stories/LotsOfStories/LotsOfStuff876.stories.ts:22:17)
      at src/stories/LotsOfStories/LotsOfStuff876.stories.ts:27:13
      at Object.<anonymous> (src/stories/LotsOfStories/LotsOfStuff876.stories.ts:19:16)

FAIL browser: chromium src/stories/LotsOfStories/LotsOfStuff871.stories.ts (42.955 s)
  ΓùÅ Pages/LotsOfStuff871 ΓÇ║ Default ΓÇ║ smoke-test

    thrown: "Exceeded timeout of 15000 ms for a test.
    Add a timeout value to this test to increase the timeout, if this is a long-running test. See 
https://jestjs.io/docs/api#testname-fn-timeout."

    [0m[0m

      at src/stories/LotsOfStories/LotsOfStuff871.stories.ts:129:13
      at src/stories/LotsOfStories/LotsOfStuff871.stories.ts:128:9
      at Object.<anonymous> (src/stories/LotsOfStories/LotsOfStuff871.stories.ts:127:5)

  ΓùÅ Pages/LotsOfStuff871 ΓÇ║ FormFilledOut ΓÇ║ play-test

    thrown: "Exceeded timeout of 15000 ms for a test.
    Add a timeout value to this test to increase the timeout, if this is a long-running test. See 
https://jestjs.io/docs/api#testname-fn-timeout."

    [0m[0m

      at src/stories/LotsOfStories/LotsOfStuff871.stories.ts:277:13
      at src/stories/LotsOfStories/LotsOfStuff871.stories.ts:276:9
      at Object.<anonymous> (src/stories/LotsOfStories/LotsOfStuff871.stories.ts:127:5)

  ΓùÅ Pages/LotsOfStuff871 ΓÇ║ DrawerAndDropdownInteraction ΓÇ║ play-test

    page.evaluate: StorybookTestRunnerError: 
    An error occurred in the following story. Access the link for full output:
    http://127.0.0.1:6006/?path=/story/pages-lotsofstuff871--drawer-and-dropdown-interaction&addonPanel=storybook/interactions/panel

    Message:
     Cannot update an unmounted root.

    [0m[0m

      at src/stories/LotsOfStories/LotsOfStuff871.stories.ts:455:58
      at step (src/stories/LotsOfStories/LotsOfStuff871.stories.ts:109:23)
      at Object.next (src/stories/LotsOfStories/LotsOfStuff871.stories.ts:50:20)
      at asyncGeneratorStep (src/stories/LotsOfStories/LotsOfStuff871.stories.ts:4:28)
      at _next (src/stories/LotsOfStories/LotsOfStuff871.stories.ts:22:17)
      at src/stories/LotsOfStories/LotsOfStuff871.stories.ts:27:13
      at src/stories/LotsOfStories/LotsOfStuff871.stories.ts:19:16
      at testFn (src/stories/LotsOfStories/LotsOfStuff871.stories.ts:507:49)
      at Object.<anonymous> (src/stories/LotsOfStories/LotsOfStuff871.stories.ts:520:33)
      at step (src/stories/LotsOfStories/LotsOfStuff871.stories.ts:109:23)
      at Object.next (src/stories/LotsOfStories/LotsOfStuff871.stories.ts:50:20)
      at asyncGeneratorStep (src/stories/LotsOfStories/LotsOfStuff871.stories.ts:4:28)
      at _next (src/stories/LotsOfStories/LotsOfStuff871.stories.ts:22:17)
      at src/stories/LotsOfStories/LotsOfStuff871.stories.ts:27:13
      at Object.<anonymous> (src/stories/LotsOfStories/LotsOfStuff871.stories.ts:19:16)

FAIL browser: chromium src/stories/LotsOfStories/LotsOfStuff873.stories.ts (42.986 s)
  ΓùÅ Pages/LotsOfStuff873 ΓÇ║ Default ΓÇ║ smoke-test

    thrown: "Exceeded timeout of 15000 ms for a test.
    Add a timeout value to this test to increase the timeout, if this is a long-running test. See 
https://jestjs.io/docs/api#testname-fn-timeout."

    [0m[0m

      at src/stories/LotsOfStories/LotsOfStuff873.stories.ts:129:13
      at src/stories/LotsOfStories/LotsOfStuff873.stories.ts:128:9
      at Object.<anonymous> (src/stories/LotsOfStories/LotsOfStuff873.stories.ts:127:5)

  ΓùÅ Pages/LotsOfStuff873 ΓÇ║ FormFilledOut ΓÇ║ play-test

    thrown: "Exceeded timeout of 15000 ms for a test.
    Add a timeout value to this test to increase the timeout, if this is a long-running test. See 
https://jestjs.io/docs/api#testname-fn-timeout."

    [0m[0m

      at src/stories/LotsOfStories/LotsOfStuff873.stories.ts:277:13
      at src/stories/LotsOfStories/LotsOfStuff873.stories.ts:276:9
      at Object.<anonymous> (src/stories/LotsOfStories/LotsOfStuff873.stories.ts:127:5)

  ΓùÅ Pages/LotsOfStuff873 ΓÇ║ DrawerAndDropdownInteraction ΓÇ║ play-test

    page.evaluate: StorybookTestRunnerError: 
    An error occurred in the following story. Access the link for full output:
    http://127.0.0.1:6006/?path=/story/pages-lotsofstuff873--drawer-and-dropdown-interaction&addonPanel=storybook/interactions/panel

    Message:
     Cannot update an unmounted root.

    [0m[0m

      at src/stories/LotsOfStories/LotsOfStuff873.stories.ts:455:58
      at step (src/stories/LotsOfStories/LotsOfStuff873.stories.ts:109:23)
      at Object.next (src/stories/LotsOfStories/LotsOfStuff873.stories.ts:50:20)
      at asyncGeneratorStep (src/stories/LotsOfStories/LotsOfStuff873.stories.ts:4:28)
      at _next (src/stories/LotsOfStories/LotsOfStuff873.stories.ts:22:17)
      at src/stories/LotsOfStories/LotsOfStuff873.stories.ts:27:13
      at src/stories/LotsOfStories/LotsOfStuff873.stories.ts:19:16
      at testFn (src/stories/LotsOfStories/LotsOfStuff873.stories.ts:507:49)
      at Object.<anonymous> (src/stories/LotsOfStories/LotsOfStuff873.stories.ts:520:33)
      at step (src/stories/LotsOfStories/LotsOfStuff873.stories.ts:109:23)
      at Object.next (src/stories/LotsOfStories/LotsOfStuff873.stories.ts:50:20)
      at asyncGeneratorStep (src/stories/LotsOfStories/LotsOfStuff873.stories.ts:4:28)
      at _next (src/stories/LotsOfStories/LotsOfStuff873.stories.ts:22:17)
      at src/stories/LotsOfStories/LotsOfStuff873.stories.ts:27:13
      at Object.<anonymous> (src/stories/LotsOfStories/LotsOfStuff873.stories.ts:19:16)

FAIL browser: chromium src/stories/LotsOfStories/LotsOfStuff877.stories.ts (43.063 s)
  ΓùÅ Pages/LotsOfStuff877 ΓÇ║ Default ΓÇ║ smoke-test

    thrown: "Exceeded timeout of 15000 ms for a test.
    Add a timeout value to this test to increase the timeout, if this is a long-running test. See 
https://jestjs.io/docs/api#testname-fn-timeout."

    [0m[0m

      at src/stories/LotsOfStories/LotsOfStuff877.stories.ts:129:13
      at src/stories/LotsOfStories/LotsOfStuff877.stories.ts:128:9
      at Object.<anonymous> (src/stories/LotsOfStories/LotsOfStuff877.stories.ts:127:5)

  ΓùÅ Pages/LotsOfStuff877 ΓÇ║ FormFilledOut ΓÇ║ play-test

    thrown: "Exceeded timeout of 15000 ms for a test.
    Add a timeout value to this test to increase the timeout, if this is a long-running test. See 
https://jestjs.io/docs/api#testname-fn-timeout."

    [0m[0m

      at src/stories/LotsOfStories/LotsOfStuff877.stories.ts:277:13
      at src/stories/LotsOfStories/LotsOfStuff877.stories.ts:276:9
      at Object.<anonymous> (src/stories/LotsOfStories/LotsOfStuff877.stories.ts:127:5)

  ΓùÅ Pages/LotsOfStuff877 ΓÇ║ DrawerAndDropdownInteraction ΓÇ║ play-test

    page.evaluate: StorybookTestRunnerError: 
    An error occurred in the following story. Access the link for full output:
    http://127.0.0.1:6006/?path=/story/pages-lotsofstuff877--drawer-and-dropdown-interaction&addonPanel=storybook/interactions/panel

    Message:
     Cannot update an unmounted root.

    [0m[0m

      at src/stories/LotsOfStories/LotsOfStuff877.stories.ts:455:58
      at step (src/stories/LotsOfStories/LotsOfStuff877.stories.ts:109:23)
      at Object.next (src/stories/LotsOfStories/LotsOfStuff877.stories.ts:50:20)
      at asyncGeneratorStep (src/stories/LotsOfStories/LotsOfStuff877.stories.ts:4:28)
      at _next (src/stories/LotsOfStories/LotsOfStuff877.stories.ts:22:17)
      at src/stories/LotsOfStories/LotsOfStuff877.stories.ts:27:13
      at src/stories/LotsOfStories/LotsOfStuff877.stories.ts:19:16
      at testFn (src/stories/LotsOfStories/LotsOfStuff877.stories.ts:507:49)
      at Object.<anonymous> (src/stories/LotsOfStories/LotsOfStuff877.stories.ts:520:33)
      at step (src/stories/LotsOfStories/LotsOfStuff877.stories.ts:109:23)
      at Object.next (src/stories/LotsOfStories/LotsOfStuff877.stories.ts:50:20)
      at asyncGeneratorStep (src/stories/LotsOfStories/LotsOfStuff877.stories.ts:4:28)
      at _next (src/stories/LotsOfStories/LotsOfStuff877.stories.ts:22:17)
      at src/stories/LotsOfStories/LotsOfStuff877.stories.ts:27:13
      at Object.<anonymous> (src/stories/LotsOfStories/LotsOfStuff877.stories.ts:19:16)

FAIL browser: chromium src/stories/LotsOfStories/LotsOfStuff875.stories.ts (42.542 s)
  ΓùÅ Pages/LotsOfStuff875 ΓÇ║ Default ΓÇ║ smoke-test

    thrown: "Exceeded timeout of 15000 ms for a test.
    Add a timeout value to this test to increase the timeout, if this is a long-running test. See 
https://jestjs.io/docs/api#testname-fn-timeout."

    [0m[0m

      at src/stories/LotsOfStories/LotsOfStuff875.stories.ts:129:13
      at src/stories/LotsOfStories/LotsOfStuff875.stories.ts:128:9
      at Object.<anonymous> (src/stories/LotsOfStories/LotsOfStuff875.stories.ts:127:5)

  ΓùÅ Pages/LotsOfStuff875 ΓÇ║ FormFilledOut ΓÇ║ play-test

    thrown: "Exceeded timeout of 15000 ms for a test.
    Add a timeout value to this test to increase the timeout, if this is a long-running test. See 
https://jestjs.io/docs/api#testname-fn-timeout."

    [0m[0m

      at src/stories/LotsOfStories/LotsOfStuff875.stories.ts:277:13
      at src/stories/LotsOfStories/LotsOfStuff875.stories.ts:276:9
      at Object.<anonymous> (src/stories/LotsOfStories/LotsOfStuff875.stories.ts:127:5)

  ΓùÅ Pages/LotsOfStuff875 ΓÇ║ DrawerAndDropdownInteraction ΓÇ║ play-test

    page.evaluate: StorybookTestRunnerError: 
    An error occurred in the following story. Access the link for full output:
    http://127.0.0.1:6006/?path=/story/pages-lotsofstuff875--drawer-and-dropdown-interaction&addonPanel=storybook/interactions/panel

    Message:
     Cannot update an unmounted root.

    [0m[0m

      at src/stories/LotsOfStories/LotsOfStuff875.stories.ts:455:58
      at step (src/stories/LotsOfStories/LotsOfStuff875.stories.ts:109:23)
      at Object.next (src/stories/LotsOfStories/LotsOfStuff875.stories.ts:50:20)
      at asyncGeneratorStep (src/stories/LotsOfStories/LotsOfStuff875.stories.ts:4:28)
      at _next (src/stories/LotsOfStories/LotsOfStuff875.stories.ts:22:17)
      at src/stories/LotsOfStories/LotsOfStuff875.stories.ts:27:13
      at src/stories/LotsOfStories/LotsOfStuff875.stories.ts:19:16
      at testFn (src/stories/LotsOfStories/LotsOfStuff875.stories.ts:507:49)
      at Object.<anonymous> (src/stories/LotsOfStories/LotsOfStuff875.stories.ts:520:33)
      at step (src/stories/LotsOfStories/LotsOfStuff875.stories.ts:109:23)
      at Object.next (src/stories/LotsOfStories/LotsOfStuff875.stories.ts:50:20)
      at asyncGeneratorStep (src/stories/LotsOfStories/LotsOfStuff875.stories.ts:4:28)
      at _next (src/stories/LotsOfStories/LotsOfStuff875.stories.ts:22:17)
      at src/stories/LotsOfStories/LotsOfStuff875.stories.ts:27:13
      at Object.<anonymous> (src/stories/LotsOfStories/LotsOfStuff875.stories.ts:19:16)

FAIL browser: chromium src/stories/LotsOfStories/LotsOfStuff878.stories.ts (44.609 s)
  ΓùÅ Pages/LotsOfStuff878 ΓÇ║ Default ΓÇ║ smoke-test

    thrown: "Exceeded timeout of 15000 ms for a test.
    Add a timeout value to this test to increase the timeout, if this is a long-running test. See 
https://jestjs.io/docs/api#testname-fn-timeout."

    [0m[0m

      at src/stories/LotsOfStories/LotsOfStuff878.stories.ts:129:13
      at src/stories/LotsOfStories/LotsOfStuff878.stories.ts:128:9
      at Object.<anonymous> (src/stories/LotsOfStories/LotsOfStuff878.stories.ts:127:5)

  ΓùÅ Pages/LotsOfStuff878 ΓÇ║ FormFilledOut ΓÇ║ play-test

    thrown: "Exceeded timeout of 15000 ms for a test.
    Add a timeout value to this test to increase the timeout, if this is a long-running test. See 
https://jestjs.io/docs/api#testname-fn-timeout."

    [0m[0m

      at src/stories/LotsOfStories/LotsOfStuff878.stories.ts:277:13
      at src/stories/LotsOfStories/LotsOfStuff878.stories.ts:276:9
      at Object.<anonymous> (src/stories/LotsOfStories/LotsOfStuff878.stories.ts:127:5)

  ΓùÅ Pages/LotsOfStuff878 ΓÇ║ DrawerAndDropdownInteraction ΓÇ║ play-test

    page.evaluate: StorybookTestRunnerError: 
    An error occurred in the following story. Access the link for full output:
    http://127.0.0.1:6006/?path=/story/pages-lotsofstuff878--drawer-and-dropdown-interaction&addonPanel=storybook/interactions/panel

    Message:
     Cannot update an unmounted root.

    [0m[0m

      at src/stories/LotsOfStories/LotsOfStuff878.stories.ts:455:58
      at step (src/stories/LotsOfStories/LotsOfStuff878.stories.ts:109:23)
      at Object.next (src/stories/LotsOfStories/LotsOfStuff878.stories.ts:50:20)
      at asyncGeneratorStep (src/stories/LotsOfStories/LotsOfStuff878.stories.ts:4:28)
      at _next (src/stories/LotsOfStories/LotsOfStuff878.stories.ts:22:17)
      at src/stories/LotsOfStories/LotsOfStuff878.stories.ts:27:13
      at src/stories/LotsOfStories/LotsOfStuff878.stories.ts:19:16
      at testFn (src/stories/LotsOfStories/LotsOfStuff878.stories.ts:507:49)
      at Object.<anonymous> (src/stories/LotsOfStories/LotsOfStuff878.stories.ts:520:33)
      at step (src/stories/LotsOfStories/LotsOfStuff878.stories.ts:109:23)
      at Object.next (src/stories/LotsOfStories/LotsOfStuff878.stories.ts:50:20)
      at asyncGeneratorStep (src/stories/LotsOfStories/LotsOfStuff878.stories.ts:4:28)
      at _next (src/stories/LotsOfStories/LotsOfStuff878.stories.ts:22:17)
      at src/stories/LotsOfStories/LotsOfStuff878.stories.ts:27:13
      at Object.<anonymous> (src/stories/LotsOfStories/LotsOfStuff878.stories.ts:19:16)

FAIL browser: chromium src/stories/LotsOfStories/LotsOfStuff879.stories.ts (49.154 s)
  ΓùÅ Pages/LotsOfStuff879 ΓÇ║ Default ΓÇ║ smoke-test

    thrown: "Exceeded timeout of 15000 ms for a test.
    Add a timeout value to this test to increase the timeout, if this is a long-running test. See 
https://jestjs.io/docs/api#testname-fn-timeout."

    [0m[0m

      at src/stories/LotsOfStories/LotsOfStuff879.stories.ts:129:13
      at src/stories/LotsOfStories/LotsOfStuff879.stories.ts:128:9
      at Object.<anonymous> (src/stories/LotsOfStories/LotsOfStuff879.stories.ts:127:5)

  ΓùÅ Pages/LotsOfStuff879 ΓÇ║ FormFilledOut ΓÇ║ play-test

    thrown: "Exceeded timeout of 15000 ms for a test.
    Add a timeout value to this test to increase the timeout, if this is a long-running test. See 
https://jestjs.io/docs/api#testname-fn-timeout."

    [0m[0m

      at src/stories/LotsOfStories/LotsOfStuff879.stories.ts:277:13
      at src/stories/LotsOfStories/LotsOfStuff879.stories.ts:276:9
      at Object.<anonymous> (src/stories/LotsOfStories/LotsOfStuff879.stories.ts:127:5)

  ΓùÅ Pages/LotsOfStuff879 ΓÇ║ DrawerAndDropdownInteraction ΓÇ║ play-test

    page.evaluate: StorybookTestRunnerError: 
    An error occurred in the following story. Access the link for full output:
    http://127.0.0.1:6006/?path=/story/pages-lotsofstuff879--drawer-and-dropdown-interaction&addonPanel=storybook/interactions/panel

    Message:
     Cannot update an unmounted root.

    [0m[0m

      at src/stories/LotsOfStories/LotsOfStuff879.stories.ts:455:58
      at step (src/stories/LotsOfStories/LotsOfStuff879.stories.ts:109:23)
      at Object.next (src/stories/LotsOfStories/LotsOfStuff879.stories.ts:50:20)
      at asyncGeneratorStep (src/stories/LotsOfStories/LotsOfStuff879.stories.ts:4:28)
      at _next (src/stories/LotsOfStories/LotsOfStuff879.stories.ts:22:17)
      at src/stories/LotsOfStories/LotsOfStuff879.stories.ts:27:13
      at src/stories/LotsOfStories/LotsOfStuff879.stories.ts:19:16
      at testFn (src/stories/LotsOfStories/LotsOfStuff879.stories.ts:507:49)
      at Object.<anonymous> (src/stories/LotsOfStories/LotsOfStuff879.stories.ts:520:33)
      at step (src/stories/LotsOfStories/LotsOfStuff879.stories.ts:109:23)
      at Object.next (src/stories/LotsOfStories/LotsOfStuff879.stories.ts:50:20)
      at asyncGeneratorStep (src/stories/LotsOfStories/LotsOfStuff879.stories.ts:4:28)
      at _next (src/stories/LotsOfStories/LotsOfStuff879.stories.ts:22:17)
      at src/stories/LotsOfStories/LotsOfStuff879.stories.ts:27:13
      at Object.<anonymous> (src/stories/LotsOfStories/LotsOfStuff879.stories.ts:19:16)

FAIL browser: chromium src/stories/LotsOfStories/LotsOfStuff867.stories.ts (42.82 s)
  ΓùÅ Pages/LotsOfStuff867 ΓÇ║ Default ΓÇ║ smoke-test

    thrown: "Exceeded timeout of 15000 ms for a test.
    Add a timeout value to this test to increase the timeout, if this is a long-running test. See 
https://jestjs.io/docs/api#testname-fn-timeout."

    [0m[0m

      at src/stories/LotsOfStories/LotsOfStuff867.stories.ts:129:13
      at src/stories/LotsOfStories/LotsOfStuff867.stories.ts:128:9
      at Object.<anonymous> (src/stories/LotsOfStories/LotsOfStuff867.stories.ts:127:5)

  ΓùÅ Pages/LotsOfStuff867 ΓÇ║ FormFilledOut ΓÇ║ play-test

    thrown: "Exceeded timeout of 15000 ms for a test.
    Add a timeout value to this test to increase the timeout, if this is a long-running test. See 
https://jestjs.io/docs/api#testname-fn-timeout."

    [0m[0m

      at src/stories/LotsOfStories/LotsOfStuff867.stories.ts:277:13
      at src/stories/LotsOfStories/LotsOfStuff867.stories.ts:276:9
      at Object.<anonymous> (src/stories/LotsOfStories/LotsOfStuff867.stories.ts:127:5)

  ΓùÅ Pages/LotsOfStuff867 ΓÇ║ DrawerAndDropdownInteraction ΓÇ║ play-test

    page.evaluate: StorybookTestRunnerError: 
    An error occurred in the following story. Access the link for full output:
    http://127.0.0.1:6006/?path=/story/pages-lotsofstuff867--drawer-and-dropdown-interaction&addonPanel=storybook/interactions/panel

    Message:
     Cannot update an unmounted root.

    [0m[0m

      at src/stories/LotsOfStories/LotsOfStuff867.stories.ts:455:58
      at step (src/stories/LotsOfStories/LotsOfStuff867.stories.ts:109:23)
      at Object.next (src/stories/LotsOfStories/LotsOfStuff867.stories.ts:50:20)
      at asyncGeneratorStep (src/stories/LotsOfStories/LotsOfStuff867.stories.ts:4:28)
      at _next (src/stories/LotsOfStories/LotsOfStuff867.stories.ts:22:17)
      at src/stories/LotsOfStories/LotsOfStuff867.stories.ts:27:13
      at src/stories/LotsOfStories/LotsOfStuff867.stories.ts:19:16
      at testFn (src/stories/LotsOfStories/LotsOfStuff867.stories.ts:507:49)
      at Object.<anonymous> (src/stories/LotsOfStories/LotsOfStuff867.stories.ts:520:33)
      at step (src/stories/LotsOfStories/LotsOfStuff867.stories.ts:109:23)
      at Object.next (src/stories/LotsOfStories/LotsOfStuff867.stories.ts:50:20)
      at asyncGeneratorStep (src/stories/LotsOfStories/LotsOfStuff867.stories.ts:4:28)
      at _next (src/stories/LotsOfStories/LotsOfStuff867.stories.ts:22:17)
      at src/stories/LotsOfStories/LotsOfStuff867.stories.ts:27:13
      at Object.<anonymous> (src/stories/LotsOfStories/LotsOfStuff867.stories.ts:19:16)

FAIL browser: chromium src/stories/LotsOfStories/LotsOfStuff868.stories.ts (44.031 s)
  ΓùÅ Pages/LotsOfStuff868 ΓÇ║ Default ΓÇ║ smoke-test

    thrown: "Exceeded timeout of 15000 ms for a test.
    Add a timeout value to this test to increase the timeout, if this is a long-running test. See 
https://jestjs.io/docs/api#testname-fn-timeout."

    [0m[0m

      at src/stories/LotsOfStories/LotsOfStuff868.stories.ts:129:13
      at src/stories/LotsOfStories/LotsOfStuff868.stories.ts:128:9
      at Object.<anonymous> (src/stories/LotsOfStories/LotsOfStuff868.stories.ts:127:5)

  ΓùÅ Pages/LotsOfStuff868 ΓÇ║ FormFilledOut ΓÇ║ play-test

    thrown: "Exceeded timeout of 15000 ms for a test.
    Add a timeout value to this test to increase the timeout, if this is a long-running test. See 
https://jestjs.io/docs/api#testname-fn-timeout."

    [0m[0m

      at src/stories/LotsOfStories/LotsOfStuff868.stories.ts:277:13
      at src/stories/LotsOfStories/LotsOfStuff868.stories.ts:276:9
      at Object.<anonymous> (src/stories/LotsOfStories/LotsOfStuff868.stories.ts:127:5)

  ΓùÅ Pages/LotsOfStuff868 ΓÇ║ DrawerAndDropdownInteraction ΓÇ║ play-test

    page.evaluate: StorybookTestRunnerError: 
    An error occurred in the following story. Access the link for full output:
    http://127.0.0.1:6006/?path=/story/pages-lotsofstuff868--drawer-and-dropdown-interaction&addonPanel=storybook/interactions/panel

    Message:
     Cannot update an unmounted root.

    [0m[0m

      at src/stories/LotsOfStories/LotsOfStuff868.stories.ts:455:58
      at step (src/stories/LotsOfStories/LotsOfStuff868.stories.ts:109:23)
      at Object.next (src/stories/LotsOfStories/LotsOfStuff868.stories.ts:50:20)
      at asyncGeneratorStep (src/stories/LotsOfStories/LotsOfStuff868.stories.ts:4:28)
      at _next (src/stories/LotsOfStories/LotsOfStuff868.stories.ts:22:17)
      at src/stories/LotsOfStories/LotsOfStuff868.stories.ts:27:13
      at src/stories/LotsOfStories/LotsOfStuff868.stories.ts:19:16
      at testFn (src/stories/LotsOfStories/LotsOfStuff868.stories.ts:507:49)
      at Object.<anonymous> (src/stories/LotsOfStories/LotsOfStuff868.stories.ts:520:33)
      at step (src/stories/LotsOfStories/LotsOfStuff868.stories.ts:109:23)
      at Object.next (src/stories/LotsOfStories/LotsOfStuff868.stories.ts:50:20)
      at asyncGeneratorStep (src/stories/LotsOfStories/LotsOfStuff868.stories.ts:4:28)
      at _next (src/stories/LotsOfStories/LotsOfStuff868.stories.ts:22:17)
      at src/stories/LotsOfStories/LotsOfStuff868.stories.ts:27:13
      at Object.<anonymous> (src/stories/LotsOfStories/LotsOfStuff868.stories.ts:19:16)

FAIL browser: chromium src/stories/LotsOfStories/LotsOfStuff866.stories.ts (42.29 s)
  ΓùÅ Pages/LotsOfStuff866 ΓÇ║ Default ΓÇ║ smoke-test

    thrown: "Exceeded timeout of 15000 ms for a test.
    Add a timeout value to this test to increase the timeout, if this is a long-running test. See 
https://jestjs.io/docs/api#testname-fn-timeout."

    [0m[0m

      at src/stories/LotsOfStories/LotsOfStuff866.stories.ts:129:13
      at src/stories/LotsOfStories/LotsOfStuff866.stories.ts:128:9
      at Object.<anonymous> (src/stories/LotsOfStories/LotsOfStuff866.stories.ts:127:5)

  ΓùÅ Pages/LotsOfStuff866 ΓÇ║ FormFilledOut ΓÇ║ play-test

    thrown: "Exceeded timeout of 15000 ms for a test.
    Add a timeout value to this test to increase the timeout, if this is a long-running test. See 
https://jestjs.io/docs/api#testname-fn-timeout."

    [0m[0m

      at src/stories/LotsOfStories/LotsOfStuff866.stories.ts:277:13
      at src/stories/LotsOfStories/LotsOfStuff866.stories.ts:276:9
      at Object.<anonymous> (src/stories/LotsOfStories/LotsOfStuff866.stories.ts:127:5)

  ΓùÅ Pages/LotsOfStuff866 ΓÇ║ DrawerAndDropdownInteraction ΓÇ║ play-test

    page.evaluate: StorybookTestRunnerError: 
    An error occurred in the following story. Access the link for full output:
    http://127.0.0.1:6006/?path=/story/pages-lotsofstuff866--drawer-and-dropdown-interaction&addonPanel=storybook/interactions/panel

    Message:
     Cannot update an unmounted root.

    [0m[0m

      at src/stories/LotsOfStories/LotsOfStuff866.stories.ts:455:58
      at step (src/stories/LotsOfStories/LotsOfStuff866.stories.ts:109:23)
      at Object.next (src/stories/LotsOfStories/LotsOfStuff866.stories.ts:50:20)
      at asyncGeneratorStep (src/stories/LotsOfStories/LotsOfStuff866.stories.ts:4:28)
      at _next (src/stories/LotsOfStories/LotsOfStuff866.stories.ts:22:17)
      at src/stories/LotsOfStories/LotsOfStuff866.stories.ts:27:13
      at src/stories/LotsOfStories/LotsOfStuff866.stories.ts:19:16
      at testFn (src/stories/LotsOfStories/LotsOfStuff866.stories.ts:507:49)
      at Object.<anonymous> (src/stories/LotsOfStories/LotsOfStuff866.stories.ts:520:33)
      at step (src/stories/LotsOfStories/LotsOfStuff866.stories.ts:109:23)
      at Object.next (src/stories/LotsOfStories/LotsOfStuff866.stories.ts:50:20)
      at asyncGeneratorStep (src/stories/LotsOfStories/LotsOfStuff866.stories.ts:4:28)
      at _next (src/stories/LotsOfStories/LotsOfStuff866.stories.ts:22:17)
      at src/stories/LotsOfStories/LotsOfStuff866.stories.ts:27:13
      at Object.<anonymous> (src/stories/LotsOfStories/LotsOfStuff866.stories.ts:19:16)

FAIL browser: chromium src/stories/LotsOfStories/LotsOfStuff870.stories.ts (44.363 s)
  ΓùÅ Pages/LotsOfStuff870 ΓÇ║ Default ΓÇ║ smoke-test

    thrown: "Exceeded timeout of 15000 ms for a test.
    Add a timeout value to this test to increase the timeout, if this is a long-running test. See 
https://jestjs.io/docs/api#testname-fn-timeout."

    [0m[0m

      at src/stories/LotsOfStories/LotsOfStuff870.stories.ts:129:13
      at src/stories/LotsOfStories/LotsOfStuff870.stories.ts:128:9
      at Object.<anonymous> (src/stories/LotsOfStories/LotsOfStuff870.stories.ts:127:5)

  ΓùÅ Pages/LotsOfStuff870 ΓÇ║ FormFilledOut ΓÇ║ play-test

    thrown: "Exceeded timeout of 15000 ms for a test.
    Add a timeout value to this test to increase the timeout, if this is a long-running test. See 
https://jestjs.io/docs/api#testname-fn-timeout."

    [0m[0m

      at src/stories/LotsOfStories/LotsOfStuff870.stories.ts:277:13
      at src/stories/LotsOfStories/LotsOfStuff870.stories.ts:276:9
      at Object.<anonymous> (src/stories/LotsOfStories/LotsOfStuff870.stories.ts:127:5)

  ΓùÅ Pages/LotsOfStuff870 ΓÇ║ DrawerAndDropdownInteraction ΓÇ║ play-test

    page.evaluate: StorybookTestRunnerError: 
    An error occurred in the following story. Access the link for full output:
    http://127.0.0.1:6006/?path=/story/pages-lotsofstuff870--drawer-and-dropdown-interaction&addonPanel=storybook/interactions/panel

    Message:
     Cannot update an unmounted root.

    [0m[0m

      at src/stories/LotsOfStories/LotsOfStuff870.stories.ts:455:58
      at step (src/stories/LotsOfStories/LotsOfStuff870.stories.ts:109:23)
      at Object.next (src/stories/LotsOfStories/LotsOfStuff870.stories.ts:50:20)
      at asyncGeneratorStep (src/stories/LotsOfStories/LotsOfStuff870.stories.ts:4:28)
      at _next (src/stories/LotsOfStories/LotsOfStuff870.stories.ts:22:17)
      at src/stories/LotsOfStories/LotsOfStuff870.stories.ts:27:13
      at src/stories/LotsOfStories/LotsOfStuff870.stories.ts:19:16
      at testFn (src/stories/LotsOfStories/LotsOfStuff870.stories.ts:507:49)
      at Object.<anonymous> (src/stories/LotsOfStories/LotsOfStuff870.stories.ts:520:33)
      at step (src/stories/LotsOfStories/LotsOfStuff870.stories.ts:109:23)
      at Object.next (src/stories/LotsOfStories/LotsOfStuff870.stories.ts:50:20)
      at asyncGeneratorStep (src/stories/LotsOfStories/LotsOfStuff870.stories.ts:4:28)
      at _next (src/stories/LotsOfStories/LotsOfStuff870.stories.ts:22:17)
      at src/stories/LotsOfStories/LotsOfStuff870.stories.ts:27:13
      at Object.<anonymous> (src/stories/LotsOfStories/LotsOfStuff870.stories.ts:19:16)

FAIL browser: chromium src/stories/LotsOfStories/LotsOfStuff874.stories.ts (44.731 s)
  ΓùÅ Pages/LotsOfStuff874 ΓÇ║ Default ΓÇ║ smoke-test

    thrown: "Exceeded timeout of 15000 ms for a test.
    Add a timeout value to this test to increase the timeout, if this is a long-running test. See 
https://jestjs.io/docs/api#testname-fn-timeout."

    [0m[0m

      at src/stories/LotsOfStories/LotsOfStuff874.stories.ts:129:13
      at src/stories/LotsOfStories/LotsOfStuff874.stories.ts:128:9
      at Object.<anonymous> (src/stories/LotsOfStories/LotsOfStuff874.stories.ts:127:5)

  ΓùÅ Pages/LotsOfStuff874 ΓÇ║ FormFilledOut ΓÇ║ play-test

    thrown: "Exceeded timeout of 15000 ms for a test.
    Add a timeout value to this test to increase the timeout, if this is a long-running test. See 
https://jestjs.io/docs/api#testname-fn-timeout."

    [0m[0m

      at src/stories/LotsOfStories/LotsOfStuff874.stories.ts:277:13
      at src/stories/LotsOfStories/LotsOfStuff874.stories.ts:276:9
      at Object.<anonymous> (src/stories/LotsOfStories/LotsOfStuff874.stories.ts:127:5)

  ΓùÅ Pages/LotsOfStuff874 ΓÇ║ DrawerAndDropdownInteraction ΓÇ║ play-test

    page.evaluate: StorybookTestRunnerError: 
    An error occurred in the following story. Access the link for full output:
    http://127.0.0.1:6006/?path=/story/pages-lotsofstuff874--drawer-and-dropdown-interaction&addonPanel=storybook/interactions/panel

    Message:
     Cannot update an unmounted root.

    [0m[0m

      at src/stories/LotsOfStories/LotsOfStuff874.stories.ts:455:58
      at step (src/stories/LotsOfStories/LotsOfStuff874.stories.ts:109:23)
      at Object.next (src/stories/LotsOfStories/LotsOfStuff874.stories.ts:50:20)
      at asyncGeneratorStep (src/stories/LotsOfStories/LotsOfStuff874.stories.ts:4:28)
      at _next (src/stories/LotsOfStories/LotsOfStuff874.stories.ts:22:17)
      at src/stories/LotsOfStories/LotsOfStuff874.stories.ts:27:13
      at src/stories/LotsOfStories/LotsOfStuff874.stories.ts:19:16
      at testFn (src/stories/LotsOfStories/LotsOfStuff874.stories.ts:507:49)
      at Object.<anonymous> (src/stories/LotsOfStories/LotsOfStuff874.stories.ts:520:33)
      at step (src/stories/LotsOfStories/LotsOfStuff874.stories.ts:109:23)
      at Object.next (src/stories/LotsOfStories/LotsOfStuff874.stories.ts:50:20)
      at asyncGeneratorStep (src/stories/LotsOfStories/LotsOfStuff874.stories.ts:4:28)
      at _next (src/stories/LotsOfStories/LotsOfStuff874.stories.ts:22:17)
      at src/stories/LotsOfStories/LotsOfStuff874.stories.ts:27:13
      at Object.<anonymous> (src/stories/LotsOfStories/LotsOfStuff874.stories.ts:19:16)

FAIL browser: chromium src/stories/LotsOfStories/LotsOfStuff869.stories.ts (44.396 s)
  ΓùÅ Pages/LotsOfStuff869 ΓÇ║ Default ΓÇ║ smoke-test

    thrown: "Exceeded timeout of 15000 ms for a test.
    Add a timeout value to this test to increase the timeout, if this is a long-running test. See 
https://jestjs.io/docs/api#testname-fn-timeout."

    [0m[0m

      at src/stories/LotsOfStories/LotsOfStuff869.stories.ts:129:13
      at src/stories/LotsOfStories/LotsOfStuff869.stories.ts:128:9
      at Object.<anonymous> (src/stories/LotsOfStories/LotsOfStuff869.stories.ts:127:5)

  ΓùÅ Pages/LotsOfStuff869 ΓÇ║ FormFilledOut ΓÇ║ play-test

    thrown: "Exceeded timeout of 15000 ms for a test.
    Add a timeout value to this test to increase the timeout, if this is a long-running test. See 
https://jestjs.io/docs/api#testname-fn-timeout."

    [0m[0m

      at src/stories/LotsOfStories/LotsOfStuff869.stories.ts:277:13
      at src/stories/LotsOfStories/LotsOfStuff869.stories.ts:276:9
      at Object.<anonymous> (src/stories/LotsOfStories/LotsOfStuff869.stories.ts:127:5)

  ΓùÅ Pages/LotsOfStuff869 ΓÇ║ DrawerAndDropdownInteraction ΓÇ║ play-test

    page.evaluate: StorybookTestRunnerError: 
    An error occurred in the following story. Access the link for full output:
    http://127.0.0.1:6006/?path=/story/pages-lotsofstuff869--drawer-and-dropdown-interaction&addonPanel=storybook/interactions/panel

    Message:
     Cannot update an unmounted root.

    [0m[0m

      at src/stories/LotsOfStories/LotsOfStuff869.stories.ts:455:58
      at step (src/stories/LotsOfStories/LotsOfStuff869.stories.ts:109:23)
      at Object.next (src/stories/LotsOfStories/LotsOfStuff869.stories.ts:50:20)
      at asyncGeneratorStep (src/stories/LotsOfStories/LotsOfStuff869.stories.ts:4:28)
      at _next (src/stories/LotsOfStories/LotsOfStuff869.stories.ts:22:17)
      at src/stories/LotsOfStories/LotsOfStuff869.stories.ts:27:13
      at src/stories/LotsOfStories/LotsOfStuff869.stories.ts:19:16
      at testFn (src/stories/LotsOfStories/LotsOfStuff869.stories.ts:507:49)
      at Object.<anonymous> (src/stories/LotsOfStories/LotsOfStuff869.stories.ts:520:33)
      at step (src/stories/LotsOfStories/LotsOfStuff869.stories.ts:109:23)
      at Object.next (src/stories/LotsOfStories/LotsOfStuff869.stories.ts:50:20)
      at asyncGeneratorStep (src/stories/LotsOfStories/LotsOfStuff869.stories.ts:4:28)
      at _next (src/stories/LotsOfStories/LotsOfStuff869.stories.ts:22:17)
      at src/stories/LotsOfStories/LotsOfStuff869.stories.ts:27:13
      at Object.<anonymous> (src/stories/LotsOfStories/LotsOfStuff869.stories.ts:19:16)

PASS browser: chromium src/stories/LotsOfStories/LotsOfStuff862.stories.ts (26.667 s)
PASS browser: chromium src/stories/LotsOfStories/LotsOfStuff863.stories.ts (26.846 s)
PASS browser: chromium src/stories/LotsOfStories/LotsOfStuff854.stories.ts (18.531 s)
PASS browser: chromium src/stories/LotsOfStories/LotsOfStuff855.stories.ts (18.448 s)
PASS browser: chromium src/stories/LotsOfStories/LotsOfStuff847.stories.ts (17.095 s)
PASS browser: chromium src/stories/LotsOfStories/LotsOfStuff857.stories.ts (19.062 s)
PASS browser: chromium src/stories/LotsOfStories/LotsOfStuff849.stories.ts (17.249 s)
PASS browser: chromium src/stories/LotsOfStories/LotsOfStuff848.stories.ts (17.181 s)
PASS browser: chromium src/stories/LotsOfStories/LotsOfStuff856.stories.ts (18.69 s)
PASS browser: chromium src/stories/LotsOfStories/LotsOfStuff850.stories.ts (17.28 s)
PASS browser: chromium src/stories/LotsOfStories/LotsOfStuff853.stories.ts (18.646 s)
PASS browser: chromium src/stories/LotsOfStories/LotsOfStuff860.stories.ts (21.303 s)
PASS browser: chromium src/stories/LotsOfStories/LotsOfStuff846.stories.ts (17.167 s)
PASS browser: chromium src/stories/LotsOfStories/LotsOfStuff858.stories.ts (18.917 s)
PASS browser: chromium src/stories/LotsOfStories/LotsOfStuff852.stories.ts (17.61 s)
PASS browser: chromium src/stories/LotsOfStories/LotsOfStuff851.stories.ts (17.619 s)
PASS browser: chromium src/stories/LotsOfStories/LotsOfStuff845.stories.ts (17.226 s)
PASS browser: chromium src/stories/LotsOfStories/LotsOfStuff861.stories.ts (21.629 s)
PASS browser: chromium src/stories/LotsOfStories/LotsOfStuff859.stories.ts (19.505 s)
PASS browser: chromium src/stories/LotsOfStories/LotsOfStuff844.stories.ts (12.906 s)
PASS browser: chromium src/stories/LotsOfStories/LotsOfStuff843.stories.ts (12.835 s)
PASS browser: chromium src/stories/LotsOfStories/LotsOfStuff825.stories.ts (29.761 s)
PASS browser: chromium src/stories/LotsOfStories/LotsOfStuff824.stories.ts (29.887 s)
FAIL browser: chromium src/stories/LotsOfStories/LotsOfStuff832.stories.ts (38.386 s)
  ΓùÅ Console

    console.log
      An error occurred in the following story, most likely because of a navigation: "Pages/LotsOfStuff832/Drawer And Dropdown Interaction". 
Retrying...

      at Object.<anonymous> (src/stories/LotsOfStories/LotsOfStuff832.stories.ts:534:37)

  ΓùÅ Pages/LotsOfStuff832 ΓÇ║ Default ΓÇ║ smoke-test

    thrown: "Exceeded timeout of 15000 ms for a test.
    Add a timeout value to this test to increase the timeout, if this is a long-running test. See 
https://jestjs.io/docs/api#testname-fn-timeout."

    [0m[0m

      at src/stories/LotsOfStories/LotsOfStuff832.stories.ts:129:13
      at src/stories/LotsOfStories/LotsOfStuff832.stories.ts:128:9
      at Object.<anonymous> (src/stories/LotsOfStories/LotsOfStuff832.stories.ts:127:5)

  ΓùÅ Pages/LotsOfStuff832 ΓÇ║ DrawerAndDropdownInteraction ΓÇ║ play-test

    thrown: "Exceeded timeout of 15000 ms for a test.
    Add a timeout value to this test to increase the timeout, if this is a long-running test. See 
https://jestjs.io/docs/api#testname-fn-timeout."

    [0m[0m

      at src/stories/LotsOfStories/LotsOfStuff832.stories.ts:425:13
      at src/stories/LotsOfStories/LotsOfStuff832.stories.ts:424:9
      at Object.<anonymous> (src/stories/LotsOfStories/LotsOfStuff832.stories.ts:127:5)

FAIL browser: chromium src/stories/LotsOfStories/LotsOfStuff839.stories.ts (38.529 s)
  ΓùÅ Console

    console.log
      An error occurred in the following story, most likely because of a navigation: "Pages/LotsOfStuff839/Drawer And Dropdown Interaction". 
Retrying...

      at Object.<anonymous> (src/stories/LotsOfStories/LotsOfStuff839.stories.ts:534:37)

  ΓùÅ Pages/LotsOfStuff839 ΓÇ║ Default ΓÇ║ smoke-test

    thrown: "Exceeded timeout of 15000 ms for a test.
    Add a timeout value to this test to increase the timeout, if this is a long-running test. See 
https://jestjs.io/docs/api#testname-fn-timeout."

    [0m[0m

      at src/stories/LotsOfStories/LotsOfStuff839.stories.ts:129:13
      at src/stories/LotsOfStories/LotsOfStuff839.stories.ts:128:9
      at Object.<anonymous> (src/stories/LotsOfStories/LotsOfStuff839.stories.ts:127:5)

  ΓùÅ Pages/LotsOfStuff839 ΓÇ║ DrawerAndDropdownInteraction ΓÇ║ play-test

    thrown: "Exceeded timeout of 15000 ms for a test.
    Add a timeout value to this test to increase the timeout, if this is a long-running test. See 
https://jestjs.io/docs/api#testname-fn-timeout."

    [0m[0m

      at src/stories/LotsOfStories/LotsOfStuff839.stories.ts:425:13
      at src/stories/LotsOfStories/LotsOfStuff839.stories.ts:424:9
      at Object.<anonymous> (src/stories/LotsOfStories/LotsOfStuff839.stories.ts:127:5)

FAIL browser: chromium src/stories/LotsOfStories/LotsOfStuff828.stories.ts (38.246 s)
  ΓùÅ Console

    console.log
      An error occurred in the following story, most likely because of a navigation: "Pages/LotsOfStuff828/Drawer And Dropdown Interaction". 
Retrying...

      at Object.<anonymous> (src/stories/LotsOfStories/LotsOfStuff828.stories.ts:534:37)

  ΓùÅ Pages/LotsOfStuff828 ΓÇ║ Default ΓÇ║ smoke-test

    thrown: "Exceeded timeout of 15000 ms for a test.
    Add a timeout value to this test to increase the timeout, if this is a long-running test. See 
https://jestjs.io/docs/api#testname-fn-timeout."

    [0m[0m

      at src/stories/LotsOfStories/LotsOfStuff828.stories.ts:129:13
      at src/stories/LotsOfStories/LotsOfStuff828.stories.ts:128:9
      at Object.<anonymous> (src/stories/LotsOfStories/LotsOfStuff828.stories.ts:127:5)

  ΓùÅ Pages/LotsOfStuff828 ΓÇ║ DrawerAndDropdownInteraction ΓÇ║ play-test

    thrown: "Exceeded timeout of 15000 ms for a test.
    Add a timeout value to this test to increase the timeout, if this is a long-running test. See 
https://jestjs.io/docs/api#testname-fn-timeout."

    [0m[0m

      at src/stories/LotsOfStories/LotsOfStuff828.stories.ts:425:13
      at src/stories/LotsOfStories/LotsOfStuff828.stories.ts:424:9
      at Object.<anonymous> (src/stories/LotsOfStories/LotsOfStuff828.stories.ts:127:5)

FAIL browser: chromium src/stories/LotsOfStories/LotsOfStuff842.stories.ts (38.71 s)
  ΓùÅ Console

    console.log
      An error occurred in the following story, most likely because of a navigation: "Pages/LotsOfStuff842/Drawer And Dropdown Interaction". 
Retrying...

      at Object.<anonymous> (src/stories/LotsOfStories/LotsOfStuff842.stories.ts:534:37)

  ΓùÅ Pages/LotsOfStuff842 ΓÇ║ Default ΓÇ║ smoke-test

    thrown: "Exceeded timeout of 15000 ms for a test.
    Add a timeout value to this test to increase the timeout, if this is a long-running test. See 
https://jestjs.io/docs/api#testname-fn-timeout."

    [0m[0m

      at src/stories/LotsOfStories/LotsOfStuff842.stories.ts:129:13
      at src/stories/LotsOfStories/LotsOfStuff842.stories.ts:128:9
      at Object.<anonymous> (src/stories/LotsOfStories/LotsOfStuff842.stories.ts:127:5)

  ΓùÅ Pages/LotsOfStuff842 ΓÇ║ DrawerAndDropdownInteraction ΓÇ║ play-test

    thrown: "Exceeded timeout of 15000 ms for a test.
    Add a timeout value to this test to increase the timeout, if this is a long-running test. See 
https://jestjs.io/docs/api#testname-fn-timeout."

    [0m[0m

      at src/stories/LotsOfStories/LotsOfStuff842.stories.ts:425:13
      at src/stories/LotsOfStories/LotsOfStuff842.stories.ts:424:9
      at Object.<anonymous> (src/stories/LotsOfStories/LotsOfStuff842.stories.ts:127:5)

FAIL browser: chromium src/stories/LotsOfStories/LotsOfStuff827.stories.ts (38.353 s)
  ΓùÅ Console

    console.log
      An error occurred in the following story, most likely because of a navigation: "Pages/LotsOfStuff827/Drawer And Dropdown Interaction". 
Retrying...

      at Object.<anonymous> (src/stories/LotsOfStories/LotsOfStuff827.stories.ts:534:37)

  ΓùÅ Pages/LotsOfStuff827 ΓÇ║ Default ΓÇ║ smoke-test

    thrown: "Exceeded timeout of 15000 ms for a test.
    Add a timeout value to this test to increase the timeout, if this is a long-running test. See 
https://jestjs.io/docs/api#testname-fn-timeout."

    [0m[0m

      at src/stories/LotsOfStories/LotsOfStuff827.stories.ts:129:13
      at src/stories/LotsOfStories/LotsOfStuff827.stories.ts:128:9
      at Object.<anonymous> (src/stories/LotsOfStories/LotsOfStuff827.stories.ts:127:5)

  ΓùÅ Pages/LotsOfStuff827 ΓÇ║ DrawerAndDropdownInteraction ΓÇ║ play-test

    thrown: "Exceeded timeout of 15000 ms for a test.
    Add a timeout value to this test to increase the timeout, if this is a long-running test. See 
https://jestjs.io/docs/api#testname-fn-timeout."

    [0m[0m

      at src/stories/LotsOfStories/LotsOfStuff827.stories.ts:425:13
      at src/stories/LotsOfStories/LotsOfStuff827.stories.ts:424:9
      at Object.<anonymous> (src/stories/LotsOfStories/LotsOfStuff827.stories.ts:127:5)

FAIL browser: chromium src/stories/LotsOfStories/LotsOfStuff841.stories.ts (38.938 s)
  ΓùÅ Console

    console.log
      An error occurred in the following story, most likely because of a navigation: "Pages/LotsOfStuff841/Drawer And Dropdown Interaction". 
Retrying...

      at Object.<anonymous> (src/stories/LotsOfStories/LotsOfStuff841.stories.ts:534:37)

  ΓùÅ Pages/LotsOfStuff841 ΓÇ║ Default ΓÇ║ smoke-test

    thrown: "Exceeded timeout of 15000 ms for a test.
    Add a timeout value to this test to increase the timeout, if this is a long-running test. See 
https://jestjs.io/docs/api#testname-fn-timeout."

    [0m[0m

      at src/stories/LotsOfStories/LotsOfStuff841.stories.ts:129:13
      at src/stories/LotsOfStories/LotsOfStuff841.stories.ts:128:9
      at Object.<anonymous> (src/stories/LotsOfStories/LotsOfStuff841.stories.ts:127:5)

  ΓùÅ Pages/LotsOfStuff841 ΓÇ║ DrawerAndDropdownInteraction ΓÇ║ play-test

    thrown: "Exceeded timeout of 15000 ms for a test.
    Add a timeout value to this test to increase the timeout, if this is a long-running test. See 
https://jestjs.io/docs/api#testname-fn-timeout."

    [0m[0m

      at src/stories/LotsOfStories/LotsOfStuff841.stories.ts:425:13
      at src/stories/LotsOfStories/LotsOfStuff841.stories.ts:424:9
      at Object.<anonymous> (src/stories/LotsOfStories/LotsOfStuff841.stories.ts:127:5)

FAIL browser: chromium src/stories/LotsOfStories/LotsOfStuff835.stories.ts (38.844 s)
  ΓùÅ Console

    console.log
      An error occurred in the following story, most likely because of a navigation: "Pages/LotsOfStuff835/Drawer And Dropdown Interaction". 
Retrying...

      at Object.<anonymous> (src/stories/LotsOfStories/LotsOfStuff835.stories.ts:534:37)

  ΓùÅ Pages/LotsOfStuff835 ΓÇ║ Default ΓÇ║ smoke-test

    thrown: "Exceeded timeout of 15000 ms for a test.
    Add a timeout value to this test to increase the timeout, if this is a long-running test. See 
https://jestjs.io/docs/api#testname-fn-timeout."

    [0m[0m

      at src/stories/LotsOfStories/LotsOfStuff835.stories.ts:129:13
      at src/stories/LotsOfStories/LotsOfStuff835.stories.ts:128:9
      at Object.<anonymous> (src/stories/LotsOfStories/LotsOfStuff835.stories.ts:127:5)

  ΓùÅ Pages/LotsOfStuff835 ΓÇ║ DrawerAndDropdownInteraction ΓÇ║ play-test

    thrown: "Exceeded timeout of 15000 ms for a test.
    Add a timeout value to this test to increase the timeout, if this is a long-running test. See 
https://jestjs.io/docs/api#testname-fn-timeout."

    [0m[0m

      at src/stories/LotsOfStories/LotsOfStuff835.stories.ts:425:13
      at src/stories/LotsOfStories/LotsOfStuff835.stories.ts:424:9
      at Object.<anonymous> (src/stories/LotsOfStories/LotsOfStuff835.stories.ts:127:5)

FAIL browser: chromium src/stories/LotsOfStories/LotsOfStuff830.stories.ts (38.769 s)
  ΓùÅ Console

    console.log
      An error occurred in the following story, most likely because of a navigation: "Pages/LotsOfStuff830/Drawer And Dropdown Interaction". 
Retrying...

      at Object.<anonymous> (src/stories/LotsOfStories/LotsOfStuff830.stories.ts:534:37)

  ΓùÅ Pages/LotsOfStuff830 ΓÇ║ Default ΓÇ║ smoke-test

    thrown: "Exceeded timeout of 15000 ms for a test.
    Add a timeout value to this test to increase the timeout, if this is a long-running test. See 
https://jestjs.io/docs/api#testname-fn-timeout."

    [0m[0m

      at src/stories/LotsOfStories/LotsOfStuff830.stories.ts:129:13
      at src/stories/LotsOfStories/LotsOfStuff830.stories.ts:128:9
      at Object.<anonymous> (src/stories/LotsOfStories/LotsOfStuff830.stories.ts:127:5)

  ΓùÅ Pages/LotsOfStuff830 ΓÇ║ DrawerAndDropdownInteraction ΓÇ║ play-test

    thrown: "Exceeded timeout of 15000 ms for a test.
    Add a timeout value to this test to increase the timeout, if this is a long-running test. See 
https://jestjs.io/docs/api#testname-fn-timeout."

    [0m[0m

      at src/stories/LotsOfStories/LotsOfStuff830.stories.ts:425:13
      at src/stories/LotsOfStories/LotsOfStuff830.stories.ts:424:9
      at Object.<anonymous> (src/stories/LotsOfStories/LotsOfStuff830.stories.ts:127:5)

FAIL browser: chromium src/stories/LotsOfStories/LotsOfStuff838.stories.ts (39.001 s)
  ΓùÅ Console

    console.log
      An error occurred in the following story, most likely because of a navigation: "Pages/LotsOfStuff838/Drawer And Dropdown Interaction". 
Retrying...

      at Object.<anonymous> (src/stories/LotsOfStories/LotsOfStuff838.stories.ts:534:37)

  ΓùÅ Pages/LotsOfStuff838 ΓÇ║ Default ΓÇ║ smoke-test

    thrown: "Exceeded timeout of 15000 ms for a test.
    Add a timeout value to this test to increase the timeout, if this is a long-running test. See 
https://jestjs.io/docs/api#testname-fn-timeout."

    [0m[0m

      at src/stories/LotsOfStories/LotsOfStuff838.stories.ts:129:13
      at src/stories/LotsOfStories/LotsOfStuff838.stories.ts:128:9
      at Object.<anonymous> (src/stories/LotsOfStories/LotsOfStuff838.stories.ts:127:5)

  ΓùÅ Pages/LotsOfStuff838 ΓÇ║ DrawerAndDropdownInteraction ΓÇ║ play-test

    thrown: "Exceeded timeout of 15000 ms for a test.
    Add a timeout value to this test to increase the timeout, if this is a long-running test. See 
https://jestjs.io/docs/api#testname-fn-timeout."

    [0m[0m

      at src/stories/LotsOfStories/LotsOfStuff838.stories.ts:425:13
      at src/stories/LotsOfStories/LotsOfStuff838.stories.ts:424:9
      at Object.<anonymous> (src/stories/LotsOfStories/LotsOfStuff838.stories.ts:127:5)

FAIL browser: chromium src/stories/LotsOfStories/LotsOfStuff831.stories.ts (38.859 s)
  ΓùÅ Console

    console.log
      An error occurred in the following story, most likely because of a navigation: "Pages/LotsOfStuff831/Drawer And Dropdown Interaction". 
Retrying...

      at Object.<anonymous> (src/stories/LotsOfStories/LotsOfStuff831.stories.ts:534:37)

  ΓùÅ Pages/LotsOfStuff831 ΓÇ║ Default ΓÇ║ smoke-test

    thrown: "Exceeded timeout of 15000 ms for a test.
    Add a timeout value to this test to increase the timeout, if this is a long-running test. See 
https://jestjs.io/docs/api#testname-fn-timeout."

    [0m[0m

      at src/stories/LotsOfStories/LotsOfStuff831.stories.ts:129:13
      at src/stories/LotsOfStories/LotsOfStuff831.stories.ts:128:9
      at Object.<anonymous> (src/stories/LotsOfStories/LotsOfStuff831.stories.ts:127:5)

  ΓùÅ Pages/LotsOfStuff831 ΓÇ║ DrawerAndDropdownInteraction ΓÇ║ play-test

    thrown: "Exceeded timeout of 15000 ms for a test.
    Add a timeout value to this test to increase the timeout, if this is a long-running test. See 
https://jestjs.io/docs/api#testname-fn-timeout."

    [0m[0m

      at src/stories/LotsOfStories/LotsOfStuff831.stories.ts:425:13
      at src/stories/LotsOfStories/LotsOfStuff831.stories.ts:424:9
      at Object.<anonymous> (src/stories/LotsOfStories/LotsOfStuff831.stories.ts:127:5)

FAIL browser: chromium src/stories/LotsOfStories/LotsOfStuff829.stories.ts (38.755 s)
  ΓùÅ Console

    console.log
      An error occurred in the following story, most likely because of a navigation: "Pages/LotsOfStuff829/Drawer And Dropdown Interaction". 
Retrying...

      at Object.<anonymous> (src/stories/LotsOfStories/LotsOfStuff829.stories.ts:534:37)

  ΓùÅ Pages/LotsOfStuff829 ΓÇ║ Default ΓÇ║ smoke-test

    thrown: "Exceeded timeout of 15000 ms for a test.
    Add a timeout value to this test to increase the timeout, if this is a long-running test. See 
https://jestjs.io/docs/api#testname-fn-timeout."

    [0m[0m

      at src/stories/LotsOfStories/LotsOfStuff829.stories.ts:129:13
      at src/stories/LotsOfStories/LotsOfStuff829.stories.ts:128:9
      at Object.<anonymous> (src/stories/LotsOfStories/LotsOfStuff829.stories.ts:127:5)

  ΓùÅ Pages/LotsOfStuff829 ΓÇ║ DrawerAndDropdownInteraction ΓÇ║ play-test

    thrown: "Exceeded timeout of 15000 ms for a test.
    Add a timeout value to this test to increase the timeout, if this is a long-running test. See 
https://jestjs.io/docs/api#testname-fn-timeout."

    [0m[0m

      at src/stories/LotsOfStories/LotsOfStuff829.stories.ts:425:13
      at src/stories/LotsOfStories/LotsOfStuff829.stories.ts:424:9
      at Object.<anonymous> (src/stories/LotsOfStories/LotsOfStuff829.stories.ts:127:5)

FAIL browser: chromium src/stories/LotsOfStories/LotsOfStuff833.stories.ts (39.233 s)
  ΓùÅ Console

    console.log
      An error occurred in the following story, most likely because of a navigation: "Pages/LotsOfStuff833/Drawer And Dropdown Interaction". 
Retrying...

      at Object.<anonymous> (src/stories/LotsOfStories/LotsOfStuff833.stories.ts:534:37)

  ΓùÅ Pages/LotsOfStuff833 ΓÇ║ Default ΓÇ║ smoke-test

    thrown: "Exceeded timeout of 15000 ms for a test.
    Add a timeout value to this test to increase the timeout, if this is a long-running test. See 
https://jestjs.io/docs/api#testname-fn-timeout."

    [0m[0m

      at src/stories/LotsOfStories/LotsOfStuff833.stories.ts:129:13
      at src/stories/LotsOfStories/LotsOfStuff833.stories.ts:128:9
      at Object.<anonymous> (src/stories/LotsOfStories/LotsOfStuff833.stories.ts:127:5)

  ΓùÅ Pages/LotsOfStuff833 ΓÇ║ DrawerAndDropdownInteraction ΓÇ║ play-test

    thrown: "Exceeded timeout of 15000 ms for a test.
    Add a timeout value to this test to increase the timeout, if this is a long-running test. See 
https://jestjs.io/docs/api#testname-fn-timeout."

    [0m[0m

      at src/stories/LotsOfStories/LotsOfStuff833.stories.ts:425:13
      at src/stories/LotsOfStories/LotsOfStuff833.stories.ts:424:9
      at Object.<anonymous> (src/stories/LotsOfStories/LotsOfStuff833.stories.ts:127:5)

FAIL browser: chromium src/stories/LotsOfStories/LotsOfStuff826.stories.ts (38.955 s)
  ΓùÅ Console

    console.log
      An error occurred in the following story, most likely because of a navigation: "Pages/LotsOfStuff826/Drawer And Dropdown Interaction". 
Retrying...

      at Object.<anonymous> (src/stories/LotsOfStories/LotsOfStuff826.stories.ts:534:37)

  ΓùÅ Pages/LotsOfStuff826 ΓÇ║ Default ΓÇ║ smoke-test

    thrown: "Exceeded timeout of 15000 ms for a test.
    Add a timeout value to this test to increase the timeout, if this is a long-running test. See 
https://jestjs.io/docs/api#testname-fn-timeout."

    [0m[0m

      at src/stories/LotsOfStories/LotsOfStuff826.stories.ts:129:13
      at src/stories/LotsOfStories/LotsOfStuff826.stories.ts:128:9
      at Object.<anonymous> (src/stories/LotsOfStories/LotsOfStuff826.stories.ts:127:5)

  ΓùÅ Pages/LotsOfStuff826 ΓÇ║ DrawerAndDropdownInteraction ΓÇ║ play-test

    thrown: "Exceeded timeout of 15000 ms for a test.
    Add a timeout value to this test to increase the timeout, if this is a long-running test. See 
https://jestjs.io/docs/api#testname-fn-timeout."

    [0m[0m

      at src/stories/LotsOfStories/LotsOfStuff826.stories.ts:425:13
      at src/stories/LotsOfStories/LotsOfStuff826.stories.ts:424:9
      at Object.<anonymous> (src/stories/LotsOfStories/LotsOfStuff826.stories.ts:127:5)

FAIL browser: chromium src/stories/LotsOfStories/LotsOfStuff836.stories.ts (39.283 s)
  ΓùÅ Console

    console.log
      An error occurred in the following story, most likely because of a navigation: "Pages/LotsOfStuff836/Drawer And Dropdown Interaction". 
Retrying...

      at Object.<anonymous> (src/stories/LotsOfStories/LotsOfStuff836.stories.ts:534:37)

  ΓùÅ Pages/LotsOfStuff836 ΓÇ║ Default ΓÇ║ smoke-test

    thrown: "Exceeded timeout of 15000 ms for a test.
    Add a timeout value to this test to increase the timeout, if this is a long-running test. See 
https://jestjs.io/docs/api#testname-fn-timeout."

    [0m[0m

      at src/stories/LotsOfStories/LotsOfStuff836.stories.ts:129:13
      at src/stories/LotsOfStories/LotsOfStuff836.stories.ts:128:9
      at Object.<anonymous> (src/stories/LotsOfStories/LotsOfStuff836.stories.ts:127:5)

  ΓùÅ Pages/LotsOfStuff836 ΓÇ║ DrawerAndDropdownInteraction ΓÇ║ play-test

    thrown: "Exceeded timeout of 15000 ms for a test.
    Add a timeout value to this test to increase the timeout, if this is a long-running test. See 
https://jestjs.io/docs/api#testname-fn-timeout."

    [0m[0m

      at src/stories/LotsOfStories/LotsOfStuff836.stories.ts:425:13
      at src/stories/LotsOfStories/LotsOfStuff836.stories.ts:424:9
      at Object.<anonymous> (src/stories/LotsOfStories/LotsOfStuff836.stories.ts:127:5)

FAIL browser: chromium src/stories/LotsOfStories/LotsOfStuff840.stories.ts (39.493 s)
  ΓùÅ Console

    console.log
      An error occurred in the following story, most likely because of a navigation: "Pages/LotsOfStuff840/Drawer And Dropdown Interaction". 
Retrying...

      at Object.<anonymous> (src/stories/LotsOfStories/LotsOfStuff840.stories.ts:534:37)

  ΓùÅ Pages/LotsOfStuff840 ΓÇ║ Default ΓÇ║ smoke-test

    thrown: "Exceeded timeout of 15000 ms for a test.
    Add a timeout value to this test to increase the timeout, if this is a long-running test. See 
https://jestjs.io/docs/api#testname-fn-timeout."

    [0m[0m

      at src/stories/LotsOfStories/LotsOfStuff840.stories.ts:129:13
      at src/stories/LotsOfStories/LotsOfStuff840.stories.ts:128:9
      at Object.<anonymous> (src/stories/LotsOfStories/LotsOfStuff840.stories.ts:127:5)

  ΓùÅ Pages/LotsOfStuff840 ΓÇ║ DrawerAndDropdownInteraction ΓÇ║ play-test

    thrown: "Exceeded timeout of 15000 ms for a test.
    Add a timeout value to this test to increase the timeout, if this is a long-running test. See 
https://jestjs.io/docs/api#testname-fn-timeout."

    [0m[0m

      at src/stories/LotsOfStories/LotsOfStuff840.stories.ts:425:13
      at src/stories/LotsOfStories/LotsOfStuff840.stories.ts:424:9
      at Object.<anonymous> (src/stories/LotsOfStories/LotsOfStuff840.stories.ts:127:5)

FAIL browser: chromium src/stories/LotsOfStories/LotsOfStuff837.stories.ts (39.409 s)
  ΓùÅ Console

    console.log
      An error occurred in the following story, most likely because of a navigation: "Pages/LotsOfStuff837/Drawer And Dropdown Interaction". 
Retrying...

      at Object.<anonymous> (src/stories/LotsOfStories/LotsOfStuff837.stories.ts:534:37)

  ΓùÅ Pages/LotsOfStuff837 ΓÇ║ Default ΓÇ║ smoke-test

    thrown: "Exceeded timeout of 15000 ms for a test.
    Add a timeout value to this test to increase the timeout, if this is a long-running test. See 
https://jestjs.io/docs/api#testname-fn-timeout."

    [0m[0m

      at src/stories/LotsOfStories/LotsOfStuff837.stories.ts:129:13
      at src/stories/LotsOfStories/LotsOfStuff837.stories.ts:128:9
      at Object.<anonymous> (src/stories/LotsOfStories/LotsOfStuff837.stories.ts:127:5)

  ΓùÅ Pages/LotsOfStuff837 ΓÇ║ DrawerAndDropdownInteraction ΓÇ║ play-test

    thrown: "Exceeded timeout of 15000 ms for a test.
    Add a timeout value to this test to increase the timeout, if this is a long-running test. See 
https://jestjs.io/docs/api#testname-fn-timeout."

    [0m[0m

      at src/stories/LotsOfStories/LotsOfStuff837.stories.ts:425:13
      at src/stories/LotsOfStories/LotsOfStuff837.stories.ts:424:9
      at Object.<anonymous> (src/stories/LotsOfStories/LotsOfStuff837.stories.ts:127:5)

FAIL browser: chromium src/stories/LotsOfStories/LotsOfStuff834.stories.ts (39.583 s)
  ΓùÅ Console

    console.log
      An error occurred in the following story, most likely because of a navigation: "Pages/LotsOfStuff834/Drawer And Dropdown Interaction". 
Retrying...

      at Object.<anonymous> (src/stories/LotsOfStories/LotsOfStuff834.stories.ts:534:37)

  ΓùÅ Pages/LotsOfStuff834 ΓÇ║ Default ΓÇ║ smoke-test

    thrown: "Exceeded timeout of 15000 ms for a test.
    Add a timeout value to this test to increase the timeout, if this is a long-running test. See 
https://jestjs.io/docs/api#testname-fn-timeout."

    [0m[0m

      at src/stories/LotsOfStories/LotsOfStuff834.stories.ts:129:13
      at src/stories/LotsOfStories/LotsOfStuff834.stories.ts:128:9
      at Object.<anonymous> (src/stories/LotsOfStories/LotsOfStuff834.stories.ts:127:5)

  ΓùÅ Pages/LotsOfStuff834 ΓÇ║ DrawerAndDropdownInteraction ΓÇ║ play-test

    thrown: "Exceeded timeout of 15000 ms for a test.
    Add a timeout value to this test to increase the timeout, if this is a long-running test. See 
https://jestjs.io/docs/api#testname-fn-timeout."

    [0m[0m

      at src/stories/LotsOfStories/LotsOfStuff834.stories.ts:425:13
      at src/stories/LotsOfStories/LotsOfStuff834.stories.ts:424:9
      at Object.<anonymous> (src/stories/LotsOfStories/LotsOfStuff834.stories.ts:127:5)

FAIL browser: chromium src/stories/LotsOfStories/LotsOfStuff813.stories.ts (60.048 s)
  ΓùÅ Pages/LotsOfStuff813 ΓÇ║ Default ΓÇ║ smoke-test

    thrown: "Exceeded timeout of 15000 ms for a test.
    Add a timeout value to this test to increase the timeout, if this is a long-running test. See 
https://jestjs.io/docs/api#testname-fn-timeout."

    [0m[0m

      at src/stories/LotsOfStories/LotsOfStuff813.stories.ts:129:13
      at src/stories/LotsOfStories/LotsOfStuff813.stories.ts:128:9
      at Object.<anonymous> (src/stories/LotsOfStories/LotsOfStuff813.stories.ts:127:5)

  ΓùÅ Pages/LotsOfStuff813 ΓÇ║ FormFilledOut ΓÇ║ play-test

    thrown: "Exceeded timeout of 15000 ms for a test.
    Add a timeout value to this test to increase the timeout, if this is a long-running test. See 
https://jestjs.io/docs/api#testname-fn-timeout."

    [0m[0m

      at src/stories/LotsOfStories/LotsOfStuff813.stories.ts:277:13
      at src/stories/LotsOfStories/LotsOfStuff813.stories.ts:276:9
      at Object.<anonymous> (src/stories/LotsOfStories/LotsOfStuff813.stories.ts:127:5)

FAIL browser: chromium src/stories/LotsOfStories/LotsOfStuff811.stories.ts (60.035 s)
  ΓùÅ Pages/LotsOfStuff811 ΓÇ║ Default ΓÇ║ smoke-test

    thrown: "Exceeded timeout of 15000 ms for a test.
    Add a timeout value to this test to increase the timeout, if this is a long-running test. See 
https://jestjs.io/docs/api#testname-fn-timeout."

    [0m[0m

      at src/stories/LotsOfStories/LotsOfStuff811.stories.ts:129:13
      at src/stories/LotsOfStories/LotsOfStuff811.stories.ts:128:9
      at Object.<anonymous> (src/stories/LotsOfStories/LotsOfStuff811.stories.ts:127:5)

FAIL browser: chromium src/stories/LotsOfStories/LotsOfStuff805.stories.ts (59.473 s)
  ΓùÅ Pages/LotsOfStuff805 ΓÇ║ Default ΓÇ║ smoke-test

    thrown: "Exceeded timeout of 15000 ms for a test.
    Add a timeout value to this test to increase the timeout, if this is a long-running test. See 
https://jestjs.io/docs/api#testname-fn-timeout."

    [0m[0m

      at src/stories/LotsOfStories/LotsOfStuff805.stories.ts:129:13
      at src/stories/LotsOfStories/LotsOfStuff805.stories.ts:128:9
      at Object.<anonymous> (src/stories/LotsOfStories/LotsOfStuff805.stories.ts:127:5)

  ΓùÅ Pages/LotsOfStuff805 ΓÇ║ FormFilledOut ΓÇ║ play-test

    thrown: "Exceeded timeout of 15000 ms for a test.
    Add a timeout value to this test to increase the timeout, if this is a long-running test. See 
https://jestjs.io/docs/api#testname-fn-timeout."

    [0m[0m

      at src/stories/LotsOfStories/LotsOfStuff805.stories.ts:277:13
      at src/stories/LotsOfStories/LotsOfStuff805.stories.ts:276:9
      at Object.<anonymous> (src/stories/LotsOfStories/LotsOfStuff805.stories.ts:127:5)

FAIL browser: chromium src/stories/LotsOfStories/LotsOfStuff815.stories.ts (60.117 s)
  ΓùÅ Pages/LotsOfStuff815 ΓÇ║ Default ΓÇ║ smoke-test

    thrown: "Exceeded timeout of 15000 ms for a test.
    Add a timeout value to this test to increase the timeout, if this is a long-running test. See 
https://jestjs.io/docs/api#testname-fn-timeout."

    [0m[0m

      at src/stories/LotsOfStories/LotsOfStuff815.stories.ts:129:13
      at src/stories/LotsOfStories/LotsOfStuff815.stories.ts:128:9
      at Object.<anonymous> (src/stories/LotsOfStories/LotsOfStuff815.stories.ts:127:5)

  ΓùÅ Pages/LotsOfStuff815 ΓÇ║ FormFilledOut ΓÇ║ play-test

    thrown: "Exceeded timeout of 15000 ms for a test.
    Add a timeout value to this test to increase the timeout, if this is a long-running test. See 
https://jestjs.io/docs/api#testname-fn-timeout."

    [0m[0m

      at src/stories/LotsOfStories/LotsOfStuff815.stories.ts:277:13
      at src/stories/LotsOfStories/LotsOfStuff815.stories.ts:276:9
      at Object.<anonymous> (src/stories/LotsOfStories/LotsOfStuff815.stories.ts:127:5)

FAIL browser: chromium src/stories/LotsOfStories/LotsOfStuff814.stories.ts (60.608 s)
  ΓùÅ Pages/LotsOfStuff814 ΓÇ║ Default ΓÇ║ smoke-test

    thrown: "Exceeded timeout of 15000 ms for a test.
    Add a timeout value to this test to increase the timeout, if this is a long-running test. See 
https://jestjs.io/docs/api#testname-fn-timeout."

    [0m[0m

      at src/stories/LotsOfStories/LotsOfStuff814.stories.ts:129:13
      at src/stories/LotsOfStories/LotsOfStuff814.stories.ts:128:9
      at Object.<anonymous> (src/stories/LotsOfStories/LotsOfStuff814.stories.ts:127:5)

  ΓùÅ Pages/LotsOfStuff814 ΓÇ║ FormFilledOut ΓÇ║ play-test

    thrown: "Exceeded timeout of 15000 ms for a test.
    Add a timeout value to this test to increase the timeout, if this is a long-running test. See 
https://jestjs.io/docs/api#testname-fn-timeout."

    [0m[0m

      at src/stories/LotsOfStories/LotsOfStuff814.stories.ts:277:13
      at src/stories/LotsOfStories/LotsOfStuff814.stories.ts:276:9
      at Object.<anonymous> (src/stories/LotsOfStories/LotsOfStuff814.stories.ts:127:5)

FAIL browser: chromium src/stories/LotsOfStories/LotsOfStuff822.stories.ts (77.341 s)
  ΓùÅ Console

    console.log
      An error occurred in the following story, most likely because of a navigation: "Pages/LotsOfStuff822/Drawer And Dropdown Interaction". 
Retrying...

      at Object.<anonymous> (src/stories/LotsOfStories/LotsOfStuff822.stories.ts:534:37)

  ΓùÅ Pages/LotsOfStuff822 ΓÇ║ Default ΓÇ║ smoke-test

    thrown: "Exceeded timeout of 15000 ms for a test.
    Add a timeout value to this test to increase the timeout, if this is a long-running test. See 
https://jestjs.io/docs/api#testname-fn-timeout."

    [0m[0m

      at src/stories/LotsOfStories/LotsOfStuff822.stories.ts:129:13
      at src/stories/LotsOfStories/LotsOfStuff822.stories.ts:128:9
      at Object.<anonymous> (src/stories/LotsOfStories/LotsOfStuff822.stories.ts:127:5)

  ΓùÅ Pages/LotsOfStuff822 ΓÇ║ DrawerAndDropdownInteraction ΓÇ║ play-test

    thrown: "Exceeded timeout of 15000 ms for a test.
    Add a timeout value to this test to increase the timeout, if this is a long-running test. See 
https://jestjs.io/docs/api#testname-fn-timeout."

    [0m[0m

      at src/stories/LotsOfStories/LotsOfStuff822.stories.ts:425:13
      at src/stories/LotsOfStories/LotsOfStuff822.stories.ts:424:9
      at Object.<anonymous> (src/stories/LotsOfStories/LotsOfStuff822.stories.ts:127:5)

FAIL browser: chromium src/stories/LotsOfStories/LotsOfStuff810.stories.ts (71.228 s)
  ΓùÅ Console

    console.log
      An error occurred in the following story, most likely because of a navigation: "Pages/LotsOfStuff810/Drawer And Dropdown Interaction". 
Retrying...

      at Object.<anonymous> (src/stories/LotsOfStories/LotsOfStuff810.stories.ts:534:37)

  ΓùÅ Pages/LotsOfStuff810 ΓÇ║ Default ΓÇ║ smoke-test

    thrown: "Exceeded timeout of 15000 ms for a test.
    Add a timeout value to this test to increase the timeout, if this is a long-running test. See 
https://jestjs.io/docs/api#testname-fn-timeout."

    [0m[0m

      at src/stories/LotsOfStories/LotsOfStuff810.stories.ts:129:13
      at src/stories/LotsOfStories/LotsOfStuff810.stories.ts:128:9
      at Object.<anonymous> (src/stories/LotsOfStories/LotsOfStuff810.stories.ts:127:5)

  ΓùÅ Pages/LotsOfStuff810 ΓÇ║ FormFilledOut ΓÇ║ play-test

    thrown: "Exceeded timeout of 15000 ms for a test.
    Add a timeout value to this test to increase the timeout, if this is a long-running test. See 
https://jestjs.io/docs/api#testname-fn-timeout."

    [0m[0m

      at src/stories/LotsOfStories/LotsOfStuff810.stories.ts:277:13
      at src/stories/LotsOfStories/LotsOfStuff810.stories.ts:276:9
      at Object.<anonymous> (src/stories/LotsOfStories/LotsOfStuff810.stories.ts:127:5)

  ΓùÅ Pages/LotsOfStuff810 ΓÇ║ DrawerAndDropdownInteraction ΓÇ║ play-test

    thrown: "Exceeded timeout of 15000 ms for a test.
    Add a timeout value to this test to increase the timeout, if this is a long-running test. See 
https://jestjs.io/docs/api#testname-fn-timeout."

    [0m[0m

      at src/stories/LotsOfStories/LotsOfStuff810.stories.ts:425:13
      at src/stories/LotsOfStories/LotsOfStuff810.stories.ts:424:9
      at Object.<anonymous> (src/stories/LotsOfStories/LotsOfStuff810.stories.ts:127:5)

FAIL browser: chromium src/stories/LotsOfStories/LotsOfStuff823.stories.ts (77.758 s)
  ΓùÅ Console

    console.log
      An error occurred in the following story, most likely because of a navigation: "Pages/LotsOfStuff823/Drawer And Dropdown Interaction". 
Retrying...

      at Object.<anonymous> (src/stories/LotsOfStories/LotsOfStuff823.stories.ts:534:37)

  ΓùÅ Pages/LotsOfStuff823 ΓÇ║ Default ΓÇ║ smoke-test

    thrown: "Exceeded timeout of 15000 ms for a test.
    Add a timeout value to this test to increase the timeout, if this is a long-running test. See 
https://jestjs.io/docs/api#testname-fn-timeout."

    [0m[0m

      at src/stories/LotsOfStories/LotsOfStuff823.stories.ts:129:13
      at src/stories/LotsOfStories/LotsOfStuff823.stories.ts:128:9
      at Object.<anonymous> (src/stories/LotsOfStories/LotsOfStuff823.stories.ts:127:5)

  ΓùÅ Pages/LotsOfStuff823 ΓÇ║ DrawerAndDropdownInteraction ΓÇ║ play-test

    thrown: "Exceeded timeout of 15000 ms for a test.
    Add a timeout value to this test to increase the timeout, if this is a long-running test. See 
https://jestjs.io/docs/api#testname-fn-timeout."

    [0m[0m

      at src/stories/LotsOfStories/LotsOfStuff823.stories.ts:425:13
      at src/stories/LotsOfStories/LotsOfStuff823.stories.ts:424:9
      at Object.<anonymous> (src/stories/LotsOfStories/LotsOfStuff823.stories.ts:127:5)

FAIL browser: chromium src/stories/LotsOfStories/LotsOfStuff809.stories.ts (71.176 s)
  ΓùÅ Console

    console.log
      An error occurred in the following story, most likely because of a navigation: "Pages/LotsOfStuff809/Drawer And Dropdown Interaction". 
Retrying...

      at Object.<anonymous> (src/stories/LotsOfStories/LotsOfStuff809.stories.ts:534:37)

  ΓùÅ Pages/LotsOfStuff809 ΓÇ║ Default ΓÇ║ smoke-test

    thrown: "Exceeded timeout of 15000 ms for a test.
    Add a timeout value to this test to increase the timeout, if this is a long-running test. See 
https://jestjs.io/docs/api#testname-fn-timeout."

    [0m[0m

      at src/stories/LotsOfStories/LotsOfStuff809.stories.ts:129:13
      at src/stories/LotsOfStories/LotsOfStuff809.stories.ts:128:9
      at Object.<anonymous> (src/stories/LotsOfStories/LotsOfStuff809.stories.ts:127:5)

  ΓùÅ Pages/LotsOfStuff809 ΓÇ║ FormFilledOut ΓÇ║ play-test

    thrown: "Exceeded timeout of 15000 ms for a test.
    Add a timeout value to this test to increase the timeout, if this is a long-running test. See 
https://jestjs.io/docs/api#testname-fn-timeout."

    [0m[0m

      at src/stories/LotsOfStories/LotsOfStuff809.stories.ts:277:13
      at src/stories/LotsOfStories/LotsOfStuff809.stories.ts:276:9
      at Object.<anonymous> (src/stories/LotsOfStories/LotsOfStuff809.stories.ts:127:5)

  ΓùÅ Pages/LotsOfStuff809 ΓÇ║ DrawerAndDropdownInteraction ΓÇ║ play-test

    thrown: "Exceeded timeout of 15000 ms for a test.
    Add a timeout value to this test to increase the timeout, if this is a long-running test. See 
https://jestjs.io/docs/api#testname-fn-timeout."

    [0m[0m

      at src/stories/LotsOfStories/LotsOfStuff809.stories.ts:425:13
      at src/stories/LotsOfStories/LotsOfStuff809.stories.ts:424:9
      at Object.<anonymous> (src/stories/LotsOfStories/LotsOfStuff809.stories.ts:127:5)

FAIL browser: chromium src/stories/LotsOfStories/LotsOfStuff817.stories.ts (73.034 s)
  ΓùÅ Console

    console.log
      An error occurred in the following story, most likely because of a navigation: "Pages/LotsOfStuff817/Drawer And Dropdown Interaction". 
Retrying...

      at Object.<anonymous> (src/stories/LotsOfStories/LotsOfStuff817.stories.ts:534:37)

  ΓùÅ Pages/LotsOfStuff817 ΓÇ║ Default ΓÇ║ smoke-test

    thrown: "Exceeded timeout of 15000 ms for a test.
    Add a timeout value to this test to increase the timeout, if this is a long-running test. See 
https://jestjs.io/docs/api#testname-fn-timeout."

    [0m[0m

      at src/stories/LotsOfStories/LotsOfStuff817.stories.ts:129:13
      at src/stories/LotsOfStories/LotsOfStuff817.stories.ts:128:9
      at Object.<anonymous> (src/stories/LotsOfStories/LotsOfStuff817.stories.ts:127:5)

  ΓùÅ Pages/LotsOfStuff817 ΓÇ║ FormFilledOut ΓÇ║ play-test

    thrown: "Exceeded timeout of 15000 ms for a test.
    Add a timeout value to this test to increase the timeout, if this is a long-running test. See 
https://jestjs.io/docs/api#testname-fn-timeout."

    [0m[0m

      at src/stories/LotsOfStories/LotsOfStuff817.stories.ts:277:13
      at src/stories/LotsOfStories/LotsOfStuff817.stories.ts:276:9
      at Object.<anonymous> (src/stories/LotsOfStories/LotsOfStuff817.stories.ts:127:5)

  ΓùÅ Pages/LotsOfStuff817 ΓÇ║ DrawerAndDropdownInteraction ΓÇ║ play-test

    thrown: "Exceeded timeout of 15000 ms for a test.
    Add a timeout value to this test to increase the timeout, if this is a long-running test. See 
https://jestjs.io/docs/api#testname-fn-timeout."

    [0m[0m

      at src/stories/LotsOfStories/LotsOfStuff817.stories.ts:425:13
      at src/stories/LotsOfStories/LotsOfStuff817.stories.ts:424:9
      at Object.<anonymous> (src/stories/LotsOfStories/LotsOfStuff817.stories.ts:127:5)

FAIL browser: chromium src/stories/LotsOfStories/LotsOfStuff816.stories.ts (73.027 s)
  ΓùÅ Console

    console.log
      An error occurred in the following story, most likely because of a navigation: "Pages/LotsOfStuff816/Drawer And Dropdown Interaction". 
Retrying...

      at Object.<anonymous> (src/stories/LotsOfStories/LotsOfStuff816.stories.ts:534:37)

  ΓùÅ Pages/LotsOfStuff816 ΓÇ║ Default ΓÇ║ smoke-test

    thrown: "Exceeded timeout of 15000 ms for a test.
    Add a timeout value to this test to increase the timeout, if this is a long-running test. See 
https://jestjs.io/docs/api#testname-fn-timeout."

    [0m[0m

      at src/stories/LotsOfStories/LotsOfStuff816.stories.ts:129:13
      at src/stories/LotsOfStories/LotsOfStuff816.stories.ts:128:9
      at Object.<anonymous> (src/stories/LotsOfStories/LotsOfStuff816.stories.ts:127:5)

  ΓùÅ Pages/LotsOfStuff816 ΓÇ║ FormFilledOut ΓÇ║ play-test

    thrown: "Exceeded timeout of 15000 ms for a test.
    Add a timeout value to this test to increase the timeout, if this is a long-running test. See 
https://jestjs.io/docs/api#testname-fn-timeout."

    [0m[0m

      at src/stories/LotsOfStories/LotsOfStuff816.stories.ts:277:13
      at src/stories/LotsOfStories/LotsOfStuff816.stories.ts:276:9
      at Object.<anonymous> (src/stories/LotsOfStories/LotsOfStuff816.stories.ts:127:5)

  ΓùÅ Pages/LotsOfStuff816 ΓÇ║ DrawerAndDropdownInteraction ΓÇ║ play-test

    thrown: "Exceeded timeout of 15000 ms for a test.
    Add a timeout value to this test to increase the timeout, if this is a long-running test. See 
https://jestjs.io/docs/api#testname-fn-timeout."

    [0m[0m

      at src/stories/LotsOfStories/LotsOfStuff816.stories.ts:425:13
      at src/stories/LotsOfStories/LotsOfStuff816.stories.ts:424:9
      at Object.<anonymous> (src/stories/LotsOfStories/LotsOfStuff816.stories.ts:127:5)

FAIL browser: chromium src/stories/LotsOfStories/LotsOfStuff821.stories.ts (73.375 s)
  ΓùÅ Console

    console.log
      An error occurred in the following story, most likely because of a navigation: "Pages/LotsOfStuff821/Drawer And Dropdown Interaction". 
Retrying...

      at Object.<anonymous> (src/stories/LotsOfStories/LotsOfStuff821.stories.ts:534:37)

  ΓùÅ Pages/LotsOfStuff821 ΓÇ║ Default ΓÇ║ smoke-test

    thrown: "Exceeded timeout of 15000 ms for a test.
    Add a timeout value to this test to increase the timeout, if this is a long-running test. See 
https://jestjs.io/docs/api#testname-fn-timeout."

    [0m[0m

      at src/stories/LotsOfStories/LotsOfStuff821.stories.ts:129:13
      at src/stories/LotsOfStories/LotsOfStuff821.stories.ts:128:9
      at Object.<anonymous> (src/stories/LotsOfStories/LotsOfStuff821.stories.ts:127:5)

  ΓùÅ Pages/LotsOfStuff821 ΓÇ║ FormFilledOut ΓÇ║ play-test

    thrown: "Exceeded timeout of 15000 ms for a test.
    Add a timeout value to this test to increase the timeout, if this is a long-running test. See 
https://jestjs.io/docs/api#testname-fn-timeout."

    [0m[0m

      at src/stories/LotsOfStories/LotsOfStuff821.stories.ts:277:13
      at src/stories/LotsOfStories/LotsOfStuff821.stories.ts:276:9
      at Object.<anonymous> (src/stories/LotsOfStories/LotsOfStuff821.stories.ts:127:5)

  ΓùÅ Pages/LotsOfStuff821 ΓÇ║ DrawerAndDropdownInteraction ΓÇ║ play-test

    thrown: "Exceeded timeout of 15000 ms for a test.
    Add a timeout value to this test to increase the timeout, if this is a long-running test. See 
https://jestjs.io/docs/api#testname-fn-timeout."

    [0m[0m

      at src/stories/LotsOfStories/LotsOfStuff821.stories.ts:425:13
      at src/stories/LotsOfStories/LotsOfStuff821.stories.ts:424:9
      at Object.<anonymous> (src/stories/LotsOfStories/LotsOfStuff821.stories.ts:127:5)

FAIL browser: chromium src/stories/LotsOfStories/LotsOfStuff808.stories.ts (72.533 s)
  ΓùÅ Console

    console.log
      An error occurred in the following story, most likely because of a navigation: "Pages/LotsOfStuff808/Drawer And Dropdown Interaction". 
Retrying...

      at Object.<anonymous> (src/stories/LotsOfStories/LotsOfStuff808.stories.ts:534:37)

  ΓùÅ Pages/LotsOfStuff808 ΓÇ║ Default ΓÇ║ smoke-test

    thrown: "Exceeded timeout of 15000 ms for a test.
    Add a timeout value to this test to increase the timeout, if this is a long-running test. See 
https://jestjs.io/docs/api#testname-fn-timeout."

    [0m[0m

      at src/stories/LotsOfStories/LotsOfStuff808.stories.ts:129:13
      at src/stories/LotsOfStories/LotsOfStuff808.stories.ts:128:9
      at Object.<anonymous> (src/stories/LotsOfStories/LotsOfStuff808.stories.ts:127:5)

  ΓùÅ Pages/LotsOfStuff808 ΓÇ║ FormFilledOut ΓÇ║ play-test

    thrown: "Exceeded timeout of 15000 ms for a test.
    Add a timeout value to this test to increase the timeout, if this is a long-running test. See 
https://jestjs.io/docs/api#testname-fn-timeout."

    [0m[0m

      at src/stories/LotsOfStories/LotsOfStuff808.stories.ts:277:13
      at src/stories/LotsOfStories/LotsOfStuff808.stories.ts:276:9
      at Object.<anonymous> (src/stories/LotsOfStories/LotsOfStuff808.stories.ts:127:5)

  ΓùÅ Pages/LotsOfStuff808 ΓÇ║ DrawerAndDropdownInteraction ΓÇ║ play-test

    thrown: "Exceeded timeout of 15000 ms for a test.
    Add a timeout value to this test to increase the timeout, if this is a long-running test. See 
https://jestjs.io/docs/api#testname-fn-timeout."

    [0m[0m

      at src/stories/LotsOfStories/LotsOfStuff808.stories.ts:425:13
      at src/stories/LotsOfStories/LotsOfStuff808.stories.ts:424:9
      at Object.<anonymous> (src/stories/LotsOfStories/LotsOfStuff808.stories.ts:127:5)

FAIL browser: chromium src/stories/LotsOfStories/LotsOfStuff819.stories.ts (73.363 s)
  ΓùÅ Console

    console.log
      An error occurred in the following story, most likely because of a navigation: "Pages/LotsOfStuff819/Drawer And Dropdown Interaction". 
Retrying...

      at Object.<anonymous> (src/stories/LotsOfStories/LotsOfStuff819.stories.ts:534:37)

  ΓùÅ Pages/LotsOfStuff819 ΓÇ║ Default ΓÇ║ smoke-test

    thrown: "Exceeded timeout of 15000 ms for a test.
    Add a timeout value to this test to increase the timeout, if this is a long-running test. See 
https://jestjs.io/docs/api#testname-fn-timeout."

    [0m[0m

      at src/stories/LotsOfStories/LotsOfStuff819.stories.ts:129:13
      at src/stories/LotsOfStories/LotsOfStuff819.stories.ts:128:9
      at Object.<anonymous> (src/stories/LotsOfStories/LotsOfStuff819.stories.ts:127:5)

  ΓùÅ Pages/LotsOfStuff819 ΓÇ║ FormFilledOut ΓÇ║ play-test

    thrown: "Exceeded timeout of 15000 ms for a test.
    Add a timeout value to this test to increase the timeout, if this is a long-running test. See 
https://jestjs.io/docs/api#testname-fn-timeout."

    [0m[0m

      at src/stories/LotsOfStories/LotsOfStuff819.stories.ts:277:13
      at src/stories/LotsOfStories/LotsOfStuff819.stories.ts:276:9
      at Object.<anonymous> (src/stories/LotsOfStories/LotsOfStuff819.stories.ts:127:5)

  ΓùÅ Pages/LotsOfStuff819 ΓÇ║ DrawerAndDropdownInteraction ΓÇ║ play-test

    thrown: "Exceeded timeout of 15000 ms for a test.
    Add a timeout value to this test to increase the timeout, if this is a long-running test. See 
https://jestjs.io/docs/api#testname-fn-timeout."

    [0m[0m

      at src/stories/LotsOfStories/LotsOfStuff819.stories.ts:425:13
      at src/stories/LotsOfStories/LotsOfStuff819.stories.ts:424:9
      at Object.<anonymous> (src/stories/LotsOfStories/LotsOfStuff819.stories.ts:127:5)

FAIL browser: chromium src/stories/LotsOfStories/LotsOfStuff820.stories.ts (73.528 s)
  ΓùÅ Console

    console.log
      An error occurred in the following story, most likely because of a navigation: "Pages/LotsOfStuff820/Drawer And Dropdown Interaction". 
Retrying...

      at Object.<anonymous> (src/stories/LotsOfStories/LotsOfStuff820.stories.ts:534:37)

  ΓùÅ Pages/LotsOfStuff820 ΓÇ║ Default ΓÇ║ smoke-test

    thrown: "Exceeded timeout of 15000 ms for a test.
    Add a timeout value to this test to increase the timeout, if this is a long-running test. See 
https://jestjs.io/docs/api#testname-fn-timeout."

    [0m[0m

      at src/stories/LotsOfStories/LotsOfStuff820.stories.ts:129:13
      at src/stories/LotsOfStories/LotsOfStuff820.stories.ts:128:9
      at Object.<anonymous> (src/stories/LotsOfStories/LotsOfStuff820.stories.ts:127:5)

  ΓùÅ Pages/LotsOfStuff820 ΓÇ║ FormFilledOut ΓÇ║ play-test

    thrown: "Exceeded timeout of 15000 ms for a test.
    Add a timeout value to this test to increase the timeout, if this is a long-running test. See 
https://jestjs.io/docs/api#testname-fn-timeout."

    [0m[0m

      at src/stories/LotsOfStories/LotsOfStuff820.stories.ts:277:13
      at src/stories/LotsOfStories/LotsOfStuff820.stories.ts:276:9
      at Object.<anonymous> (src/stories/LotsOfStories/LotsOfStuff820.stories.ts:127:5)

  ΓùÅ Pages/LotsOfStuff820 ΓÇ║ DrawerAndDropdownInteraction ΓÇ║ play-test

    thrown: "Exceeded timeout of 15000 ms for a test.
    Add a timeout value to this test to increase the timeout, if this is a long-running test. See 
https://jestjs.io/docs/api#testname-fn-timeout."

    [0m[0m

      at src/stories/LotsOfStories/LotsOfStuff820.stories.ts:425:13
      at src/stories/LotsOfStories/LotsOfStuff820.stories.ts:424:9
      at Object.<anonymous> (src/stories/LotsOfStories/LotsOfStuff820.stories.ts:127:5)

FAIL browser: chromium src/stories/LotsOfStories/LotsOfStuff812.stories.ts (73.046 s)
  ΓùÅ Console

    console.log
      An error occurred in the following story, most likely because of a navigation: "Pages/LotsOfStuff812/Drawer And Dropdown Interaction". 
Retrying...

      at Object.<anonymous> (src/stories/LotsOfStories/LotsOfStuff812.stories.ts:534:37)

  ΓùÅ Pages/LotsOfStuff812 ΓÇ║ Default ΓÇ║ smoke-test

    thrown: "Exceeded timeout of 15000 ms for a test.
    Add a timeout value to this test to increase the timeout, if this is a long-running test. See 
https://jestjs.io/docs/api#testname-fn-timeout."

    [0m[0m

      at src/stories/LotsOfStories/LotsOfStuff812.stories.ts:129:13
      at src/stories/LotsOfStories/LotsOfStuff812.stories.ts:128:9
      at Object.<anonymous> (src/stories/LotsOfStories/LotsOfStuff812.stories.ts:127:5)

  ΓùÅ Pages/LotsOfStuff812 ΓÇ║ FormFilledOut ΓÇ║ play-test

    thrown: "Exceeded timeout of 15000 ms for a test.
    Add a timeout value to this test to increase the timeout, if this is a long-running test. See 
https://jestjs.io/docs/api#testname-fn-timeout."

    [0m[0m

      at src/stories/LotsOfStories/LotsOfStuff812.stories.ts:277:13
      at src/stories/LotsOfStories/LotsOfStuff812.stories.ts:276:9
      at Object.<anonymous> (src/stories/LotsOfStories/LotsOfStuff812.stories.ts:127:5)

  ΓùÅ Pages/LotsOfStuff812 ΓÇ║ DrawerAndDropdownInteraction ΓÇ║ play-test

    thrown: "Exceeded timeout of 15000 ms for a test.
    Add a timeout value to this test to increase the timeout, if this is a long-running test. See 
https://jestjs.io/docs/api#testname-fn-timeout."

    [0m[0m

      at src/stories/LotsOfStories/LotsOfStuff812.stories.ts:425:13
      at src/stories/LotsOfStories/LotsOfStuff812.stories.ts:424:9
      at Object.<anonymous> (src/stories/LotsOfStories/LotsOfStuff812.stories.ts:127:5)

FAIL browser: chromium src/stories/LotsOfStories/LotsOfStuff818.stories.ts (73.505 s)
  ΓùÅ Console

    console.log
      An error occurred in the following story, most likely because of a navigation: "Pages/LotsOfStuff818/Drawer And Dropdown Interaction". 
Retrying...

      at Object.<anonymous> (src/stories/LotsOfStories/LotsOfStuff818.stories.ts:534:37)

  ΓùÅ Pages/LotsOfStuff818 ΓÇ║ Default ΓÇ║ smoke-test

    thrown: "Exceeded timeout of 15000 ms for a test.
    Add a timeout value to this test to increase the timeout, if this is a long-running test. See 
https://jestjs.io/docs/api#testname-fn-timeout."

    [0m[0m

      at src/stories/LotsOfStories/LotsOfStuff818.stories.ts:129:13
      at src/stories/LotsOfStories/LotsOfStuff818.stories.ts:128:9
      at Object.<anonymous> (src/stories/LotsOfStories/LotsOfStuff818.stories.ts:127:5)

  ΓùÅ Pages/LotsOfStuff818 ΓÇ║ FormFilledOut ΓÇ║ play-test

    thrown: "Exceeded timeout of 15000 ms for a test.
    Add a timeout value to this test to increase the timeout, if this is a long-running test. See 
https://jestjs.io/docs/api#testname-fn-timeout."

    [0m[0m

      at src/stories/LotsOfStories/LotsOfStuff818.stories.ts:277:13
      at src/stories/LotsOfStories/LotsOfStuff818.stories.ts:276:9
      at Object.<anonymous> (src/stories/LotsOfStories/LotsOfStuff818.stories.ts:127:5)

  ΓùÅ Pages/LotsOfStuff818 ΓÇ║ DrawerAndDropdownInteraction ΓÇ║ play-test

    thrown: "Exceeded timeout of 15000 ms for a test.
    Add a timeout value to this test to increase the timeout, if this is a long-running test. See 
https://jestjs.io/docs/api#testname-fn-timeout."

    [0m[0m

      at src/stories/LotsOfStories/LotsOfStuff818.stories.ts:425:13
      at src/stories/LotsOfStories/LotsOfStuff818.stories.ts:424:9
      at Object.<anonymous> (src/stories/LotsOfStories/LotsOfStuff818.stories.ts:127:5)

FAIL browser: chromium src/stories/LotsOfStories/LotsOfStuff807.stories.ts (72.793 s)
  ΓùÅ Console

    console.log
      An error occurred in the following story, most likely because of a navigation: "Pages/LotsOfStuff807/Drawer And Dropdown Interaction". 
Retrying...

      at Object.<anonymous> (src/stories/LotsOfStories/LotsOfStuff807.stories.ts:534:37)

  ΓùÅ Pages/LotsOfStuff807 ΓÇ║ Default ΓÇ║ smoke-test

    thrown: "Exceeded timeout of 15000 ms for a test.
    Add a timeout value to this test to increase the timeout, if this is a long-running test. See 
https://jestjs.io/docs/api#testname-fn-timeout."

    [0m[0m

      at src/stories/LotsOfStories/LotsOfStuff807.stories.ts:129:13
      at src/stories/LotsOfStories/LotsOfStuff807.stories.ts:128:9
      at Object.<anonymous> (src/stories/LotsOfStories/LotsOfStuff807.stories.ts:127:5)

  ΓùÅ Pages/LotsOfStuff807 ΓÇ║ FormFilledOut ΓÇ║ play-test

    thrown: "Exceeded timeout of 15000 ms for a test.
    Add a timeout value to this test to increase the timeout, if this is a long-running test. See 
https://jestjs.io/docs/api#testname-fn-timeout."

    [0m[0m

      at src/stories/LotsOfStories/LotsOfStuff807.stories.ts:277:13
      at src/stories/LotsOfStories/LotsOfStuff807.stories.ts:276:9
      at Object.<anonymous> (src/stories/LotsOfStories/LotsOfStuff807.stories.ts:127:5)

  ΓùÅ Pages/LotsOfStuff807 ΓÇ║ DrawerAndDropdownInteraction ΓÇ║ play-test

    thrown: "Exceeded timeout of 15000 ms for a test.
    Add a timeout value to this test to increase the timeout, if this is a long-running test. See 
https://jestjs.io/docs/api#testname-fn-timeout."

    [0m[0m

      at src/stories/LotsOfStories/LotsOfStuff807.stories.ts:425:13
      at src/stories/LotsOfStories/LotsOfStuff807.stories.ts:424:9
      at Object.<anonymous> (src/stories/LotsOfStories/LotsOfStuff807.stories.ts:127:5)

FAIL browser: chromium src/stories/LotsOfStories/LotsOfStuff806.stories.ts (72.886 s)
  ΓùÅ Console

    console.log
      An error occurred in the following story, most likely because of a navigation: "Pages/LotsOfStuff806/Drawer And Dropdown Interaction". 
Retrying...

      at Object.<anonymous> (src/stories/LotsOfStories/LotsOfStuff806.stories.ts:534:37)

  ΓùÅ Pages/LotsOfStuff806 ΓÇ║ Default ΓÇ║ smoke-test

    thrown: "Exceeded timeout of 15000 ms for a test.
    Add a timeout value to this test to increase the timeout, if this is a long-running test. See 
https://jestjs.io/docs/api#testname-fn-timeout."

    [0m[0m

      at src/stories/LotsOfStories/LotsOfStuff806.stories.ts:129:13
      at src/stories/LotsOfStories/LotsOfStuff806.stories.ts:128:9
      at Object.<anonymous> (src/stories/LotsOfStories/LotsOfStuff806.stories.ts:127:5)

  ΓùÅ Pages/LotsOfStuff806 ΓÇ║ FormFilledOut ΓÇ║ play-test

    thrown: "Exceeded timeout of 15000 ms for a test.
    Add a timeout value to this test to increase the timeout, if this is a long-running test. See 
https://jestjs.io/docs/api#testname-fn-timeout."

    [0m[0m

      at src/stories/LotsOfStories/LotsOfStuff806.stories.ts:277:13
      at src/stories/LotsOfStories/LotsOfStuff806.stories.ts:276:9
      at Object.<anonymous> (src/stories/LotsOfStories/LotsOfStuff806.stories.ts:127:5)

  ΓùÅ Pages/LotsOfStuff806 ΓÇ║ DrawerAndDropdownInteraction ΓÇ║ play-test

    thrown: "Exceeded timeout of 15000 ms for a test.
    Add a timeout value to this test to increase the timeout, if this is a long-running test. See 
https://jestjs.io/docs/api#testname-fn-timeout."

    [0m[0m

      at src/stories/LotsOfStories/LotsOfStuff806.stories.ts:425:13
      at src/stories/LotsOfStories/LotsOfStuff806.stories.ts:424:9
      at Object.<anonymous> (src/stories/LotsOfStories/LotsOfStuff806.stories.ts:127:5)

FAIL browser: chromium src/stories/LotsOfStories/LotsOfStuff795.stories.ts
  ΓùÅ Test suite failed to run

    page.goto: Timeout 30000ms exceeded.
    Call log:
      [2m- navigating to "http://127.0.0.1:6006/iframe.html", waiting until "load"[22m

      at defaultPrepare (node_modules/@storybook/test-runner/dist/index.js:13241:14)
      at setupPage (node_modules/@storybook/test-runner/dist/index.js:13273:11)
      at CustomEnvironment.setup (node_modules/@storybook/test-runner/playwright/custom-environment.js:8:5)

PASS browser: chromium src/stories/LotsOfStories/LotsOfStuff792.stories.ts (36.619 s)
PASS browser: chromium src/stories/LotsOfStories/LotsOfStuff787.stories.ts (36.372 s)
PASS browser: chromium src/stories/LotsOfStories/LotsOfStuff794.stories.ts (36.646 s)
PASS browser: chromium src/stories/LotsOfStories/LotsOfStuff799.stories.ts (38.378 s)
PASS browser: chromium src/stories/LotsOfStories/LotsOfStuff797.stories.ts (38.092 s)
PASS browser: chromium src/stories/LotsOfStories/LotsOfStuff796.stories.ts (38.164 s)
PASS browser: chromium src/stories/LotsOfStories/LotsOfStuff798.stories.ts (38.175 s)
PASS browser: chromium src/stories/LotsOfStories/LotsOfStuff790.stories.ts (36.743 s)
PASS browser: chromium src/stories/LotsOfStories/LotsOfStuff786.stories.ts (36.467 s)
PASS browser: chromium src/stories/LotsOfStories/LotsOfStuff788.stories.ts (36.701 s)
PASS browser: chromium src/stories/LotsOfStories/LotsOfStuff789.stories.ts (36.719 s)
PASS browser: chromium src/stories/LotsOfStories/LotsOfStuff791.stories.ts (36.879 s)
PASS browser: chromium src/stories/LotsOfStories/LotsOfStuff793.stories.ts (36.941 s)
FAIL browser: chromium src/stories/LotsOfStories/LotsOfStuff801.stories.ts (52.429 s)
  ΓùÅ Console

    console.log
      An error occurred in the following story, most likely because of a navigation: "Pages/LotsOfStuff801/Drawer And Dropdown Interaction". 
Retrying...

      at Object.<anonymous> (src/stories/LotsOfStories/LotsOfStuff801.stories.ts:534:37)

  ΓùÅ Pages/LotsOfStuff801 ΓÇ║ Default ΓÇ║ smoke-test

    thrown: "Exceeded timeout of 15000 ms for a test.
    Add a timeout value to this test to increase the timeout, if this is a long-running test. See 
https://jestjs.io/docs/api#testname-fn-timeout."

    [0m[0m

      at src/stories/LotsOfStories/LotsOfStuff801.stories.ts:129:13
      at src/stories/LotsOfStories/LotsOfStuff801.stories.ts:128:9
      at Object.<anonymous> (src/stories/LotsOfStories/LotsOfStuff801.stories.ts:127:5)

FAIL browser: chromium src/stories/LotsOfStories/LotsOfStuff803.stories.ts (52.884 s)
  ΓùÅ Console

    console.log
      An error occurred in the following story, most likely because of a navigation: "Pages/LotsOfStuff803/Drawer And Dropdown Interaction". 
Retrying...

      at Object.<anonymous> (src/stories/LotsOfStories/LotsOfStuff803.stories.ts:534:37)

  ΓùÅ Pages/LotsOfStuff803 ΓÇ║ Default ΓÇ║ smoke-test

    thrown: "Exceeded timeout of 15000 ms for a test.
    Add a timeout value to this test to increase the timeout, if this is a long-running test. See 
https://jestjs.io/docs/api#testname-fn-timeout."

    [0m[0m

      at src/stories/LotsOfStories/LotsOfStuff803.stories.ts:129:13
      at src/stories/LotsOfStories/LotsOfStuff803.stories.ts:128:9
      at Object.<anonymous> (src/stories/LotsOfStories/LotsOfStuff803.stories.ts:127:5)

FAIL browser: chromium src/stories/LotsOfStories/LotsOfStuff804.stories.ts (52.664 s)
  ΓùÅ Console

    console.log
      An error occurred in the following story, most likely because of a navigation: "Pages/LotsOfStuff804/Drawer And Dropdown Interaction". 
Retrying...

      at Object.<anonymous> (src/stories/LotsOfStories/LotsOfStuff804.stories.ts:534:37)

  ΓùÅ Pages/LotsOfStuff804 ΓÇ║ Default ΓÇ║ smoke-test

    thrown: "Exceeded timeout of 15000 ms for a test.
    Add a timeout value to this test to increase the timeout, if this is a long-running test. See 
https://jestjs.io/docs/api#testname-fn-timeout."

    [0m[0m

      at src/stories/LotsOfStories/LotsOfStuff804.stories.ts:129:13
      at src/stories/LotsOfStories/LotsOfStuff804.stories.ts:128:9
      at Object.<anonymous> (src/stories/LotsOfStories/LotsOfStuff804.stories.ts:127:5)

FAIL browser: chromium src/stories/LotsOfStories/LotsOfStuff800.stories.ts (52.385 s)
  ΓùÅ Console

    console.log
      An error occurred in the following story, most likely because of a navigation: "Pages/LotsOfStuff800/Drawer And Dropdown Interaction". 
Retrying...

      at Object.<anonymous> (src/stories/LotsOfStories/LotsOfStuff800.stories.ts:534:37)

  ΓùÅ Pages/LotsOfStuff800 ΓÇ║ Default ΓÇ║ smoke-test

    thrown: "Exceeded timeout of 15000 ms for a test.
    Add a timeout value to this test to increase the timeout, if this is a long-running test. See 
https://jestjs.io/docs/api#testname-fn-timeout."

    [0m[0m

      at src/stories/LotsOfStories/LotsOfStuff800.stories.ts:129:13
      at src/stories/LotsOfStories/LotsOfStuff800.stories.ts:128:9
      at Object.<anonymous> (src/stories/LotsOfStories/LotsOfStuff800.stories.ts:127:5)

FAIL browser: chromium src/stories/LotsOfStories/LotsOfStuff802.stories.ts (52.678 s)
  ΓùÅ Console

    console.log
      An error occurred in the following story, most likely because of a navigation: "Pages/LotsOfStuff802/Drawer And Dropdown Interaction". 
Retrying...

      at Object.<anonymous> (src/stories/LotsOfStories/LotsOfStuff802.stories.ts:534:37)

  ΓùÅ Pages/LotsOfStuff802 ΓÇ║ Default ΓÇ║ smoke-test

    thrown: "Exceeded timeout of 15000 ms for a test.
    Add a timeout value to this test to increase the timeout, if this is a long-running test. See 
https://jestjs.io/docs/api#testname-fn-timeout."

    [0m[0m

      at src/stories/LotsOfStories/LotsOfStuff802.stories.ts:129:13
      at src/stories/LotsOfStories/LotsOfStuff802.stories.ts:128:9
      at Object.<anonymous> (src/stories/LotsOfStories/LotsOfStuff802.stories.ts:127:5)

PASS browser: chromium src/stories/LotsOfStories/LotsOfStuff785.stories.ts (10.537 s)
PASS browser: chromium src/stories/LotsOfStories/LotsOfStuff778.stories.ts (13.066 s)
PASS browser: chromium src/stories/LotsOfStories/LotsOfStuff777.stories.ts (13.421 s)
PASS browser: chromium src/stories/LotsOfStories/LotsOfStuff776.stories.ts (13.477 s)
PASS browser: chromium src/stories/LotsOfStories/LotsOfStuff780.stories.ts (13.72 s)
PASS browser: chromium src/stories/LotsOfStories/LotsOfStuff775.stories.ts (13.669 s)
PASS browser: chromium src/stories/LotsOfStories/LotsOfStuff782.stories.ts (13.793 s)
PASS browser: chromium src/stories/LotsOfStories/LotsOfStuff783.stories.ts (13.904 s)
PASS browser: chromium src/stories/LotsOfStories/LotsOfStuff781.stories.ts (13.917 s)
PASS browser: chromium src/stories/LotsOfStories/LotsOfStuff773.stories.ts (13.701 s)
PASS browser: chromium src/stories/LotsOfStories/LotsOfStuff779.stories.ts (13.916 s)
PASS browser: chromium src/stories/LotsOfStories/LotsOfStuff784.stories.ts (14.09 s)
PASS browser: chromium src/stories/LotsOfStories/LotsOfStuff772.stories.ts (13.807 s)
PASS browser: chromium src/stories/LotsOfStories/LotsOfStuff774.stories.ts (13.831 s)
PASS browser: chromium src/stories/LotsOfStories/LotsOfStuff769.stories.ts (15.737 s)
PASS browser: chromium src/stories/LotsOfStories/LotsOfStuff768.stories.ts (15.773 s)
PASS browser: chromium src/stories/LotsOfStories/LotsOfStuff766.stories.ts (14.718 s)
PASS browser: chromium src/stories/LotsOfStories/LotsOfStuff770.stories.ts (15.939 s)
PASS browser: chromium src/stories/LotsOfStories/LotsOfStuff771.stories.ts (16.058 s)
PASS browser: chromium src/stories/LotsOfStories/LotsOfStuff767.stories.ts (15.97 s)
PASS browser: chromium src/stories/LotsOfStories/LotsOfStuff765.stories.ts (15.179 s)
PASS browser: chromium src/stories/LotsOfStories/LotsOfStuff758.stories.ts (14.76 s)
PASS browser: chromium src/stories/LotsOfStories/LotsOfStuff763.stories.ts (15.033 s)
PASS browser: chromium src/stories/LotsOfStories/LotsOfStuff757.stories.ts (14.674 s)
PASS browser: chromium src/stories/LotsOfStories/LotsOfStuff753.stories.ts (14.652 s)
PASS browser: chromium src/stories/LotsOfStories/LotsOfStuff764.stories.ts (15.116 s)
PASS browser: chromium src/stories/LotsOfStories/LotsOfStuff754.stories.ts (14.696 s)
PASS browser: chromium src/stories/LotsOfStories/LotsOfStuff761.stories.ts (14.918 s)
PASS browser: chromium src/stories/LotsOfStories/LotsOfStuff760.stories.ts (14.944 s)
PASS browser: chromium src/stories/LotsOfStories/LotsOfStuff756.stories.ts (14.839 s)
PASS browser: chromium src/stories/LotsOfStories/LotsOfStuff759.stories.ts (14.924 s)
PASS browser: chromium src/stories/LotsOfStories/LotsOfStuff762.stories.ts (15.075 s)
PASS browser: chromium src/stories/LotsOfStories/LotsOfStuff755.stories.ts (14.917 s)
PASS browser: chromium src/stories/LotsOfStories/LotsOfStuff750.stories.ts (14.262 s)
PASS browser: chromium src/stories/LotsOfStories/LotsOfStuff752.stories.ts (14.357 s)
PASS browser: chromium src/stories/LotsOfStories/LotsOfStuff749.stories.ts (14.21 s)
PASS browser: chromium src/stories/LotsOfStories/LotsOfStuff747.stories.ts (14.136 s)
PASS browser: chromium src/stories/LotsOfStories/LotsOfStuff748.stories.ts (14.23 s)
PASS browser: chromium src/stories/LotsOfStories/LotsOfStuff751.stories.ts (14.494 s)
PASS browser: chromium src/stories/LotsOfStories/LotsOfStuff736.stories.ts (13.483 s)
PASS browser: chromium src/stories/LotsOfStories/LotsOfStuff746.stories.ts (13.955 s)
PASS browser: chromium src/stories/LotsOfStories/LotsOfStuff743.stories.ts (13.599 s)
PASS browser: chromium src/stories/LotsOfStories/LotsOfStuff744.stories.ts (13.678 s)
PASS browser: chromium src/stories/LotsOfStories/LotsOfStuff739.stories.ts (13.626 s)
PASS browser: chromium src/stories/LotsOfStories/LotsOfStuff735.stories.ts (13.602 s)
PASS browser: chromium src/stories/LotsOfStories/LotsOfStuff738.stories.ts (13.664 s)
PASS browser: chromium src/stories/LotsOfStories/LotsOfStuff737.stories.ts (13.668 s)
PASS browser: chromium src/stories/LotsOfStories/LotsOfStuff741.stories.ts (13.783 s)
PASS browser: chromium src/stories/LotsOfStories/LotsOfStuff742.stories.ts (13.79 s)
PASS browser: chromium src/stories/LotsOfStories/LotsOfStuff745.stories.ts (13.876 s)
PASS browser: chromium src/stories/LotsOfStories/LotsOfStuff733.stories.ts (13.723 s)
PASS browser: chromium src/stories/LotsOfStories/LotsOfStuff740.stories.ts (13.86 s)
PASS browser: chromium src/stories/LotsOfStories/LotsOfStuff730.stories.ts (13.662 s)
PASS browser: chromium src/stories/LotsOfStories/LotsOfStuff734.stories.ts (13.732 s)
PASS browser: chromium src/stories/LotsOfStories/LotsOfStuff731.stories.ts (13.68 s)
PASS browser: chromium src/stories/LotsOfStories/LotsOfStuff732.stories.ts (13.728 s)
PASS browser: chromium src/stories/LotsOfStories/LotsOfStuff727.stories.ts (13.621 s)
PASS browser: chromium src/stories/LotsOfStories/LotsOfStuff729.stories.ts (13.672 s)
PASS browser: chromium src/stories/LotsOfStories/LotsOfStuff724.stories.ts (13.579 s)
PASS browser: chromium src/stories/LotsOfStories/LotsOfStuff715.stories.ts (13.404 s)
PASS browser: chromium src/stories/LotsOfStories/LotsOfStuff720.stories.ts (13.494 s)
PASS browser: chromium src/stories/LotsOfStories/LotsOfStuff728.stories.ts (13.738 s)
PASS browser: chromium src/stories/LotsOfStories/LotsOfStuff718.stories.ts (13.574 s)
PASS browser: chromium src/stories/LotsOfStories/LotsOfStuff725.stories.ts (13.72 s)
PASS browser: chromium src/stories/LotsOfStories/LotsOfStuff723.stories.ts (13.658 s)
PASS browser: chromium src/stories/LotsOfStories/LotsOfStuff717.stories.ts (13.547 s)
PASS browser: chromium src/stories/LotsOfStories/LotsOfStuff716.stories.ts (13.609 s)
PASS browser: chromium src/stories/LotsOfStories/LotsOfStuff722.stories.ts (13.756 s)
PASS browser: chromium src/stories/LotsOfStories/LotsOfStuff721.stories.ts (13.765 s)
PASS browser: chromium src/stories/LotsOfStories/LotsOfStuff726.stories.ts (13.893 s)
PASS browser: chromium src/stories/LotsOfStories/LotsOfStuff719.stories.ts (13.754 s)
PASS browser: chromium src/stories/LotsOfStories/LotsOfStuff713.stories.ts (13.224 s)
PASS browser: chromium src/stories/LotsOfStories/LotsOfStuff710.stories.ts (13.129 s)
PASS browser: chromium src/stories/LotsOfStories/LotsOfStuff711.stories.ts (13.202 s)
PASS browser: chromium src/stories/LotsOfStories/LotsOfStuff709.stories.ts (13.176 s)
PASS browser: chromium src/stories/LotsOfStories/LotsOfStuff712.stories.ts (13.238 s)
PASS browser: chromium src/stories/LotsOfStories/LotsOfStuff714.stories.ts (13.341 s)
PASS browser: chromium src/stories/LotsOfStories/LotsOfStuff706.stories.ts (13.311 s)
PASS browser: chromium src/stories/LotsOfStories/LotsOfStuff697.stories.ts (13.662 s)
PASS browser: chromium src/stories/LotsOfStories/LotsOfStuff705.stories.ts (13.982 s)
PASS browser: chromium src/stories/LotsOfStories/LotsOfStuff704.stories.ts (13.939 s)
PASS browser: chromium src/stories/LotsOfStories/LotsOfStuff707.stories.ts (14.103 s)
PASS browser: chromium src/stories/LotsOfStories/LotsOfStuff696.stories.ts (13.802 s)
PASS browser: chromium src/stories/LotsOfStories/LotsOfStuff698.stories.ts (13.882 s)
PASS browser: chromium src/stories/LotsOfStories/LotsOfStuff708.stories.ts (14.144 s)
PASS browser: chromium src/stories/LotsOfStories/LotsOfStuff703.stories.ts (14.085 s)
PASS browser: chromium src/stories/LotsOfStories/LotsOfStuff700.stories.ts (14.008 s)
PASS browser: chromium src/stories/LotsOfStories/LotsOfStuff699.stories.ts (14.047 s)
PASS browser: chromium src/stories/LotsOfStories/LotsOfStuff701.stories.ts (14.096 s)
PASS browser: chromium src/stories/LotsOfStories/LotsOfStuff702.stories.ts (14.152 s)
PASS browser: chromium src/stories/LotsOfStories/LotsOfStuff693.stories.ts (13.942 s)
PASS browser: chromium src/stories/LotsOfStories/LotsOfStuff695.stories.ts (13.985 s)
PASS browser: chromium src/stories/LotsOfStories/LotsOfStuff691.stories.ts (14.113 s)
PASS browser: chromium src/stories/LotsOfStories/LotsOfStuff694.stories.ts (14.165 s)
PASS browser: chromium src/stories/LotsOfStories/LotsOfStuff689.stories.ts (14.085 s)
PASS browser: chromium src/stories/LotsOfStories/LotsOfStuff692.stories.ts (14.215 s)
PASS browser: chromium src/stories/LotsOfStories/LotsOfStuff682.stories.ts (12.751 s)
PASS browser: chromium src/stories/LotsOfStories/LotsOfStuff681.stories.ts (12.917 s)
PASS browser: chromium src/stories/LotsOfStories/LotsOfStuff679.stories.ts (12.832 s)
PASS browser: chromium src/stories/LotsOfStories/LotsOfStuff686.stories.ts (13.144 s)
PASS browser: chromium src/stories/LotsOfStories/LotsOfStuff688.stories.ts (13.164 s)
PASS browser: chromium src/stories/LotsOfStories/LotsOfStuff677.stories.ts (12.91 s)
PASS browser: chromium src/stories/LotsOfStories/LotsOfStuff678.stories.ts (12.93 s)
PASS browser: chromium src/stories/LotsOfStories/LotsOfStuff680.stories.ts (13 s)
PASS browser: chromium src/stories/LotsOfStories/LotsOfStuff687.stories.ts (13.37 s)
PASS browser: chromium src/stories/LotsOfStories/LotsOfStuff684.stories.ts (13.305 s)
PASS browser: chromium src/stories/LotsOfStories/LotsOfStuff683.stories.ts (13.26 s)
PASS browser: chromium src/stories/LotsOfStories/LotsOfStuff685.stories.ts (13.363 s)
PASS browser: chromium src/stories/LotsOfStories/LotsOfStuff690.stories.ts (13.935 s)
PASS browser: chromium src/stories/LotsOfStories/LotsOfStuff673.stories.ts (13.666 s)
PASS browser: chromium src/stories/LotsOfStories/LotsOfStuff676.stories.ts (14.109 s)
PASS browser: chromium src/stories/LotsOfStories/LotsOfStuff672.stories.ts (13.954 s)
PASS browser: chromium src/stories/LotsOfStories/LotsOfStuff671.stories.ts (14.053 s)
PASS browser: chromium src/stories/LotsOfStories/LotsOfStuff675.stories.ts (14.24 s)
PASS browser: chromium src/stories/LotsOfStories/LotsOfStuff674.stories.ts (14.132 s)
PASS browser: chromium src/stories/LotsOfStories/LotsOfStuff655.stories.ts (35.447 s)
FAIL browser: chromium src/stories/LotsOfStories/LotsOfStuff664.stories.ts (40.888 s)
  ΓùÅ Console

    console.log
      An error occurred in the following story, most likely because of a navigation: "Pages/LotsOfStuff664/Drawer And Dropdown Interaction". 
Retrying...

      at Object.<anonymous> (src/stories/LotsOfStories/LotsOfStuff664.stories.ts:534:37)

  ΓùÅ Pages/LotsOfStuff664 ΓÇ║ Default ΓÇ║ smoke-test

    thrown: "Exceeded timeout of 15000 ms for a test.
    Add a timeout value to this test to increase the timeout, if this is a long-running test. See 
https://jestjs.io/docs/api#testname-fn-timeout."

    [0m[0m

      at src/stories/LotsOfStories/LotsOfStuff664.stories.ts:129:13
      at src/stories/LotsOfStories/LotsOfStuff664.stories.ts:128:9
      at Object.<anonymous> (src/stories/LotsOfStories/LotsOfStuff664.stories.ts:127:5)

  ΓùÅ Pages/LotsOfStuff664 ΓÇ║ DrawerAndDropdownInteraction ΓÇ║ play-test

    thrown: "Exceeded timeout of 15000 ms for a test.
    Add a timeout value to this test to increase the timeout, if this is a long-running test. See 
https://jestjs.io/docs/api#testname-fn-timeout."

    [0m[0m

      at src/stories/LotsOfStories/LotsOfStuff664.stories.ts:425:13
      at src/stories/LotsOfStories/LotsOfStuff664.stories.ts:424:9
      at Object.<anonymous> (src/stories/LotsOfStories/LotsOfStuff664.stories.ts:127:5)

FAIL browser: chromium src/stories/LotsOfStories/LotsOfStuff660.stories.ts (40.714 s)
  ΓùÅ Console

    console.log
      An error occurred in the following story, most likely because of a navigation: "Pages/LotsOfStuff660/Drawer And Dropdown Interaction". 
Retrying...

      at Object.<anonymous> (src/stories/LotsOfStories/LotsOfStuff660.stories.ts:534:37)

  ΓùÅ Pages/LotsOfStuff660 ΓÇ║ Default ΓÇ║ smoke-test

    thrown: "Exceeded timeout of 15000 ms for a test.
    Add a timeout value to this test to increase the timeout, if this is a long-running test. See 
https://jestjs.io/docs/api#testname-fn-timeout."

    [0m[0m

      at src/stories/LotsOfStories/LotsOfStuff660.stories.ts:129:13
      at src/stories/LotsOfStories/LotsOfStuff660.stories.ts:128:9
      at Object.<anonymous> (src/stories/LotsOfStories/LotsOfStuff660.stories.ts:127:5)

  ΓùÅ Pages/LotsOfStuff660 ΓÇ║ DrawerAndDropdownInteraction ΓÇ║ play-test

    thrown: "Exceeded timeout of 15000 ms for a test.
    Add a timeout value to this test to increase the timeout, if this is a long-running test. See 
https://jestjs.io/docs/api#testname-fn-timeout."

    [0m[0m

      at src/stories/LotsOfStories/LotsOfStuff660.stories.ts:425:13
      at src/stories/LotsOfStories/LotsOfStuff660.stories.ts:424:9
      at Object.<anonymous> (src/stories/LotsOfStories/LotsOfStuff660.stories.ts:127:5)

FAIL browser: chromium src/stories/LotsOfStories/LotsOfStuff667.stories.ts (41.099 s)
  ΓùÅ Console

    console.log
      An error occurred in the following story, most likely because of a navigation: "Pages/LotsOfStuff667/Drawer And Dropdown Interaction". 
Retrying...

      at Object.<anonymous> (src/stories/LotsOfStories/LotsOfStuff667.stories.ts:534:37)

  ΓùÅ Pages/LotsOfStuff667 ΓÇ║ Default ΓÇ║ smoke-test

    thrown: "Exceeded timeout of 15000 ms for a test.
    Add a timeout value to this test to increase the timeout, if this is a long-running test. See 
https://jestjs.io/docs/api#testname-fn-timeout."

    [0m[0m

      at src/stories/LotsOfStories/LotsOfStuff667.stories.ts:129:13
      at src/stories/LotsOfStories/LotsOfStuff667.stories.ts:128:9
      at Object.<anonymous> (src/stories/LotsOfStories/LotsOfStuff667.stories.ts:127:5)

  ΓùÅ Pages/LotsOfStuff667 ΓÇ║ DrawerAndDropdownInteraction ΓÇ║ play-test

    thrown: "Exceeded timeout of 15000 ms for a test.
    Add a timeout value to this test to increase the timeout, if this is a long-running test. See 
https://jestjs.io/docs/api#testname-fn-timeout."

    [0m[0m

      at src/stories/LotsOfStories/LotsOfStuff667.stories.ts:425:13
      at src/stories/LotsOfStories/LotsOfStuff667.stories.ts:424:9
      at Object.<anonymous> (src/stories/LotsOfStories/LotsOfStuff667.stories.ts:127:5)

FAIL browser: chromium src/stories/LotsOfStories/LotsOfStuff668.stories.ts (40.993 s)
  ΓùÅ Console

    console.log
      An error occurred in the following story, most likely because of a navigation: "Pages/LotsOfStuff668/Drawer And Dropdown Interaction". 
Retrying...

      at Object.<anonymous> (src/stories/LotsOfStories/LotsOfStuff668.stories.ts:534:37)

  ΓùÅ Pages/LotsOfStuff668 ΓÇ║ Default ΓÇ║ smoke-test

    thrown: "Exceeded timeout of 15000 ms for a test.
    Add a timeout value to this test to increase the timeout, if this is a long-running test. See 
https://jestjs.io/docs/api#testname-fn-timeout."

    [0m[0m

      at src/stories/LotsOfStories/LotsOfStuff668.stories.ts:129:13
      at src/stories/LotsOfStories/LotsOfStuff668.stories.ts:128:9
      at Object.<anonymous> (src/stories/LotsOfStories/LotsOfStuff668.stories.ts:127:5)

  ΓùÅ Pages/LotsOfStuff668 ΓÇ║ DrawerAndDropdownInteraction ΓÇ║ play-test

    thrown: "Exceeded timeout of 15000 ms for a test.
    Add a timeout value to this test to increase the timeout, if this is a long-running test. See 
https://jestjs.io/docs/api#testname-fn-timeout."

    [0m[0m

      at src/stories/LotsOfStories/LotsOfStuff668.stories.ts:425:13
      at src/stories/LotsOfStories/LotsOfStuff668.stories.ts:424:9
      at Object.<anonymous> (src/stories/LotsOfStories/LotsOfStuff668.stories.ts:127:5)

FAIL browser: chromium src/stories/LotsOfStories/LotsOfStuff665.stories.ts (40.969 s)
  ΓùÅ Console

    console.log
      An error occurred in the following story, most likely because of a navigation: "Pages/LotsOfStuff665/Drawer And Dropdown Interaction". 
Retrying...

      at Object.<anonymous> (src/stories/LotsOfStories/LotsOfStuff665.stories.ts:534:37)

  ΓùÅ Pages/LotsOfStuff665 ΓÇ║ Default ΓÇ║ smoke-test

    thrown: "Exceeded timeout of 15000 ms for a test.
    Add a timeout value to this test to increase the timeout, if this is a long-running test. See 
https://jestjs.io/docs/api#testname-fn-timeout."

    [0m[0m

      at src/stories/LotsOfStories/LotsOfStuff665.stories.ts:129:13
      at src/stories/LotsOfStories/LotsOfStuff665.stories.ts:128:9
      at Object.<anonymous> (src/stories/LotsOfStories/LotsOfStuff665.stories.ts:127:5)

  ΓùÅ Pages/LotsOfStuff665 ΓÇ║ DrawerAndDropdownInteraction ΓÇ║ play-test

    thrown: "Exceeded timeout of 15000 ms for a test.
    Add a timeout value to this test to increase the timeout, if this is a long-running test. See 
https://jestjs.io/docs/api#testname-fn-timeout."

    [0m[0m

      at src/stories/LotsOfStories/LotsOfStuff665.stories.ts:425:13
      at src/stories/LotsOfStories/LotsOfStuff665.stories.ts:424:9
      at Object.<anonymous> (src/stories/LotsOfStories/LotsOfStuff665.stories.ts:127:5)

FAIL browser: chromium src/stories/LotsOfStories/LotsOfStuff661.stories.ts (40.913 s)
  ΓùÅ Console

    console.log
      An error occurred in the following story, most likely because of a navigation: "Pages/LotsOfStuff661/Drawer And Dropdown Interaction". 
Retrying...

      at Object.<anonymous> (src/stories/LotsOfStories/LotsOfStuff661.stories.ts:534:37)

  ΓùÅ Pages/LotsOfStuff661 ΓÇ║ Default ΓÇ║ smoke-test

    thrown: "Exceeded timeout of 15000 ms for a test.
    Add a timeout value to this test to increase the timeout, if this is a long-running test. See 
https://jestjs.io/docs/api#testname-fn-timeout."

    [0m[0m

      at src/stories/LotsOfStories/LotsOfStuff661.stories.ts:129:13
      at src/stories/LotsOfStories/LotsOfStuff661.stories.ts:128:9
      at Object.<anonymous> (src/stories/LotsOfStories/LotsOfStuff661.stories.ts:127:5)

  ΓùÅ Pages/LotsOfStuff661 ΓÇ║ DrawerAndDropdownInteraction ΓÇ║ play-test

    thrown: "Exceeded timeout of 15000 ms for a test.
    Add a timeout value to this test to increase the timeout, if this is a long-running test. See 
https://jestjs.io/docs/api#testname-fn-timeout."

    [0m[0m

      at src/stories/LotsOfStories/LotsOfStuff661.stories.ts:425:13
      at src/stories/LotsOfStories/LotsOfStuff661.stories.ts:424:9
      at Object.<anonymous> (src/stories/LotsOfStories/LotsOfStuff661.stories.ts:127:5)

FAIL browser: chromium src/stories/LotsOfStories/LotsOfStuff669.stories.ts (40.944 s)
  ΓùÅ Console

    console.log
      An error occurred in the following story, most likely because of a navigation: "Pages/LotsOfStuff669/Drawer And Dropdown Interaction". 
Retrying...

      at Object.<anonymous> (src/stories/LotsOfStories/LotsOfStuff669.stories.ts:534:37)

  ΓùÅ Pages/LotsOfStuff669 ΓÇ║ Default ΓÇ║ smoke-test

    thrown: "Exceeded timeout of 15000 ms for a test.
    Add a timeout value to this test to increase the timeout, if this is a long-running test. See 
https://jestjs.io/docs/api#testname-fn-timeout."

    [0m[0m

      at src/stories/LotsOfStories/LotsOfStuff669.stories.ts:129:13
      at src/stories/LotsOfStories/LotsOfStuff669.stories.ts:128:9
      at Object.<anonymous> (src/stories/LotsOfStories/LotsOfStuff669.stories.ts:127:5)

  ΓùÅ Pages/LotsOfStuff669 ΓÇ║ DrawerAndDropdownInteraction ΓÇ║ play-test

    thrown: "Exceeded timeout of 15000 ms for a test.
    Add a timeout value to this test to increase the timeout, if this is a long-running test. See 
https://jestjs.io/docs/api#testname-fn-timeout."

    [0m[0m

      at src/stories/LotsOfStories/LotsOfStuff669.stories.ts:425:13
      at src/stories/LotsOfStories/LotsOfStuff669.stories.ts:424:9
      at Object.<anonymous> (src/stories/LotsOfStories/LotsOfStuff669.stories.ts:127:5)

FAIL browser: chromium src/stories/LotsOfStories/LotsOfStuff663.stories.ts (41.11 s)
  ΓùÅ Console

    console.log
      An error occurred in the following story, most likely because of a navigation: "Pages/LotsOfStuff663/Drawer And Dropdown Interaction". 
Retrying...

      at Object.<anonymous> (src/stories/LotsOfStories/LotsOfStuff663.stories.ts:534:37)

  ΓùÅ Pages/LotsOfStuff663 ΓÇ║ Default ΓÇ║ smoke-test

    thrown: "Exceeded timeout of 15000 ms for a test.
    Add a timeout value to this test to increase the timeout, if this is a long-running test. See 
https://jestjs.io/docs/api#testname-fn-timeout."

    [0m[0m

      at src/stories/LotsOfStories/LotsOfStuff663.stories.ts:129:13
      at src/stories/LotsOfStories/LotsOfStuff663.stories.ts:128:9
      at Object.<anonymous> (src/stories/LotsOfStories/LotsOfStuff663.stories.ts:127:5)

  ΓùÅ Pages/LotsOfStuff663 ΓÇ║ DrawerAndDropdownInteraction ΓÇ║ play-test

    thrown: "Exceeded timeout of 15000 ms for a test.
    Add a timeout value to this test to increase the timeout, if this is a long-running test. See 
https://jestjs.io/docs/api#testname-fn-timeout."

    [0m[0m

      at src/stories/LotsOfStories/LotsOfStuff663.stories.ts:425:13
      at src/stories/LotsOfStories/LotsOfStuff663.stories.ts:424:9
      at Object.<anonymous> (src/stories/LotsOfStories/LotsOfStuff663.stories.ts:127:5)

FAIL browser: chromium src/stories/LotsOfStories/LotsOfStuff666.stories.ts (41.259 s)
  ΓùÅ Console

    console.log
      An error occurred in the following story, most likely because of a navigation: "Pages/LotsOfStuff666/Drawer And Dropdown Interaction". 
Retrying...

      at Object.<anonymous> (src/stories/LotsOfStories/LotsOfStuff666.stories.ts:534:37)

  ΓùÅ Pages/LotsOfStuff666 ΓÇ║ Default ΓÇ║ smoke-test

    thrown: "Exceeded timeout of 15000 ms for a test.
    Add a timeout value to this test to increase the timeout, if this is a long-running test. See 
https://jestjs.io/docs/api#testname-fn-timeout."

    [0m[0m

      at src/stories/LotsOfStories/LotsOfStuff666.stories.ts:129:13
      at src/stories/LotsOfStories/LotsOfStuff666.stories.ts:128:9
      at Object.<anonymous> (src/stories/LotsOfStories/LotsOfStuff666.stories.ts:127:5)

  ΓùÅ Pages/LotsOfStuff666 ΓÇ║ DrawerAndDropdownInteraction ΓÇ║ play-test

    thrown: "Exceeded timeout of 15000 ms for a test.
    Add a timeout value to this test to increase the timeout, if this is a long-running test. See 
https://jestjs.io/docs/api#testname-fn-timeout."

    [0m[0m

      at src/stories/LotsOfStories/LotsOfStuff666.stories.ts:425:13
      at src/stories/LotsOfStories/LotsOfStuff666.stories.ts:424:9
      at Object.<anonymous> (src/stories/LotsOfStories/LotsOfStuff666.stories.ts:127:5)

FAIL browser: chromium src/stories/LotsOfStories/LotsOfStuff659.stories.ts (40.968 s)
  ΓùÅ Console

    console.log
      An error occurred in the following story, most likely because of a navigation: "Pages/LotsOfStuff659/Drawer And Dropdown Interaction". 
Retrying...

      at Object.<anonymous> (src/stories/LotsOfStories/LotsOfStuff659.stories.ts:534:37)

  ΓùÅ Pages/LotsOfStuff659 ΓÇ║ Default ΓÇ║ smoke-test

    thrown: "Exceeded timeout of 15000 ms for a test.
    Add a timeout value to this test to increase the timeout, if this is a long-running test. See 
https://jestjs.io/docs/api#testname-fn-timeout."

    [0m[0m

      at src/stories/LotsOfStories/LotsOfStuff659.stories.ts:129:13
      at src/stories/LotsOfStories/LotsOfStuff659.stories.ts:128:9
      at Object.<anonymous> (src/stories/LotsOfStories/LotsOfStuff659.stories.ts:127:5)

  ΓùÅ Pages/LotsOfStuff659 ΓÇ║ DrawerAndDropdownInteraction ΓÇ║ play-test

    thrown: "Exceeded timeout of 15000 ms for a test.
    Add a timeout value to this test to increase the timeout, if this is a long-running test. See 
https://jestjs.io/docs/api#testname-fn-timeout."

    [0m[0m

      at src/stories/LotsOfStories/LotsOfStuff659.stories.ts:425:13
      at src/stories/LotsOfStories/LotsOfStuff659.stories.ts:424:9
      at Object.<anonymous> (src/stories/LotsOfStories/LotsOfStuff659.stories.ts:127:5)

FAIL browser: chromium src/stories/LotsOfStories/LotsOfStuff662.stories.ts (41.099 s)
  ΓùÅ Console

    console.log
      An error occurred in the following story, most likely because of a navigation: "Pages/LotsOfStuff662/Drawer And Dropdown Interaction". 
Retrying...

      at Object.<anonymous> (src/stories/LotsOfStories/LotsOfStuff662.stories.ts:534:37)

  ΓùÅ Pages/LotsOfStuff662 ΓÇ║ Default ΓÇ║ smoke-test

    thrown: "Exceeded timeout of 15000 ms for a test.
    Add a timeout value to this test to increase the timeout, if this is a long-running test. See 
https://jestjs.io/docs/api#testname-fn-timeout."

    [0m[0m

      at src/stories/LotsOfStories/LotsOfStuff662.stories.ts:129:13
      at src/stories/LotsOfStories/LotsOfStuff662.stories.ts:128:9
      at Object.<anonymous> (src/stories/LotsOfStories/LotsOfStuff662.stories.ts:127:5)

  ΓùÅ Pages/LotsOfStuff662 ΓÇ║ DrawerAndDropdownInteraction ΓÇ║ play-test

    thrown: "Exceeded timeout of 15000 ms for a test.
    Add a timeout value to this test to increase the timeout, if this is a long-running test. See 
https://jestjs.io/docs/api#testname-fn-timeout."

    [0m[0m

      at src/stories/LotsOfStories/LotsOfStuff662.stories.ts:425:13
      at src/stories/LotsOfStories/LotsOfStuff662.stories.ts:424:9
      at Object.<anonymous> (src/stories/LotsOfStories/LotsOfStuff662.stories.ts:127:5)

FAIL browser: chromium src/stories/LotsOfStories/LotsOfStuff657.stories.ts (41.175 s)
  ΓùÅ Console

    console.log
      An error occurred in the following story, most likely because of a navigation: "Pages/LotsOfStuff657/Drawer And Dropdown Interaction". 
Retrying...

      at Object.<anonymous> (src/stories/LotsOfStories/LotsOfStuff657.stories.ts:534:37)

  ΓùÅ Pages/LotsOfStuff657 ΓÇ║ Default ΓÇ║ smoke-test

    thrown: "Exceeded timeout of 15000 ms for a test.
    Add a timeout value to this test to increase the timeout, if this is a long-running test. See 
https://jestjs.io/docs/api#testname-fn-timeout."

    [0m[0m

      at src/stories/LotsOfStories/LotsOfStuff657.stories.ts:129:13
      at src/stories/LotsOfStories/LotsOfStuff657.stories.ts:128:9
      at Object.<anonymous> (src/stories/LotsOfStories/LotsOfStuff657.stories.ts:127:5)

  ΓùÅ Pages/LotsOfStuff657 ΓÇ║ DrawerAndDropdownInteraction ΓÇ║ play-test

    thrown: "Exceeded timeout of 15000 ms for a test.
    Add a timeout value to this test to increase the timeout, if this is a long-running test. See 
https://jestjs.io/docs/api#testname-fn-timeout."

    [0m[0m

      at src/stories/LotsOfStories/LotsOfStuff657.stories.ts:425:13
      at src/stories/LotsOfStories/LotsOfStuff657.stories.ts:424:9
      at Object.<anonymous> (src/stories/LotsOfStories/LotsOfStuff657.stories.ts:127:5)

FAIL browser: chromium src/stories/LotsOfStories/LotsOfStuff670.stories.ts (41.757 s)
  ΓùÅ Console

    console.log
      An error occurred in the following story, most likely because of a navigation: "Pages/LotsOfStuff670/Drawer And Dropdown Interaction". 
Retrying...

      at Object.<anonymous> (src/stories/LotsOfStories/LotsOfStuff670.stories.ts:534:37)

  ΓùÅ Pages/LotsOfStuff670 ΓÇ║ Default ΓÇ║ smoke-test

    thrown: "Exceeded timeout of 15000 ms for a test.
    Add a timeout value to this test to increase the timeout, if this is a long-running test. See 
https://jestjs.io/docs/api#testname-fn-timeout."

    [0m[0m

      at src/stories/LotsOfStories/LotsOfStuff670.stories.ts:129:13
      at src/stories/LotsOfStories/LotsOfStuff670.stories.ts:128:9
      at Object.<anonymous> (src/stories/LotsOfStories/LotsOfStuff670.stories.ts:127:5)

  ΓùÅ Pages/LotsOfStuff670 ΓÇ║ DrawerAndDropdownInteraction ΓÇ║ play-test

    thrown: "Exceeded timeout of 15000 ms for a test.
    Add a timeout value to this test to increase the timeout, if this is a long-running test. See 
https://jestjs.io/docs/api#testname-fn-timeout."

    [0m[0m

      at src/stories/LotsOfStories/LotsOfStuff670.stories.ts:425:13
      at src/stories/LotsOfStories/LotsOfStuff670.stories.ts:424:9
      at Object.<anonymous> (src/stories/LotsOfStories/LotsOfStuff670.stories.ts:127:5)

PASS browser: chromium src/stories/LotsOfStories/LotsOfStuff656.stories.ts (36.138 s)
PASS browser: chromium src/stories/LotsOfStories/LotsOfStuff654.stories.ts (36.387 s)
PASS browser: chromium src/stories/LotsOfStories/LotsOfStuff658.stories.ts (37.248 s)
PASS browser: chromium src/stories/LotsOfStories/LotsOfStuff652.stories.ts (36.84 s)
PASS browser: chromium src/stories/LotsOfStories/LotsOfStuff653.stories.ts (37.21 s)
FAIL browser: chromium src/stories/LotsOfStories/LotsOfStuff639.stories.ts (48.294 s)
  ΓùÅ Pages/LotsOfStuff639 ΓÇ║ Default ΓÇ║ smoke-test

    thrown: "Exceeded timeout of 15000 ms for a test.
    Add a timeout value to this test to increase the timeout, if this is a long-running test. See 
https://jestjs.io/docs/api#testname-fn-timeout."

    [0m[0m

      at src/stories/LotsOfStories/LotsOfStuff639.stories.ts:129:13
      at src/stories/LotsOfStories/LotsOfStuff639.stories.ts:128:9
      at Object.<anonymous> (src/stories/LotsOfStories/LotsOfStuff639.stories.ts:127:5)

  ΓùÅ Pages/LotsOfStuff639 ΓÇ║ FormFilledOut ΓÇ║ play-test

    thrown: "Exceeded timeout of 15000 ms for a test.
    Add a timeout value to this test to increase the timeout, if this is a long-running test. See 
https://jestjs.io/docs/api#testname-fn-timeout."

    [0m[0m

      at src/stories/LotsOfStories/LotsOfStuff639.stories.ts:277:13
      at src/stories/LotsOfStories/LotsOfStuff639.stories.ts:276:9
      at Object.<anonymous> (src/stories/LotsOfStories/LotsOfStuff639.stories.ts:127:5)

  ΓùÅ Pages/LotsOfStuff639 ΓÇ║ DrawerAndDropdownInteraction ΓÇ║ play-test

    page.evaluate: StorybookTestRunnerError: 
    An error occurred in the following story. Access the link for full output:
    http://127.0.0.1:6006/?path=/story/pages-lotsofstuff639--drawer-and-dropdown-interaction&addonPanel=storybook/interactions/panel

    Message:
     Cannot update an unmounted root.

    [0m[0m

      at src/stories/LotsOfStories/LotsOfStuff639.stories.ts:455:58
      at step (src/stories/LotsOfStories/LotsOfStuff639.stories.ts:109:23)
      at Object.next (src/stories/LotsOfStories/LotsOfStuff639.stories.ts:50:20)
      at asyncGeneratorStep (src/stories/LotsOfStories/LotsOfStuff639.stories.ts:4:28)
      at _next (src/stories/LotsOfStories/LotsOfStuff639.stories.ts:22:17)
      at src/stories/LotsOfStories/LotsOfStuff639.stories.ts:27:13
      at src/stories/LotsOfStories/LotsOfStuff639.stories.ts:19:16
      at testFn (src/stories/LotsOfStories/LotsOfStuff639.stories.ts:507:49)
      at Object.<anonymous> (src/stories/LotsOfStories/LotsOfStuff639.stories.ts:520:33)
      at step (src/stories/LotsOfStories/LotsOfStuff639.stories.ts:109:23)
      at Object.next (src/stories/LotsOfStories/LotsOfStuff639.stories.ts:50:20)
      at asyncGeneratorStep (src/stories/LotsOfStories/LotsOfStuff639.stories.ts:4:28)
      at _next (src/stories/LotsOfStories/LotsOfStuff639.stories.ts:22:17)
      at src/stories/LotsOfStories/LotsOfStuff639.stories.ts:27:13
      at Object.<anonymous> (src/stories/LotsOfStories/LotsOfStuff639.stories.ts:19:16)

FAIL browser: chromium src/stories/LotsOfStories/LotsOfStuff648.stories.ts (48.96 s)
  ΓùÅ Pages/LotsOfStuff648 ΓÇ║ Default ΓÇ║ smoke-test

    thrown: "Exceeded timeout of 15000 ms for a test.
    Add a timeout value to this test to increase the timeout, if this is a long-running test. See 
https://jestjs.io/docs/api#testname-fn-timeout."

    [0m[0m

      at src/stories/LotsOfStories/LotsOfStuff648.stories.ts:129:13
      at src/stories/LotsOfStories/LotsOfStuff648.stories.ts:128:9
      at Object.<anonymous> (src/stories/LotsOfStories/LotsOfStuff648.stories.ts:127:5)

  ΓùÅ Pages/LotsOfStuff648 ΓÇ║ FormFilledOut ΓÇ║ play-test

    thrown: "Exceeded timeout of 15000 ms for a test.
    Add a timeout value to this test to increase the timeout, if this is a long-running test. See 
https://jestjs.io/docs/api#testname-fn-timeout."

    [0m[0m

      at src/stories/LotsOfStories/LotsOfStuff648.stories.ts:277:13
      at src/stories/LotsOfStories/LotsOfStuff648.stories.ts:276:9
      at Object.<anonymous> (src/stories/LotsOfStories/LotsOfStuff648.stories.ts:127:5)

FAIL browser: chromium src/stories/LotsOfStories/LotsOfStuff644.stories.ts (48.792 s)
  ΓùÅ Pages/LotsOfStuff644 ΓÇ║ Default ΓÇ║ smoke-test

    thrown: "Exceeded timeout of 15000 ms for a test.
    Add a timeout value to this test to increase the timeout, if this is a long-running test. See 
https://jestjs.io/docs/api#testname-fn-timeout."

    [0m[0m

      at src/stories/LotsOfStories/LotsOfStuff644.stories.ts:129:13
      at src/stories/LotsOfStories/LotsOfStuff644.stories.ts:128:9
      at Object.<anonymous> (src/stories/LotsOfStories/LotsOfStuff644.stories.ts:127:5)

  ΓùÅ Pages/LotsOfStuff644 ΓÇ║ FormFilledOut ΓÇ║ play-test

    thrown: "Exceeded timeout of 15000 ms for a test.
    Add a timeout value to this test to increase the timeout, if this is a long-running test. See 
https://jestjs.io/docs/api#testname-fn-timeout."

    [0m[0m

      at src/stories/LotsOfStories/LotsOfStuff644.stories.ts:277:13
      at src/stories/LotsOfStories/LotsOfStuff644.stories.ts:276:9
      at Object.<anonymous> (src/stories/LotsOfStories/LotsOfStuff644.stories.ts:127:5)

FAIL browser: chromium src/stories/LotsOfStories/LotsOfStuff651.stories.ts (49.249 s)
  ΓùÅ Pages/LotsOfStuff651 ΓÇ║ Default ΓÇ║ smoke-test

    thrown: "Exceeded timeout of 15000 ms for a test.
    Add a timeout value to this test to increase the timeout, if this is a long-running test. See 
https://jestjs.io/docs/api#testname-fn-timeout."

    [0m[0m

      at src/stories/LotsOfStories/LotsOfStuff651.stories.ts:129:13
      at src/stories/LotsOfStories/LotsOfStuff651.stories.ts:128:9
      at Object.<anonymous> (src/stories/LotsOfStories/LotsOfStuff651.stories.ts:127:5)

  ΓùÅ Pages/LotsOfStuff651 ΓÇ║ FormFilledOut ΓÇ║ play-test

    thrown: "Exceeded timeout of 15000 ms for a test.
    Add a timeout value to this test to increase the timeout, if this is a long-running test. See 
https://jestjs.io/docs/api#testname-fn-timeout."

    [0m[0m

      at src/stories/LotsOfStories/LotsOfStuff651.stories.ts:277:13
      at src/stories/LotsOfStories/LotsOfStuff651.stories.ts:276:9
      at Object.<anonymous> (src/stories/LotsOfStories/LotsOfStuff651.stories.ts:127:5)

FAIL browser: chromium src/stories/LotsOfStories/LotsOfStuff645.stories.ts (48.884 s)
  ΓùÅ Pages/LotsOfStuff645 ΓÇ║ Default ΓÇ║ smoke-test

    thrown: "Exceeded timeout of 15000 ms for a test.
    Add a timeout value to this test to increase the timeout, if this is a long-running test. See 
https://jestjs.io/docs/api#testname-fn-timeout."

    [0m[0m

      at src/stories/LotsOfStories/LotsOfStuff645.stories.ts:129:13
      at src/stories/LotsOfStories/LotsOfStuff645.stories.ts:128:9
      at Object.<anonymous> (src/stories/LotsOfStories/LotsOfStuff645.stories.ts:127:5)

  ΓùÅ Pages/LotsOfStuff645 ΓÇ║ FormFilledOut ΓÇ║ play-test

    thrown: "Exceeded timeout of 15000 ms for a test.
    Add a timeout value to this test to increase the timeout, if this is a long-running test. See 
https://jestjs.io/docs/api#testname-fn-timeout."

    [0m[0m

      at src/stories/LotsOfStories/LotsOfStuff645.stories.ts:277:13
      at src/stories/LotsOfStories/LotsOfStuff645.stories.ts:276:9
      at Object.<anonymous> (src/stories/LotsOfStories/LotsOfStuff645.stories.ts:127:5)

FAIL browser: chromium src/stories/LotsOfStories/LotsOfStuff632.stories.ts (47.428 s)
  ΓùÅ Pages/LotsOfStuff632 ΓÇ║ Default ΓÇ║ smoke-test

    thrown: "Exceeded timeout of 15000 ms for a test.
    Add a timeout value to this test to increase the timeout, if this is a long-running test. See 
https://jestjs.io/docs/api#testname-fn-timeout."

    [0m[0m

      at src/stories/LotsOfStories/LotsOfStuff632.stories.ts:129:13
      at src/stories/LotsOfStories/LotsOfStuff632.stories.ts:128:9
      at Object.<anonymous> (src/stories/LotsOfStories/LotsOfStuff632.stories.ts:127:5)

  ΓùÅ Pages/LotsOfStuff632 ΓÇ║ FormFilledOut ΓÇ║ play-test

    thrown: "Exceeded timeout of 15000 ms for a test.
    Add a timeout value to this test to increase the timeout, if this is a long-running test. See 
https://jestjs.io/docs/api#testname-fn-timeout."

    [0m[0m

      at src/stories/LotsOfStories/LotsOfStuff632.stories.ts:277:13
      at src/stories/LotsOfStories/LotsOfStuff632.stories.ts:276:9
      at Object.<anonymous> (src/stories/LotsOfStories/LotsOfStuff632.stories.ts:127:5)

FAIL browser: chromium src/stories/LotsOfStories/LotsOfStuff650.stories.ts (49.201 s)
  ΓùÅ Pages/LotsOfStuff650 ΓÇ║ Default ΓÇ║ smoke-test

    thrown: "Exceeded timeout of 15000 ms for a test.
    Add a timeout value to this test to increase the timeout, if this is a long-running test. See 
https://jestjs.io/docs/api#testname-fn-timeout."

    [0m[0m

      at src/stories/LotsOfStories/LotsOfStuff650.stories.ts:129:13
      at src/stories/LotsOfStories/LotsOfStuff650.stories.ts:128:9
      at Object.<anonymous> (src/stories/LotsOfStories/LotsOfStuff650.stories.ts:127:5)

  ΓùÅ Pages/LotsOfStuff650 ΓÇ║ FormFilledOut ΓÇ║ play-test

    thrown: "Exceeded timeout of 15000 ms for a test.
    Add a timeout value to this test to increase the timeout, if this is a long-running test. See 
https://jestjs.io/docs/api#testname-fn-timeout."

    [0m[0m

      at src/stories/LotsOfStories/LotsOfStuff650.stories.ts:277:13
      at src/stories/LotsOfStories/LotsOfStuff650.stories.ts:276:9
      at Object.<anonymous> (src/stories/LotsOfStories/LotsOfStuff650.stories.ts:127:5)

FAIL browser: chromium src/stories/LotsOfStories/LotsOfStuff635.stories.ts (48.415 s)
  ΓùÅ Pages/LotsOfStuff635 ΓÇ║ Default ΓÇ║ smoke-test

    thrown: "Exceeded timeout of 15000 ms for a test.
    Add a timeout value to this test to increase the timeout, if this is a long-running test. See 
https://jestjs.io/docs/api#testname-fn-timeout."

    [0m[0m

      at src/stories/LotsOfStories/LotsOfStuff635.stories.ts:129:13
      at src/stories/LotsOfStories/LotsOfStuff635.stories.ts:128:9
      at Object.<anonymous> (src/stories/LotsOfStories/LotsOfStuff635.stories.ts:127:5)

  ΓùÅ Pages/LotsOfStuff635 ΓÇ║ FormFilledOut ΓÇ║ play-test

    thrown: "Exceeded timeout of 15000 ms for a test.
    Add a timeout value to this test to increase the timeout, if this is a long-running test. See 
https://jestjs.io/docs/api#testname-fn-timeout."

    [0m[0m

      at src/stories/LotsOfStories/LotsOfStuff635.stories.ts:277:13
      at src/stories/LotsOfStories/LotsOfStuff635.stories.ts:276:9
      at Object.<anonymous> (src/stories/LotsOfStories/LotsOfStuff635.stories.ts:127:5)

FAIL browser: chromium src/stories/LotsOfStories/LotsOfStuff634.stories.ts (47.874 s)
  ΓùÅ Pages/LotsOfStuff634 ΓÇ║ Default ΓÇ║ smoke-test

    thrown: "Exceeded timeout of 15000 ms for a test.
    Add a timeout value to this test to increase the timeout, if this is a long-running test. See 
https://jestjs.io/docs/api#testname-fn-timeout."

    [0m[0m

      at src/stories/LotsOfStories/LotsOfStuff634.stories.ts:129:13
      at src/stories/LotsOfStories/LotsOfStuff634.stories.ts:128:9
      at Object.<anonymous> (src/stories/LotsOfStories/LotsOfStuff634.stories.ts:127:5)

  ΓùÅ Pages/LotsOfStuff634 ΓÇ║ FormFilledOut ΓÇ║ play-test

    thrown: "Exceeded timeout of 15000 ms for a test.
    Add a timeout value to this test to increase the timeout, if this is a long-running test. See 
https://jestjs.io/docs/api#testname-fn-timeout."

    [0m[0m

      at src/stories/LotsOfStories/LotsOfStuff634.stories.ts:277:13
      at src/stories/LotsOfStories/LotsOfStuff634.stories.ts:276:9
      at Object.<anonymous> (src/stories/LotsOfStories/LotsOfStuff634.stories.ts:127:5)

FAIL browser: chromium src/stories/LotsOfStories/LotsOfStuff646.stories.ts (49.148 s)
  ΓùÅ Pages/LotsOfStuff646 ΓÇ║ Default ΓÇ║ smoke-test

    thrown: "Exceeded timeout of 15000 ms for a test.
    Add a timeout value to this test to increase the timeout, if this is a long-running test. See 
https://jestjs.io/docs/api#testname-fn-timeout."

    [0m[0m

      at src/stories/LotsOfStories/LotsOfStuff646.stories.ts:129:13
      at src/stories/LotsOfStories/LotsOfStuff646.stories.ts:128:9
      at Object.<anonymous> (src/stories/LotsOfStories/LotsOfStuff646.stories.ts:127:5)

  ΓùÅ Pages/LotsOfStuff646 ΓÇ║ FormFilledOut ΓÇ║ play-test

    thrown: "Exceeded timeout of 15000 ms for a test.
    Add a timeout value to this test to increase the timeout, if this is a long-running test. See 
https://jestjs.io/docs/api#testname-fn-timeout."

    [0m[0m

      at src/stories/LotsOfStories/LotsOfStuff646.stories.ts:277:13
      at src/stories/LotsOfStories/LotsOfStuff646.stories.ts:276:9
      at Object.<anonymous> (src/stories/LotsOfStories/LotsOfStuff646.stories.ts:127:5)

FAIL browser: chromium src/stories/LotsOfStories/LotsOfStuff643.stories.ts (49.04 s)
  ΓùÅ Pages/LotsOfStuff643 ΓÇ║ Default ΓÇ║ smoke-test

    thrown: "Exceeded timeout of 15000 ms for a test.
    Add a timeout value to this test to increase the timeout, if this is a long-running test. See 
https://jestjs.io/docs/api#testname-fn-timeout."

    [0m[0m

      at src/stories/LotsOfStories/LotsOfStuff643.stories.ts:129:13
      at src/stories/LotsOfStories/LotsOfStuff643.stories.ts:128:9
      at Object.<anonymous> (src/stories/LotsOfStories/LotsOfStuff643.stories.ts:127:5)

  ΓùÅ Pages/LotsOfStuff643 ΓÇ║ FormFilledOut ΓÇ║ play-test

    thrown: "Exceeded timeout of 15000 ms for a test.
    Add a timeout value to this test to increase the timeout, if this is a long-running test. See 
https://jestjs.io/docs/api#testname-fn-timeout."

    [0m[0m

      at src/stories/LotsOfStories/LotsOfStuff643.stories.ts:277:13
      at src/stories/LotsOfStories/LotsOfStuff643.stories.ts:276:9
      at Object.<anonymous> (src/stories/LotsOfStories/LotsOfStuff643.stories.ts:127:5)

FAIL browser: chromium src/stories/LotsOfStories/LotsOfStuff647.stories.ts (49.156 s)
  ΓùÅ Pages/LotsOfStuff647 ΓÇ║ Default ΓÇ║ smoke-test

    thrown: "Exceeded timeout of 15000 ms for a test.
    Add a timeout value to this test to increase the timeout, if this is a long-running test. See 
https://jestjs.io/docs/api#testname-fn-timeout."

    [0m[0m

      at src/stories/LotsOfStories/LotsOfStuff647.stories.ts:129:13
      at src/stories/LotsOfStories/LotsOfStuff647.stories.ts:128:9
      at Object.<anonymous> (src/stories/LotsOfStories/LotsOfStuff647.stories.ts:127:5)

  ΓùÅ Pages/LotsOfStuff647 ΓÇ║ FormFilledOut ΓÇ║ play-test

    thrown: "Exceeded timeout of 15000 ms for a test.
    Add a timeout value to this test to increase the timeout, if this is a long-running test. See 
https://jestjs.io/docs/api#testname-fn-timeout."

    [0m[0m

      at src/stories/LotsOfStories/LotsOfStuff647.stories.ts:277:13
      at src/stories/LotsOfStories/LotsOfStuff647.stories.ts:276:9
      at Object.<anonymous> (src/stories/LotsOfStories/LotsOfStuff647.stories.ts:127:5)

FAIL browser: chromium src/stories/LotsOfStories/LotsOfStuff649.stories.ts (49.5 s)
  ΓùÅ Pages/LotsOfStuff649 ΓÇ║ Default ΓÇ║ smoke-test

    thrown: "Exceeded timeout of 15000 ms for a test.
    Add a timeout value to this test to increase the timeout, if this is a long-running test. See 
https://jestjs.io/docs/api#testname-fn-timeout."

    [0m[0m

      at src/stories/LotsOfStories/LotsOfStuff649.stories.ts:129:13
      at src/stories/LotsOfStories/LotsOfStuff649.stories.ts:128:9
      at Object.<anonymous> (src/stories/LotsOfStories/LotsOfStuff649.stories.ts:127:5)

  ΓùÅ Pages/LotsOfStuff649 ΓÇ║ FormFilledOut ΓÇ║ play-test

    thrown: "Exceeded timeout of 15000 ms for a test.
    Add a timeout value to this test to increase the timeout, if this is a long-running test. See 
https://jestjs.io/docs/api#testname-fn-timeout."

    [0m[0m

      at src/stories/LotsOfStories/LotsOfStuff649.stories.ts:277:13
      at src/stories/LotsOfStories/LotsOfStuff649.stories.ts:276:9
      at Object.<anonymous> (src/stories/LotsOfStories/LotsOfStuff649.stories.ts:127:5)

FAIL browser: chromium src/stories/LotsOfStories/LotsOfStuff641.stories.ts (49.196 s)
  ΓùÅ Pages/LotsOfStuff641 ΓÇ║ Default ΓÇ║ smoke-test

    thrown: "Exceeded timeout of 15000 ms for a test.
    Add a timeout value to this test to increase the timeout, if this is a long-running test. See 
https://jestjs.io/docs/api#testname-fn-timeout."

    [0m[0m

      at src/stories/LotsOfStories/LotsOfStuff641.stories.ts:129:13
      at src/stories/LotsOfStories/LotsOfStuff641.stories.ts:128:9
      at Object.<anonymous> (src/stories/LotsOfStories/LotsOfStuff641.stories.ts:127:5)

  ΓùÅ Pages/LotsOfStuff641 ΓÇ║ FormFilledOut ΓÇ║ play-test

    thrown: "Exceeded timeout of 15000 ms for a test.
    Add a timeout value to this test to increase the timeout, if this is a long-running test. See 
https://jestjs.io/docs/api#testname-fn-timeout."

    [0m[0m

      at src/stories/LotsOfStories/LotsOfStuff641.stories.ts:277:13
      at src/stories/LotsOfStories/LotsOfStuff641.stories.ts:276:9
      at Object.<anonymous> (src/stories/LotsOfStories/LotsOfStuff641.stories.ts:127:5)

FAIL browser: chromium src/stories/LotsOfStories/LotsOfStuff640.stories.ts (60 s)
  ΓùÅ Pages/LotsOfStuff640 ΓÇ║ Default ΓÇ║ smoke-test

    thrown: "Exceeded timeout of 15000 ms for a test.
    Add a timeout value to this test to increase the timeout, if this is a long-running test. See 
https://jestjs.io/docs/api#testname-fn-timeout."

    [0m[0m

      at src/stories/LotsOfStories/LotsOfStuff640.stories.ts:129:13
      at src/stories/LotsOfStories/LotsOfStuff640.stories.ts:128:9
      at Object.<anonymous> (src/stories/LotsOfStories/LotsOfStuff640.stories.ts:127:5)

  ΓùÅ Pages/LotsOfStuff640 ΓÇ║ FormFilledOut ΓÇ║ play-test

    thrown: "Exceeded timeout of 15000 ms for a test.
    Add a timeout value to this test to increase the timeout, if this is a long-running test. See 
https://jestjs.io/docs/api#testname-fn-timeout."

    [0m[0m

      at src/stories/LotsOfStories/LotsOfStuff640.stories.ts:277:13
      at src/stories/LotsOfStories/LotsOfStuff640.stories.ts:276:9
      at Object.<anonymous> (src/stories/LotsOfStories/LotsOfStuff640.stories.ts:127:5)

  ΓùÅ Pages/LotsOfStuff640 ΓÇ║ DrawerAndDropdownInteraction ΓÇ║ play-test

    thrown: "Exceeded timeout of 15000 ms for a test.
    Add a timeout value to this test to increase the timeout, if this is a long-running test. See 
https://jestjs.io/docs/api#testname-fn-timeout."

    [0m[0m

      at src/stories/LotsOfStories/LotsOfStuff640.stories.ts:425:13
      at src/stories/LotsOfStories/LotsOfStuff640.stories.ts:424:9
      at Object.<anonymous> (src/stories/LotsOfStories/LotsOfStuff640.stories.ts:127:5)

FAIL browser: chromium src/stories/LotsOfStories/LotsOfStuff642.stories.ts (60.336 s)
  ΓùÅ Pages/LotsOfStuff642 ΓÇ║ Default ΓÇ║ smoke-test

    thrown: "Exceeded timeout of 15000 ms for a test.
    Add a timeout value to this test to increase the timeout, if this is a long-running test. See 
https://jestjs.io/docs/api#testname-fn-timeout."

    [0m[0m

      at src/stories/LotsOfStories/LotsOfStuff642.stories.ts:129:13
      at src/stories/LotsOfStories/LotsOfStuff642.stories.ts:128:9
      at Object.<anonymous> (src/stories/LotsOfStories/LotsOfStuff642.stories.ts:127:5)

  ΓùÅ Pages/LotsOfStuff642 ΓÇ║ FormFilledOut ΓÇ║ play-test

    thrown: "Exceeded timeout of 15000 ms for a test.
    Add a timeout value to this test to increase the timeout, if this is a long-running test. See 
https://jestjs.io/docs/api#testname-fn-timeout."

    [0m[0m

      at src/stories/LotsOfStories/LotsOfStuff642.stories.ts:277:13
      at src/stories/LotsOfStories/LotsOfStuff642.stories.ts:276:9
      at Object.<anonymous> (src/stories/LotsOfStories/LotsOfStuff642.stories.ts:127:5)

  ΓùÅ Pages/LotsOfStuff642 ΓÇ║ DrawerAndDropdownInteraction ΓÇ║ play-test

    thrown: "Exceeded timeout of 15000 ms for a test.
    Add a timeout value to this test to increase the timeout, if this is a long-running test. See 
https://jestjs.io/docs/api#testname-fn-timeout."

    [0m[0m

      at src/stories/LotsOfStories/LotsOfStuff642.stories.ts:425:13
      at src/stories/LotsOfStories/LotsOfStuff642.stories.ts:424:9
      at Object.<anonymous> (src/stories/LotsOfStories/LotsOfStuff642.stories.ts:127:5)

FAIL browser: chromium src/stories/LotsOfStories/LotsOfStuff636.stories.ts (59.736 s)
  ΓùÅ Pages/LotsOfStuff636 ΓÇ║ Default ΓÇ║ smoke-test

    thrown: "Exceeded timeout of 15000 ms for a test.
    Add a timeout value to this test to increase the timeout, if this is a long-running test. See 
https://jestjs.io/docs/api#testname-fn-timeout."

    [0m[0m

      at src/stories/LotsOfStories/LotsOfStuff636.stories.ts:129:13
      at src/stories/LotsOfStories/LotsOfStuff636.stories.ts:128:9
      at Object.<anonymous> (src/stories/LotsOfStories/LotsOfStuff636.stories.ts:127:5)

  ΓùÅ Pages/LotsOfStuff636 ΓÇ║ FormFilledOut ΓÇ║ play-test

    thrown: "Exceeded timeout of 15000 ms for a test.
    Add a timeout value to this test to increase the timeout, if this is a long-running test. See 
https://jestjs.io/docs/api#testname-fn-timeout."

    [0m[0m

      at src/stories/LotsOfStories/LotsOfStuff636.stories.ts:277:13
      at src/stories/LotsOfStories/LotsOfStuff636.stories.ts:276:9
      at Object.<anonymous> (src/stories/LotsOfStories/LotsOfStuff636.stories.ts:127:5)

  ΓùÅ Pages/LotsOfStuff636 ΓÇ║ DrawerAndDropdownInteraction ΓÇ║ play-test

    thrown: "Exceeded timeout of 15000 ms for a test.
    Add a timeout value to this test to increase the timeout, if this is a long-running test. See 
https://jestjs.io/docs/api#testname-fn-timeout."

    [0m[0m

      at src/stories/LotsOfStories/LotsOfStuff636.stories.ts:425:13
      at src/stories/LotsOfStories/LotsOfStuff636.stories.ts:424:9
      at Object.<anonymous> (src/stories/LotsOfStories/LotsOfStuff636.stories.ts:127:5)

FAIL browser: chromium src/stories/LotsOfStories/LotsOfStuff638.stories.ts (60.642 s)
  ΓùÅ Pages/LotsOfStuff638 ΓÇ║ Default ΓÇ║ smoke-test

    thrown: "Exceeded timeout of 15000 ms for a test.
    Add a timeout value to this test to increase the timeout, if this is a long-running test. See 
https://jestjs.io/docs/api#testname-fn-timeout."

    [0m[0m

      at src/stories/LotsOfStories/LotsOfStuff638.stories.ts:129:13
      at src/stories/LotsOfStories/LotsOfStuff638.stories.ts:128:9
      at Object.<anonymous> (src/stories/LotsOfStories/LotsOfStuff638.stories.ts:127:5)

  ΓùÅ Pages/LotsOfStuff638 ΓÇ║ FormFilledOut ΓÇ║ play-test

    thrown: "Exceeded timeout of 15000 ms for a test.
    Add a timeout value to this test to increase the timeout, if this is a long-running test. See 
https://jestjs.io/docs/api#testname-fn-timeout."

    [0m[0m

      at src/stories/LotsOfStories/LotsOfStuff638.stories.ts:277:13
      at src/stories/LotsOfStories/LotsOfStuff638.stories.ts:276:9
      at Object.<anonymous> (src/stories/LotsOfStories/LotsOfStuff638.stories.ts:127:5)

  ΓùÅ Pages/LotsOfStuff638 ΓÇ║ DrawerAndDropdownInteraction ΓÇ║ play-test

    thrown: "Exceeded timeout of 15000 ms for a test.
    Add a timeout value to this test to increase the timeout, if this is a long-running test. See 
https://jestjs.io/docs/api#testname-fn-timeout."

    [0m[0m

      at src/stories/LotsOfStories/LotsOfStuff638.stories.ts:425:13
      at src/stories/LotsOfStories/LotsOfStuff638.stories.ts:424:9
      at Object.<anonymous> (src/stories/LotsOfStories/LotsOfStuff638.stories.ts:127:5)

FAIL browser: chromium src/stories/LotsOfStories/LotsOfStuff637.stories.ts (60.646 s)
  ΓùÅ Pages/LotsOfStuff637 ΓÇ║ Default ΓÇ║ smoke-test

    thrown: "Exceeded timeout of 15000 ms for a test.
    Add a timeout value to this test to increase the timeout, if this is a long-running test. See 
https://jestjs.io/docs/api#testname-fn-timeout."

    [0m[0m

      at src/stories/LotsOfStories/LotsOfStuff637.stories.ts:129:13
      at src/stories/LotsOfStories/LotsOfStuff637.stories.ts:128:9
      at Object.<anonymous> (src/stories/LotsOfStories/LotsOfStuff637.stories.ts:127:5)

  ΓùÅ Pages/LotsOfStuff637 ΓÇ║ FormFilledOut ΓÇ║ play-test

    thrown: "Exceeded timeout of 15000 ms for a test.
    Add a timeout value to this test to increase the timeout, if this is a long-running test. See 
https://jestjs.io/docs/api#testname-fn-timeout."

    [0m[0m

      at src/stories/LotsOfStories/LotsOfStuff637.stories.ts:277:13
      at src/stories/LotsOfStories/LotsOfStuff637.stories.ts:276:9
      at Object.<anonymous> (src/stories/LotsOfStories/LotsOfStuff637.stories.ts:127:5)

  ΓùÅ Pages/LotsOfStuff637 ΓÇ║ DrawerAndDropdownInteraction ΓÇ║ play-test

    thrown: "Exceeded timeout of 15000 ms for a test.
    Add a timeout value to this test to increase the timeout, if this is a long-running test. See 
https://jestjs.io/docs/api#testname-fn-timeout."

    [0m[0m

      at src/stories/LotsOfStories/LotsOfStuff637.stories.ts:425:13
      at src/stories/LotsOfStories/LotsOfStuff637.stories.ts:424:9
      at Object.<anonymous> (src/stories/LotsOfStories/LotsOfStuff637.stories.ts:127:5)

FAIL browser: chromium src/stories/LotsOfStories/LotsOfStuff615.stories.ts (43.815 s)
  ΓùÅ Pages/LotsOfStuff615 ΓÇ║ Default ΓÇ║ smoke-test

    thrown: "Exceeded timeout of 15000 ms for a test.
    Add a timeout value to this test to increase the timeout, if this is a long-running test. See 
https://jestjs.io/docs/api#testname-fn-timeout."

    [0m[0m

      at src/stories/LotsOfStories/LotsOfStuff615.stories.ts:129:13
      at src/stories/LotsOfStories/LotsOfStuff615.stories.ts:128:9
      at Object.<anonymous> (src/stories/LotsOfStories/LotsOfStuff615.stories.ts:127:5)

  ΓùÅ Pages/LotsOfStuff615 ΓÇ║ FormFilledOut ΓÇ║ play-test

    thrown: "Exceeded timeout of 15000 ms for a test.
    Add a timeout value to this test to increase the timeout, if this is a long-running test. See 
https://jestjs.io/docs/api#testname-fn-timeout."

    [0m[0m

      at src/stories/LotsOfStories/LotsOfStuff615.stories.ts:277:13
      at src/stories/LotsOfStories/LotsOfStuff615.stories.ts:276:9
      at Object.<anonymous> (src/stories/LotsOfStories/LotsOfStuff615.stories.ts:127:5)

FAIL browser: chromium src/stories/LotsOfStories/LotsOfStuff622.stories.ts (55.674 s)
  ΓùÅ Pages/LotsOfStuff622 ΓÇ║ Default ΓÇ║ smoke-test

    thrown: "Exceeded timeout of 15000 ms for a test.
    Add a timeout value to this test to increase the timeout, if this is a long-running test. See 
https://jestjs.io/docs/api#testname-fn-timeout."

    [0m[0m

      at src/stories/LotsOfStories/LotsOfStuff622.stories.ts:129:13
      at src/stories/LotsOfStories/LotsOfStuff622.stories.ts:128:9
      at Object.<anonymous> (src/stories/LotsOfStories/LotsOfStuff622.stories.ts:127:5)

  ΓùÅ Pages/LotsOfStuff622 ΓÇ║ FormFilledOut ΓÇ║ play-test

    thrown: "Exceeded timeout of 15000 ms for a test.
    Add a timeout value to this test to increase the timeout, if this is a long-running test. See 
https://jestjs.io/docs/api#testname-fn-timeout."

    [0m[0m

      at src/stories/LotsOfStories/LotsOfStuff622.stories.ts:277:13
      at src/stories/LotsOfStories/LotsOfStuff622.stories.ts:276:9
      at Object.<anonymous> (src/stories/LotsOfStories/LotsOfStuff622.stories.ts:127:5)

  ΓùÅ Pages/LotsOfStuff622 ΓÇ║ DrawerAndDropdownInteraction ΓÇ║ play-test

    page.evaluate: StorybookTestRunnerError: 
    An error occurred in the following story. Access the link for full output:
    http://127.0.0.1:6006/?path=/story/pages-lotsofstuff622--drawer-and-dropdown-interaction&addonPanel=storybook/interactions/panel

    Message:
     Cannot update an unmounted root.

    [0m[0m

      at src/stories/LotsOfStories/LotsOfStuff622.stories.ts:455:58
      at step (src/stories/LotsOfStories/LotsOfStuff622.stories.ts:109:23)
      at Object.next (src/stories/LotsOfStories/LotsOfStuff622.stories.ts:50:20)
      at asyncGeneratorStep (src/stories/LotsOfStories/LotsOfStuff622.stories.ts:4:28)
      at _next (src/stories/LotsOfStories/LotsOfStuff622.stories.ts:22:17)
      at src/stories/LotsOfStories/LotsOfStuff622.stories.ts:27:13
      at src/stories/LotsOfStories/LotsOfStuff622.stories.ts:19:16
      at testFn (src/stories/LotsOfStories/LotsOfStuff622.stories.ts:507:49)
      at Object.<anonymous> (src/stories/LotsOfStories/LotsOfStuff622.stories.ts:520:33)
      at step (src/stories/LotsOfStories/LotsOfStuff622.stories.ts:109:23)
      at Object.next (src/stories/LotsOfStories/LotsOfStuff622.stories.ts:50:20)
      at asyncGeneratorStep (src/stories/LotsOfStories/LotsOfStuff622.stories.ts:4:28)
      at _next (src/stories/LotsOfStories/LotsOfStuff622.stories.ts:22:17)
      at src/stories/LotsOfStories/LotsOfStuff622.stories.ts:27:13
      at Object.<anonymous> (src/stories/LotsOfStories/LotsOfStuff622.stories.ts:19:16)

FAIL browser: chromium src/stories/LotsOfStories/LotsOfStuff621.stories.ts (55.669 s)
  ΓùÅ Pages/LotsOfStuff621 ΓÇ║ Default ΓÇ║ smoke-test

    thrown: "Exceeded timeout of 15000 ms for a test.
    Add a timeout value to this test to increase the timeout, if this is a long-running test. See 
https://jestjs.io/docs/api#testname-fn-timeout."

    [0m[0m

      at src/stories/LotsOfStories/LotsOfStuff621.stories.ts:129:13
      at src/stories/LotsOfStories/LotsOfStuff621.stories.ts:128:9
      at Object.<anonymous> (src/stories/LotsOfStories/LotsOfStuff621.stories.ts:127:5)

  ΓùÅ Pages/LotsOfStuff621 ΓÇ║ FormFilledOut ΓÇ║ play-test

    thrown: "Exceeded timeout of 15000 ms for a test.
    Add a timeout value to this test to increase the timeout, if this is a long-running test. See 
https://jestjs.io/docs/api#testname-fn-timeout."

    [0m[0m

      at src/stories/LotsOfStories/LotsOfStuff621.stories.ts:277:13
      at src/stories/LotsOfStories/LotsOfStuff621.stories.ts:276:9
      at Object.<anonymous> (src/stories/LotsOfStories/LotsOfStuff621.stories.ts:127:5)

  ΓùÅ Pages/LotsOfStuff621 ΓÇ║ DrawerAndDropdownInteraction ΓÇ║ play-test

    page.evaluate: StorybookTestRunnerError: 
    An error occurred in the following story. Access the link for full output:
    http://127.0.0.1:6006/?path=/story/pages-lotsofstuff621--drawer-and-dropdown-interaction&addonPanel=storybook/interactions/panel

    Message:
     Cannot update an unmounted root.

    [0m[0m

      at src/stories/LotsOfStories/LotsOfStuff621.stories.ts:455:58
      at step (src/stories/LotsOfStories/LotsOfStuff621.stories.ts:109:23)
      at Object.next (src/stories/LotsOfStories/LotsOfStuff621.stories.ts:50:20)
      at asyncGeneratorStep (src/stories/LotsOfStories/LotsOfStuff621.stories.ts:4:28)
      at _next (src/stories/LotsOfStories/LotsOfStuff621.stories.ts:22:17)
      at src/stories/LotsOfStories/LotsOfStuff621.stories.ts:27:13
      at src/stories/LotsOfStories/LotsOfStuff621.stories.ts:19:16
      at testFn (src/stories/LotsOfStories/LotsOfStuff621.stories.ts:507:49)
      at Object.<anonymous> (src/stories/LotsOfStories/LotsOfStuff621.stories.ts:520:33)
      at step (src/stories/LotsOfStories/LotsOfStuff621.stories.ts:109:23)
      at Object.next (src/stories/LotsOfStories/LotsOfStuff621.stories.ts:50:20)
      at asyncGeneratorStep (src/stories/LotsOfStories/LotsOfStuff621.stories.ts:4:28)
      at _next (src/stories/LotsOfStories/LotsOfStuff621.stories.ts:22:17)
      at src/stories/LotsOfStories/LotsOfStuff621.stories.ts:27:13
      at Object.<anonymous> (src/stories/LotsOfStories/LotsOfStuff621.stories.ts:19:16)

FAIL browser: chromium src/stories/LotsOfStories/LotsOfStuff633.stories.ts (56.196 s)
  ΓùÅ Pages/LotsOfStuff633 ΓÇ║ Default ΓÇ║ smoke-test

    thrown: "Exceeded timeout of 15000 ms for a test.
    Add a timeout value to this test to increase the timeout, if this is a long-running test. See 
https://jestjs.io/docs/api#testname-fn-timeout."

    [0m[0m

      at src/stories/LotsOfStories/LotsOfStuff633.stories.ts:129:13
      at src/stories/LotsOfStories/LotsOfStuff633.stories.ts:128:9
      at Object.<anonymous> (src/stories/LotsOfStories/LotsOfStuff633.stories.ts:127:5)

  ΓùÅ Pages/LotsOfStuff633 ΓÇ║ FormFilledOut ΓÇ║ play-test

    thrown: "Exceeded timeout of 15000 ms for a test.
    Add a timeout value to this test to increase the timeout, if this is a long-running test. See 
https://jestjs.io/docs/api#testname-fn-timeout."

    [0m[0m

      at src/stories/LotsOfStories/LotsOfStuff633.stories.ts:277:13
      at src/stories/LotsOfStories/LotsOfStuff633.stories.ts:276:9
      at Object.<anonymous> (src/stories/LotsOfStories/LotsOfStuff633.stories.ts:127:5)

  ΓùÅ Pages/LotsOfStuff633 ΓÇ║ DrawerAndDropdownInteraction ΓÇ║ play-test

    page.evaluate: StorybookTestRunnerError: 
    An error occurred in the following story. Access the link for full output:
    http://127.0.0.1:6006/?path=/story/pages-lotsofstuff633--drawer-and-dropdown-interaction&addonPanel=storybook/interactions/panel

    Message:
     Cannot update an unmounted root.

    [0m[0m

      at src/stories/LotsOfStories/LotsOfStuff633.stories.ts:455:58
      at step (src/stories/LotsOfStories/LotsOfStuff633.stories.ts:109:23)
      at Object.next (src/stories/LotsOfStories/LotsOfStuff633.stories.ts:50:20)
      at asyncGeneratorStep (src/stories/LotsOfStories/LotsOfStuff633.stories.ts:4:28)
      at _next (src/stories/LotsOfStories/LotsOfStuff633.stories.ts:22:17)
      at src/stories/LotsOfStories/LotsOfStuff633.stories.ts:27:13
      at src/stories/LotsOfStories/LotsOfStuff633.stories.ts:19:16
      at testFn (src/stories/LotsOfStories/LotsOfStuff633.stories.ts:507:49)
      at Object.<anonymous> (src/stories/LotsOfStories/LotsOfStuff633.stories.ts:520:33)
      at step (src/stories/LotsOfStories/LotsOfStuff633.stories.ts:109:23)
      at Object.next (src/stories/LotsOfStories/LotsOfStuff633.stories.ts:50:20)
      at asyncGeneratorStep (src/stories/LotsOfStories/LotsOfStuff633.stories.ts:4:28)
      at _next (src/stories/LotsOfStories/LotsOfStuff633.stories.ts:22:17)
      at src/stories/LotsOfStories/LotsOfStuff633.stories.ts:27:13
      at Object.<anonymous> (src/stories/LotsOfStories/LotsOfStuff633.stories.ts:19:16)

FAIL browser: chromium src/stories/LotsOfStories/LotsOfStuff620.stories.ts (55.866 s)
  ΓùÅ Pages/LotsOfStuff620 ΓÇ║ Default ΓÇ║ smoke-test

    thrown: "Exceeded timeout of 15000 ms for a test.
    Add a timeout value to this test to increase the timeout, if this is a long-running test. See 
https://jestjs.io/docs/api#testname-fn-timeout."

    [0m[0m

      at src/stories/LotsOfStories/LotsOfStuff620.stories.ts:129:13
      at src/stories/LotsOfStories/LotsOfStuff620.stories.ts:128:9
      at Object.<anonymous> (src/stories/LotsOfStories/LotsOfStuff620.stories.ts:127:5)

  ΓùÅ Pages/LotsOfStuff620 ΓÇ║ FormFilledOut ΓÇ║ play-test

    thrown: "Exceeded timeout of 15000 ms for a test.
    Add a timeout value to this test to increase the timeout, if this is a long-running test. See 
https://jestjs.io/docs/api#testname-fn-timeout."

    [0m[0m

      at src/stories/LotsOfStories/LotsOfStuff620.stories.ts:277:13
      at src/stories/LotsOfStories/LotsOfStuff620.stories.ts:276:9
      at Object.<anonymous> (src/stories/LotsOfStories/LotsOfStuff620.stories.ts:127:5)

  ΓùÅ Pages/LotsOfStuff620 ΓÇ║ DrawerAndDropdownInteraction ΓÇ║ play-test

    page.evaluate: StorybookTestRunnerError: 
    An error occurred in the following story. Access the link for full output:
    http://127.0.0.1:6006/?path=/story/pages-lotsofstuff620--drawer-and-dropdown-interaction&addonPanel=storybook/interactions/panel

    Message:
     Cannot update an unmounted root.

    [0m[0m

      at src/stories/LotsOfStories/LotsOfStuff620.stories.ts:455:58
      at step (src/stories/LotsOfStories/LotsOfStuff620.stories.ts:109:23)
      at Object.next (src/stories/LotsOfStories/LotsOfStuff620.stories.ts:50:20)
      at asyncGeneratorStep (src/stories/LotsOfStories/LotsOfStuff620.stories.ts:4:28)
      at _next (src/stories/LotsOfStories/LotsOfStuff620.stories.ts:22:17)
      at src/stories/LotsOfStories/LotsOfStuff620.stories.ts:27:13
      at src/stories/LotsOfStories/LotsOfStuff620.stories.ts:19:16
      at testFn (src/stories/LotsOfStories/LotsOfStuff620.stories.ts:507:49)
      at Object.<anonymous> (src/stories/LotsOfStories/LotsOfStuff620.stories.ts:520:33)
      at step (src/stories/LotsOfStories/LotsOfStuff620.stories.ts:109:23)
      at Object.next (src/stories/LotsOfStories/LotsOfStuff620.stories.ts:50:20)
      at asyncGeneratorStep (src/stories/LotsOfStories/LotsOfStuff620.stories.ts:4:28)
      at _next (src/stories/LotsOfStories/LotsOfStuff620.stories.ts:22:17)
      at src/stories/LotsOfStories/LotsOfStuff620.stories.ts:27:13
      at Object.<anonymous> (src/stories/LotsOfStories/LotsOfStuff620.stories.ts:19:16)

FAIL browser: chromium src/stories/LotsOfStories/LotsOfStuff629.stories.ts (56.194 s)
  ΓùÅ Pages/LotsOfStuff629 ΓÇ║ Default ΓÇ║ smoke-test

    thrown: "Exceeded timeout of 15000 ms for a test.
    Add a timeout value to this test to increase the timeout, if this is a long-running test. See 
https://jestjs.io/docs/api#testname-fn-timeout."

    [0m[0m

      at src/stories/LotsOfStories/LotsOfStuff629.stories.ts:129:13
      at src/stories/LotsOfStories/LotsOfStuff629.stories.ts:128:9
      at Object.<anonymous> (src/stories/LotsOfStories/LotsOfStuff629.stories.ts:127:5)

  ΓùÅ Pages/LotsOfStuff629 ΓÇ║ FormFilledOut ΓÇ║ play-test

    thrown: "Exceeded timeout of 15000 ms for a test.
    Add a timeout value to this test to increase the timeout, if this is a long-running test. See 
https://jestjs.io/docs/api#testname-fn-timeout."

    [0m[0m

      at src/stories/LotsOfStories/LotsOfStuff629.stories.ts:277:13
      at src/stories/LotsOfStories/LotsOfStuff629.stories.ts:276:9
      at Object.<anonymous> (src/stories/LotsOfStories/LotsOfStuff629.stories.ts:127:5)

  ΓùÅ Pages/LotsOfStuff629 ΓÇ║ DrawerAndDropdownInteraction ΓÇ║ play-test

    page.evaluate: StorybookTestRunnerError: 
    An error occurred in the following story. Access the link for full output:
    http://127.0.0.1:6006/?path=/story/pages-lotsofstuff629--drawer-and-dropdown-interaction&addonPanel=storybook/interactions/panel

    Message:
     Cannot update an unmounted root.

    [0m[0m

      at src/stories/LotsOfStories/LotsOfStuff629.stories.ts:455:58
      at step (src/stories/LotsOfStories/LotsOfStuff629.stories.ts:109:23)
      at Object.next (src/stories/LotsOfStories/LotsOfStuff629.stories.ts:50:20)
      at asyncGeneratorStep (src/stories/LotsOfStories/LotsOfStuff629.stories.ts:4:28)
      at _next (src/stories/LotsOfStories/LotsOfStuff629.stories.ts:22:17)
      at src/stories/LotsOfStories/LotsOfStuff629.stories.ts:27:13
      at src/stories/LotsOfStories/LotsOfStuff629.stories.ts:19:16
      at testFn (src/stories/LotsOfStories/LotsOfStuff629.stories.ts:507:49)
      at Object.<anonymous> (src/stories/LotsOfStories/LotsOfStuff629.stories.ts:520:33)
      at step (src/stories/LotsOfStories/LotsOfStuff629.stories.ts:109:23)
      at Object.next (src/stories/LotsOfStories/LotsOfStuff629.stories.ts:50:20)
      at asyncGeneratorStep (src/stories/LotsOfStories/LotsOfStuff629.stories.ts:4:28)
      at _next (src/stories/LotsOfStories/LotsOfStuff629.stories.ts:22:17)
      at src/stories/LotsOfStories/LotsOfStuff629.stories.ts:27:13
      at Object.<anonymous> (src/stories/LotsOfStories/LotsOfStuff629.stories.ts:19:16)

FAIL browser: chromium src/stories/LotsOfStories/LotsOfStuff623.stories.ts (56.017 s)
  ΓùÅ Pages/LotsOfStuff623 ΓÇ║ Default ΓÇ║ smoke-test

    thrown: "Exceeded timeout of 15000 ms for a test.
    Add a timeout value to this test to increase the timeout, if this is a long-running test. See 
https://jestjs.io/docs/api#testname-fn-timeout."

    [0m[0m

      at src/stories/LotsOfStories/LotsOfStuff623.stories.ts:129:13
      at src/stories/LotsOfStories/LotsOfStuff623.stories.ts:128:9
      at Object.<anonymous> (src/stories/LotsOfStories/LotsOfStuff623.stories.ts:127:5)

  ΓùÅ Pages/LotsOfStuff623 ΓÇ║ FormFilledOut ΓÇ║ play-test

    thrown: "Exceeded timeout of 15000 ms for a test.
    Add a timeout value to this test to increase the timeout, if this is a long-running test. See 
https://jestjs.io/docs/api#testname-fn-timeout."

    [0m[0m

      at src/stories/LotsOfStories/LotsOfStuff623.stories.ts:277:13
      at src/stories/LotsOfStories/LotsOfStuff623.stories.ts:276:9
      at Object.<anonymous> (src/stories/LotsOfStories/LotsOfStuff623.stories.ts:127:5)

  ΓùÅ Pages/LotsOfStuff623 ΓÇ║ DrawerAndDropdownInteraction ΓÇ║ play-test

    page.evaluate: StorybookTestRunnerError: 
    An error occurred in the following story. Access the link for full output:
    http://127.0.0.1:6006/?path=/story/pages-lotsofstuff623--drawer-and-dropdown-interaction&addonPanel=storybook/interactions/panel

    Message:
     Cannot update an unmounted root.

    [0m[0m

      at src/stories/LotsOfStories/LotsOfStuff623.stories.ts:455:58
      at step (src/stories/LotsOfStories/LotsOfStuff623.stories.ts:109:23)
      at Object.next (src/stories/LotsOfStories/LotsOfStuff623.stories.ts:50:20)
      at asyncGeneratorStep (src/stories/LotsOfStories/LotsOfStuff623.stories.ts:4:28)
      at _next (src/stories/LotsOfStories/LotsOfStuff623.stories.ts:22:17)
      at src/stories/LotsOfStories/LotsOfStuff623.stories.ts:27:13
      at src/stories/LotsOfStories/LotsOfStuff623.stories.ts:19:16
      at testFn (src/stories/LotsOfStories/LotsOfStuff623.stories.ts:507:49)
      at Object.<anonymous> (src/stories/LotsOfStories/LotsOfStuff623.stories.ts:520:33)
      at step (src/stories/LotsOfStories/LotsOfStuff623.stories.ts:109:23)
      at Object.next (src/stories/LotsOfStories/LotsOfStuff623.stories.ts:50:20)
      at asyncGeneratorStep (src/stories/LotsOfStories/LotsOfStuff623.stories.ts:4:28)
      at _next (src/stories/LotsOfStories/LotsOfStuff623.stories.ts:22:17)
      at src/stories/LotsOfStories/LotsOfStuff623.stories.ts:27:13
      at Object.<anonymous> (src/stories/LotsOfStories/LotsOfStuff623.stories.ts:19:16)

FAIL browser: chromium src/stories/LotsOfStories/LotsOfStuff619.stories.ts (44.742 s)
  ΓùÅ Pages/LotsOfStuff619 ΓÇ║ Default ΓÇ║ smoke-test

    thrown: "Exceeded timeout of 15000 ms for a test.
    Add a timeout value to this test to increase the timeout, if this is a long-running test. See 
https://jestjs.io/docs/api#testname-fn-timeout."

    [0m[0m

      at src/stories/LotsOfStories/LotsOfStuff619.stories.ts:129:13
      at src/stories/LotsOfStories/LotsOfStuff619.stories.ts:128:9
      at Object.<anonymous> (src/stories/LotsOfStories/LotsOfStuff619.stories.ts:127:5)

  ΓùÅ Pages/LotsOfStuff619 ΓÇ║ FormFilledOut ΓÇ║ play-test

    thrown: "Exceeded timeout of 15000 ms for a test.
    Add a timeout value to this test to increase the timeout, if this is a long-running test. See 
https://jestjs.io/docs/api#testname-fn-timeout."

    [0m[0m

      at src/stories/LotsOfStories/LotsOfStuff619.stories.ts:277:13
      at src/stories/LotsOfStories/LotsOfStuff619.stories.ts:276:9
      at Object.<anonymous> (src/stories/LotsOfStories/LotsOfStuff619.stories.ts:127:5)

  ΓùÅ Pages/LotsOfStuff619 ΓÇ║ DrawerAndDropdownInteraction ΓÇ║ play-test

    page.evaluate: StorybookTestRunnerError: 
    An error occurred in the following story. Access the link for full output:
    http://127.0.0.1:6006/?path=/story/pages-lotsofstuff619--drawer-and-dropdown-interaction&addonPanel=storybook/interactions/panel

    Message:
     Cannot update an unmounted root.

    [0m[0m

      at src/stories/LotsOfStories/LotsOfStuff619.stories.ts:455:58
      at step (src/stories/LotsOfStories/LotsOfStuff619.stories.ts:109:23)
      at Object.next (src/stories/LotsOfStories/LotsOfStuff619.stories.ts:50:20)
      at asyncGeneratorStep (src/stories/LotsOfStories/LotsOfStuff619.stories.ts:4:28)
      at _next (src/stories/LotsOfStories/LotsOfStuff619.stories.ts:22:17)
      at src/stories/LotsOfStories/LotsOfStuff619.stories.ts:27:13
      at src/stories/LotsOfStories/LotsOfStuff619.stories.ts:19:16
      at testFn (src/stories/LotsOfStories/LotsOfStuff619.stories.ts:507:49)
      at Object.<anonymous> (src/stories/LotsOfStories/LotsOfStuff619.stories.ts:520:33)
      at step (src/stories/LotsOfStories/LotsOfStuff619.stories.ts:109:23)
      at Object.next (src/stories/LotsOfStories/LotsOfStuff619.stories.ts:50:20)
      at asyncGeneratorStep (src/stories/LotsOfStories/LotsOfStuff619.stories.ts:4:28)
      at _next (src/stories/LotsOfStories/LotsOfStuff619.stories.ts:22:17)
      at src/stories/LotsOfStories/LotsOfStuff619.stories.ts:27:13
      at Object.<anonymous> (src/stories/LotsOfStories/LotsOfStuff619.stories.ts:19:16)

FAIL browser: chromium src/stories/LotsOfStories/LotsOfStuff614.stories.ts (44.049 s)
  ΓùÅ Pages/LotsOfStuff614 ΓÇ║ Default ΓÇ║ smoke-test

    thrown: "Exceeded timeout of 15000 ms for a test.
    Add a timeout value to this test to increase the timeout, if this is a long-running test. See 
https://jestjs.io/docs/api#testname-fn-timeout."

    [0m[0m

      at src/stories/LotsOfStories/LotsOfStuff614.stories.ts:129:13
      at src/stories/LotsOfStories/LotsOfStuff614.stories.ts:128:9
      at Object.<anonymous> (src/stories/LotsOfStories/LotsOfStuff614.stories.ts:127:5)

  ΓùÅ Pages/LotsOfStuff614 ΓÇ║ FormFilledOut ΓÇ║ play-test

    thrown: "Exceeded timeout of 15000 ms for a test.
    Add a timeout value to this test to increase the timeout, if this is a long-running test. See 
https://jestjs.io/docs/api#testname-fn-timeout."

    [0m[0m

      at src/stories/LotsOfStories/LotsOfStuff614.stories.ts:277:13
      at src/stories/LotsOfStories/LotsOfStuff614.stories.ts:276:9
      at Object.<anonymous> (src/stories/LotsOfStories/LotsOfStuff614.stories.ts:127:5)

FAIL browser: chromium src/stories/LotsOfStories/LotsOfStuff631.stories.ts (56.252 s)
  ΓùÅ Pages/LotsOfStuff631 ΓÇ║ Default ΓÇ║ smoke-test

    thrown: "Exceeded timeout of 15000 ms for a test.
    Add a timeout value to this test to increase the timeout, if this is a long-running test. See 
https://jestjs.io/docs/api#testname-fn-timeout."

    [0m[0m

      at src/stories/LotsOfStories/LotsOfStuff631.stories.ts:129:13
      at src/stories/LotsOfStories/LotsOfStuff631.stories.ts:128:9
      at Object.<anonymous> (src/stories/LotsOfStories/LotsOfStuff631.stories.ts:127:5)

  ΓùÅ Pages/LotsOfStuff631 ΓÇ║ FormFilledOut ΓÇ║ play-test

    thrown: "Exceeded timeout of 15000 ms for a test.
    Add a timeout value to this test to increase the timeout, if this is a long-running test. See 
https://jestjs.io/docs/api#testname-fn-timeout."

    [0m[0m

      at src/stories/LotsOfStories/LotsOfStuff631.stories.ts:277:13
      at src/stories/LotsOfStories/LotsOfStuff631.stories.ts:276:9
      at Object.<anonymous> (src/stories/LotsOfStories/LotsOfStuff631.stories.ts:127:5)

  ΓùÅ Pages/LotsOfStuff631 ΓÇ║ DrawerAndDropdownInteraction ΓÇ║ play-test

    page.evaluate: StorybookTestRunnerError: 
    An error occurred in the following story. Access the link for full output:
    http://127.0.0.1:6006/?path=/story/pages-lotsofstuff631--drawer-and-dropdown-interaction&addonPanel=storybook/interactions/panel

    Message:
     Cannot update an unmounted root.

    [0m[0m

      at src/stories/LotsOfStories/LotsOfStuff631.stories.ts:455:58
      at step (src/stories/LotsOfStories/LotsOfStuff631.stories.ts:109:23)
      at Object.next (src/stories/LotsOfStories/LotsOfStuff631.stories.ts:50:20)
      at asyncGeneratorStep (src/stories/LotsOfStories/LotsOfStuff631.stories.ts:4:28)
      at _next (src/stories/LotsOfStories/LotsOfStuff631.stories.ts:22:17)
      at src/stories/LotsOfStories/LotsOfStuff631.stories.ts:27:13
      at src/stories/LotsOfStories/LotsOfStuff631.stories.ts:19:16
      at testFn (src/stories/LotsOfStories/LotsOfStuff631.stories.ts:507:49)
      at Object.<anonymous> (src/stories/LotsOfStories/LotsOfStuff631.stories.ts:520:33)
      at step (src/stories/LotsOfStories/LotsOfStuff631.stories.ts:109:23)
      at Object.next (src/stories/LotsOfStories/LotsOfStuff631.stories.ts:50:20)
      at asyncGeneratorStep (src/stories/LotsOfStories/LotsOfStuff631.stories.ts:4:28)
      at _next (src/stories/LotsOfStories/LotsOfStuff631.stories.ts:22:17)
      at src/stories/LotsOfStories/LotsOfStuff631.stories.ts:27:13
      at Object.<anonymous> (src/stories/LotsOfStories/LotsOfStuff631.stories.ts:19:16)

FAIL browser: chromium src/stories/LotsOfStories/LotsOfStuff627.stories.ts (56.321 s)
  ΓùÅ Pages/LotsOfStuff627 ΓÇ║ Default ΓÇ║ smoke-test

    thrown: "Exceeded timeout of 15000 ms for a test.
    Add a timeout value to this test to increase the timeout, if this is a long-running test. See 
https://jestjs.io/docs/api#testname-fn-timeout."

    [0m[0m

      at src/stories/LotsOfStories/LotsOfStuff627.stories.ts:129:13
      at src/stories/LotsOfStories/LotsOfStuff627.stories.ts:128:9
      at Object.<anonymous> (src/stories/LotsOfStories/LotsOfStuff627.stories.ts:127:5)

  ΓùÅ Pages/LotsOfStuff627 ΓÇ║ FormFilledOut ΓÇ║ play-test

    thrown: "Exceeded timeout of 15000 ms for a test.
    Add a timeout value to this test to increase the timeout, if this is a long-running test. See 
https://jestjs.io/docs/api#testname-fn-timeout."

    [0m[0m

      at src/stories/LotsOfStories/LotsOfStuff627.stories.ts:277:13
      at src/stories/LotsOfStories/LotsOfStuff627.stories.ts:276:9
      at Object.<anonymous> (src/stories/LotsOfStories/LotsOfStuff627.stories.ts:127:5)

  ΓùÅ Pages/LotsOfStuff627 ΓÇ║ DrawerAndDropdownInteraction ΓÇ║ play-test

    page.evaluate: StorybookTestRunnerError: 
    An error occurred in the following story. Access the link for full output:
    http://127.0.0.1:6006/?path=/story/pages-lotsofstuff627--drawer-and-dropdown-interaction&addonPanel=storybook/interactions/panel

    Message:
     Cannot update an unmounted root.

    [0m[0m

      at src/stories/LotsOfStories/LotsOfStuff627.stories.ts:455:58
      at step (src/stories/LotsOfStories/LotsOfStuff627.stories.ts:109:23)
      at Object.next (src/stories/LotsOfStories/LotsOfStuff627.stories.ts:50:20)
      at asyncGeneratorStep (src/stories/LotsOfStories/LotsOfStuff627.stories.ts:4:28)
      at _next (src/stories/LotsOfStories/LotsOfStuff627.stories.ts:22:17)
      at src/stories/LotsOfStories/LotsOfStuff627.stories.ts:27:13
      at src/stories/LotsOfStories/LotsOfStuff627.stories.ts:19:16
      at testFn (src/stories/LotsOfStories/LotsOfStuff627.stories.ts:507:49)
      at Object.<anonymous> (src/stories/LotsOfStories/LotsOfStuff627.stories.ts:520:33)
      at step (src/stories/LotsOfStories/LotsOfStuff627.stories.ts:109:23)
      at Object.next (src/stories/LotsOfStories/LotsOfStuff627.stories.ts:50:20)
      at asyncGeneratorStep (src/stories/LotsOfStories/LotsOfStuff627.stories.ts:4:28)
      at _next (src/stories/LotsOfStories/LotsOfStuff627.stories.ts:22:17)
      at src/stories/LotsOfStories/LotsOfStuff627.stories.ts:27:13
      at Object.<anonymous> (src/stories/LotsOfStories/LotsOfStuff627.stories.ts:19:16)

FAIL browser: chromium src/stories/LotsOfStories/LotsOfStuff618.stories.ts (55.746 s)
  ΓùÅ Pages/LotsOfStuff618 ΓÇ║ Default ΓÇ║ smoke-test

    thrown: "Exceeded timeout of 15000 ms for a test.
    Add a timeout value to this test to increase the timeout, if this is a long-running test. See 
https://jestjs.io/docs/api#testname-fn-timeout."

    [0m[0m

      at src/stories/LotsOfStories/LotsOfStuff618.stories.ts:129:13
      at src/stories/LotsOfStories/LotsOfStuff618.stories.ts:128:9
      at Object.<anonymous> (src/stories/LotsOfStories/LotsOfStuff618.stories.ts:127:5)

  ΓùÅ Pages/LotsOfStuff618 ΓÇ║ FormFilledOut ΓÇ║ play-test

    thrown: "Exceeded timeout of 15000 ms for a test.
    Add a timeout value to this test to increase the timeout, if this is a long-running test. See 
https://jestjs.io/docs/api#testname-fn-timeout."

    [0m[0m

      at src/stories/LotsOfStories/LotsOfStuff618.stories.ts:277:13
      at src/stories/LotsOfStories/LotsOfStuff618.stories.ts:276:9
      at Object.<anonymous> (src/stories/LotsOfStories/LotsOfStuff618.stories.ts:127:5)

  ΓùÅ Pages/LotsOfStuff618 ΓÇ║ DrawerAndDropdownInteraction ΓÇ║ play-test

    page.evaluate: StorybookTestRunnerError: 
    An error occurred in the following story. Access the link for full output:
    http://127.0.0.1:6006/?path=/story/pages-lotsofstuff618--drawer-and-dropdown-interaction&addonPanel=storybook/interactions/panel

    Message:
     Cannot update an unmounted root.

    [0m[0m

      at src/stories/LotsOfStories/LotsOfStuff618.stories.ts:455:58
      at step (src/stories/LotsOfStories/LotsOfStuff618.stories.ts:109:23)
      at Object.next (src/stories/LotsOfStories/LotsOfStuff618.stories.ts:50:20)
      at asyncGeneratorStep (src/stories/LotsOfStories/LotsOfStuff618.stories.ts:4:28)
      at _next (src/stories/LotsOfStories/LotsOfStuff618.stories.ts:22:17)
      at src/stories/LotsOfStories/LotsOfStuff618.stories.ts:27:13
      at src/stories/LotsOfStories/LotsOfStuff618.stories.ts:19:16
      at testFn (src/stories/LotsOfStories/LotsOfStuff618.stories.ts:507:49)
      at Object.<anonymous> (src/stories/LotsOfStories/LotsOfStuff618.stories.ts:520:33)
      at step (src/stories/LotsOfStories/LotsOfStuff618.stories.ts:109:23)
      at Object.next (src/stories/LotsOfStories/LotsOfStuff618.stories.ts:50:20)
      at asyncGeneratorStep (src/stories/LotsOfStories/LotsOfStuff618.stories.ts:4:28)
      at _next (src/stories/LotsOfStories/LotsOfStuff618.stories.ts:22:17)
      at src/stories/LotsOfStories/LotsOfStuff618.stories.ts:27:13
      at Object.<anonymous> (src/stories/LotsOfStories/LotsOfStuff618.stories.ts:19:16)

FAIL browser: chromium src/stories/LotsOfStories/LotsOfStuff616.stories.ts (44.501 s)
  ΓùÅ Pages/LotsOfStuff616 ΓÇ║ Default ΓÇ║ smoke-test

    thrown: "Exceeded timeout of 15000 ms for a test.
    Add a timeout value to this test to increase the timeout, if this is a long-running test. See 
https://jestjs.io/docs/api#testname-fn-timeout."

    [0m[0m

      at src/stories/LotsOfStories/LotsOfStuff616.stories.ts:129:13
      at src/stories/LotsOfStories/LotsOfStuff616.stories.ts:128:9
      at Object.<anonymous> (src/stories/LotsOfStories/LotsOfStuff616.stories.ts:127:5)

  ΓùÅ Pages/LotsOfStuff616 ΓÇ║ FormFilledOut ΓÇ║ play-test

    thrown: "Exceeded timeout of 15000 ms for a test.
    Add a timeout value to this test to increase the timeout, if this is a long-running test. See 
https://jestjs.io/docs/api#testname-fn-timeout."

    [0m[0m

      at src/stories/LotsOfStories/LotsOfStuff616.stories.ts:277:13
      at src/stories/LotsOfStories/LotsOfStuff616.stories.ts:276:9
      at Object.<anonymous> (src/stories/LotsOfStories/LotsOfStuff616.stories.ts:127:5)

  ΓùÅ Pages/LotsOfStuff616 ΓÇ║ DrawerAndDropdownInteraction ΓÇ║ play-test

    page.evaluate: StorybookTestRunnerError: 
    An error occurred in the following story. Access the link for full output:
    http://127.0.0.1:6006/?path=/story/pages-lotsofstuff616--drawer-and-dropdown-interaction&addonPanel=storybook/interactions/panel

    Message:
     Cannot update an unmounted root.

    [0m[0m

      at src/stories/LotsOfStories/LotsOfStuff616.stories.ts:455:58
      at step (src/stories/LotsOfStories/LotsOfStuff616.stories.ts:109:23)
      at Object.next (src/stories/LotsOfStories/LotsOfStuff616.stories.ts:50:20)
      at asyncGeneratorStep (src/stories/LotsOfStories/LotsOfStuff616.stories.ts:4:28)
      at _next (src/stories/LotsOfStories/LotsOfStuff616.stories.ts:22:17)
      at src/stories/LotsOfStories/LotsOfStuff616.stories.ts:27:13
      at src/stories/LotsOfStories/LotsOfStuff616.stories.ts:19:16
      at testFn (src/stories/LotsOfStories/LotsOfStuff616.stories.ts:507:49)
      at Object.<anonymous> (src/stories/LotsOfStories/LotsOfStuff616.stories.ts:520:33)
      at step (src/stories/LotsOfStories/LotsOfStuff616.stories.ts:109:23)
      at Object.next (src/stories/LotsOfStories/LotsOfStuff616.stories.ts:50:20)
      at asyncGeneratorStep (src/stories/LotsOfStories/LotsOfStuff616.stories.ts:4:28)
      at _next (src/stories/LotsOfStories/LotsOfStuff616.stories.ts:22:17)
      at src/stories/LotsOfStories/LotsOfStuff616.stories.ts:27:13
      at Object.<anonymous> (src/stories/LotsOfStories/LotsOfStuff616.stories.ts:19:16)

FAIL browser: chromium src/stories/LotsOfStories/LotsOfStuff625.stories.ts (56.326 s)
  ΓùÅ Pages/LotsOfStuff625 ΓÇ║ Default ΓÇ║ smoke-test

    thrown: "Exceeded timeout of 15000 ms for a test.
    Add a timeout value to this test to increase the timeout, if this is a long-running test. See 
https://jestjs.io/docs/api#testname-fn-timeout."

    [0m[0m

      at src/stories/LotsOfStories/LotsOfStuff625.stories.ts:129:13
      at src/stories/LotsOfStories/LotsOfStuff625.stories.ts:128:9
      at Object.<anonymous> (src/stories/LotsOfStories/LotsOfStuff625.stories.ts:127:5)

  ΓùÅ Pages/LotsOfStuff625 ΓÇ║ FormFilledOut ΓÇ║ play-test

    thrown: "Exceeded timeout of 15000 ms for a test.
    Add a timeout value to this test to increase the timeout, if this is a long-running test. See 
https://jestjs.io/docs/api#testname-fn-timeout."

    [0m[0m

      at src/stories/LotsOfStories/LotsOfStuff625.stories.ts:277:13
      at src/stories/LotsOfStories/LotsOfStuff625.stories.ts:276:9
      at Object.<anonymous> (src/stories/LotsOfStories/LotsOfStuff625.stories.ts:127:5)

  ΓùÅ Pages/LotsOfStuff625 ΓÇ║ DrawerAndDropdownInteraction ΓÇ║ play-test

    page.evaluate: StorybookTestRunnerError: 
    An error occurred in the following story. Access the link for full output:
    http://127.0.0.1:6006/?path=/story/pages-lotsofstuff625--drawer-and-dropdown-interaction&addonPanel=storybook/interactions/panel

    Message:
     Cannot update an unmounted root.

    [0m[0m

      at src/stories/LotsOfStories/LotsOfStuff625.stories.ts:455:58
      at step (src/stories/LotsOfStories/LotsOfStuff625.stories.ts:109:23)
      at Object.next (src/stories/LotsOfStories/LotsOfStuff625.stories.ts:50:20)
      at asyncGeneratorStep (src/stories/LotsOfStories/LotsOfStuff625.stories.ts:4:28)
      at _next (src/stories/LotsOfStories/LotsOfStuff625.stories.ts:22:17)
      at src/stories/LotsOfStories/LotsOfStuff625.stories.ts:27:13
      at src/stories/LotsOfStories/LotsOfStuff625.stories.ts:19:16
      at testFn (src/stories/LotsOfStories/LotsOfStuff625.stories.ts:507:49)
      at Object.<anonymous> (src/stories/LotsOfStories/LotsOfStuff625.stories.ts:520:33)
      at step (src/stories/LotsOfStories/LotsOfStuff625.stories.ts:109:23)
      at Object.next (src/stories/LotsOfStories/LotsOfStuff625.stories.ts:50:20)
      at asyncGeneratorStep (src/stories/LotsOfStories/LotsOfStuff625.stories.ts:4:28)
      at _next (src/stories/LotsOfStories/LotsOfStuff625.stories.ts:22:17)
      at src/stories/LotsOfStories/LotsOfStuff625.stories.ts:27:13
      at Object.<anonymous> (src/stories/LotsOfStories/LotsOfStuff625.stories.ts:19:16)

FAIL browser: chromium src/stories/LotsOfStories/LotsOfStuff628.stories.ts (56.47 s)
  ΓùÅ Pages/LotsOfStuff628 ΓÇ║ Default ΓÇ║ smoke-test

    thrown: "Exceeded timeout of 15000 ms for a test.
    Add a timeout value to this test to increase the timeout, if this is a long-running test. See 
https://jestjs.io/docs/api#testname-fn-timeout."

    [0m[0m

      at src/stories/LotsOfStories/LotsOfStuff628.stories.ts:129:13
      at src/stories/LotsOfStories/LotsOfStuff628.stories.ts:128:9
      at Object.<anonymous> (src/stories/LotsOfStories/LotsOfStuff628.stories.ts:127:5)

  ΓùÅ Pages/LotsOfStuff628 ΓÇ║ FormFilledOut ΓÇ║ play-test

    thrown: "Exceeded timeout of 15000 ms for a test.
    Add a timeout value to this test to increase the timeout, if this is a long-running test. See 
https://jestjs.io/docs/api#testname-fn-timeout."

    [0m[0m

      at src/stories/LotsOfStories/LotsOfStuff628.stories.ts:277:13
      at src/stories/LotsOfStories/LotsOfStuff628.stories.ts:276:9
      at Object.<anonymous> (src/stories/LotsOfStories/LotsOfStuff628.stories.ts:127:5)

  ΓùÅ Pages/LotsOfStuff628 ΓÇ║ DrawerAndDropdownInteraction ΓÇ║ play-test

    page.evaluate: StorybookTestRunnerError: 
    An error occurred in the following story. Access the link for full output:
    http://127.0.0.1:6006/?path=/story/pages-lotsofstuff628--drawer-and-dropdown-interaction&addonPanel=storybook/interactions/panel

    Message:
     Cannot update an unmounted root.

    [0m[0m

      at src/stories/LotsOfStories/LotsOfStuff628.stories.ts:455:58
      at step (src/stories/LotsOfStories/LotsOfStuff628.stories.ts:109:23)
      at Object.next (src/stories/LotsOfStories/LotsOfStuff628.stories.ts:50:20)
      at asyncGeneratorStep (src/stories/LotsOfStories/LotsOfStuff628.stories.ts:4:28)
      at _next (src/stories/LotsOfStories/LotsOfStuff628.stories.ts:22:17)
      at src/stories/LotsOfStories/LotsOfStuff628.stories.ts:27:13
      at src/stories/LotsOfStories/LotsOfStuff628.stories.ts:19:16
      at testFn (src/stories/LotsOfStories/LotsOfStuff628.stories.ts:507:49)
      at Object.<anonymous> (src/stories/LotsOfStories/LotsOfStuff628.stories.ts:520:33)
      at step (src/stories/LotsOfStories/LotsOfStuff628.stories.ts:109:23)
      at Object.next (src/stories/LotsOfStories/LotsOfStuff628.stories.ts:50:20)
      at asyncGeneratorStep (src/stories/LotsOfStories/LotsOfStuff628.stories.ts:4:28)
      at _next (src/stories/LotsOfStories/LotsOfStuff628.stories.ts:22:17)
      at src/stories/LotsOfStories/LotsOfStuff628.stories.ts:27:13
      at Object.<anonymous> (src/stories/LotsOfStories/LotsOfStuff628.stories.ts:19:16)

FAIL browser: chromium src/stories/LotsOfStories/LotsOfStuff617.stories.ts (44.902 s)
  ΓùÅ Pages/LotsOfStuff617 ΓÇ║ Default ΓÇ║ smoke-test

    thrown: "Exceeded timeout of 15000 ms for a test.
    Add a timeout value to this test to increase the timeout, if this is a long-running test. See 
https://jestjs.io/docs/api#testname-fn-timeout."

    [0m[0m

      at src/stories/LotsOfStories/LotsOfStuff617.stories.ts:129:13
      at src/stories/LotsOfStories/LotsOfStuff617.stories.ts:128:9
      at Object.<anonymous> (src/stories/LotsOfStories/LotsOfStuff617.stories.ts:127:5)

  ΓùÅ Pages/LotsOfStuff617 ΓÇ║ FormFilledOut ΓÇ║ play-test

    thrown: "Exceeded timeout of 15000 ms for a test.
    Add a timeout value to this test to increase the timeout, if this is a long-running test. See 
https://jestjs.io/docs/api#testname-fn-timeout."

    [0m[0m

      at src/stories/LotsOfStories/LotsOfStuff617.stories.ts:277:13
      at src/stories/LotsOfStories/LotsOfStuff617.stories.ts:276:9
      at Object.<anonymous> (src/stories/LotsOfStories/LotsOfStuff617.stories.ts:127:5)

  ΓùÅ Pages/LotsOfStuff617 ΓÇ║ DrawerAndDropdownInteraction ΓÇ║ play-test

    page.evaluate: StorybookTestRunnerError: 
    An error occurred in the following story. Access the link for full output:
    http://127.0.0.1:6006/?path=/story/pages-lotsofstuff617--drawer-and-dropdown-interaction&addonPanel=storybook/interactions/panel

    Message:
     Cannot update an unmounted root.

    [0m[0m

      at src/stories/LotsOfStories/LotsOfStuff617.stories.ts:455:58
      at step (src/stories/LotsOfStories/LotsOfStuff617.stories.ts:109:23)
      at Object.next (src/stories/LotsOfStories/LotsOfStuff617.stories.ts:50:20)
      at asyncGeneratorStep (src/stories/LotsOfStories/LotsOfStuff617.stories.ts:4:28)
      at _next (src/stories/LotsOfStories/LotsOfStuff617.stories.ts:22:17)
      at src/stories/LotsOfStories/LotsOfStuff617.stories.ts:27:13
      at src/stories/LotsOfStories/LotsOfStuff617.stories.ts:19:16
      at testFn (src/stories/LotsOfStories/LotsOfStuff617.stories.ts:507:49)
      at Object.<anonymous> (src/stories/LotsOfStories/LotsOfStuff617.stories.ts:520:33)
      at step (src/stories/LotsOfStories/LotsOfStuff617.stories.ts:109:23)
      at Object.next (src/stories/LotsOfStories/LotsOfStuff617.stories.ts:50:20)
      at asyncGeneratorStep (src/stories/LotsOfStories/LotsOfStuff617.stories.ts:4:28)
      at _next (src/stories/LotsOfStories/LotsOfStuff617.stories.ts:22:17)
      at src/stories/LotsOfStories/LotsOfStuff617.stories.ts:27:13
      at Object.<anonymous> (src/stories/LotsOfStories/LotsOfStuff617.stories.ts:19:16)

FAIL browser: chromium src/stories/LotsOfStories/LotsOfStuff630.stories.ts (67.85 s)
  ΓùÅ Console

    console.log
      An error occurred in the following story, most likely because of a navigation: "Pages/LotsOfStuff630/Drawer And Dropdown Interaction". 
Retrying...

      at Object.<anonymous> (src/stories/LotsOfStories/LotsOfStuff630.stories.ts:534:37)

  ΓùÅ Pages/LotsOfStuff630 ΓÇ║ Default ΓÇ║ smoke-test

    thrown: "Exceeded timeout of 15000 ms for a test.
    Add a timeout value to this test to increase the timeout, if this is a long-running test. See 
https://jestjs.io/docs/api#testname-fn-timeout."

    [0m[0m

      at src/stories/LotsOfStories/LotsOfStuff630.stories.ts:129:13
      at src/stories/LotsOfStories/LotsOfStuff630.stories.ts:128:9
      at Object.<anonymous> (src/stories/LotsOfStories/LotsOfStuff630.stories.ts:127:5)

  ΓùÅ Pages/LotsOfStuff630 ΓÇ║ FormFilledOut ΓÇ║ play-test

    thrown: "Exceeded timeout of 15000 ms for a test.
    Add a timeout value to this test to increase the timeout, if this is a long-running test. See 
https://jestjs.io/docs/api#testname-fn-timeout."

    [0m[0m

      at src/stories/LotsOfStories/LotsOfStuff630.stories.ts:277:13
      at src/stories/LotsOfStories/LotsOfStuff630.stories.ts:276:9
      at Object.<anonymous> (src/stories/LotsOfStories/LotsOfStuff630.stories.ts:127:5)

  ΓùÅ Pages/LotsOfStuff630 ΓÇ║ DrawerAndDropdownInteraction ΓÇ║ play-test

    thrown: "Exceeded timeout of 15000 ms for a test.
    Add a timeout value to this test to increase the timeout, if this is a long-running test. See 
https://jestjs.io/docs/api#testname-fn-timeout."

    [0m[0m

      at src/stories/LotsOfStories/LotsOfStuff630.stories.ts:425:13
      at src/stories/LotsOfStories/LotsOfStuff630.stories.ts:424:9
      at Object.<anonymous> (src/stories/LotsOfStories/LotsOfStuff630.stories.ts:127:5)

FAIL browser: chromium src/stories/LotsOfStories/LotsOfStuff626.stories.ts (67.633 s)
  ΓùÅ Console

    console.log
      An error occurred in the following story, most likely because of a navigation: "Pages/LotsOfStuff626/Drawer And Dropdown Interaction". 
Retrying...

      at Object.<anonymous> (src/stories/LotsOfStories/LotsOfStuff626.stories.ts:534:37)

  ΓùÅ Pages/LotsOfStuff626 ΓÇ║ Default ΓÇ║ smoke-test

    thrown: "Exceeded timeout of 15000 ms for a test.
    Add a timeout value to this test to increase the timeout, if this is a long-running test. See 
https://jestjs.io/docs/api#testname-fn-timeout."

    [0m[0m

      at src/stories/LotsOfStories/LotsOfStuff626.stories.ts:129:13
      at src/stories/LotsOfStories/LotsOfStuff626.stories.ts:128:9
      at Object.<anonymous> (src/stories/LotsOfStories/LotsOfStuff626.stories.ts:127:5)

  ΓùÅ Pages/LotsOfStuff626 ΓÇ║ FormFilledOut ΓÇ║ play-test

    thrown: "Exceeded timeout of 15000 ms for a test.
    Add a timeout value to this test to increase the timeout, if this is a long-running test. See 
https://jestjs.io/docs/api#testname-fn-timeout."

    [0m[0m

      at src/stories/LotsOfStories/LotsOfStuff626.stories.ts:277:13
      at src/stories/LotsOfStories/LotsOfStuff626.stories.ts:276:9
      at Object.<anonymous> (src/stories/LotsOfStories/LotsOfStuff626.stories.ts:127:5)

  ΓùÅ Pages/LotsOfStuff626 ΓÇ║ DrawerAndDropdownInteraction ΓÇ║ play-test

    thrown: "Exceeded timeout of 15000 ms for a test.
    Add a timeout value to this test to increase the timeout, if this is a long-running test. See 
https://jestjs.io/docs/api#testname-fn-timeout."

    [0m[0m

      at src/stories/LotsOfStories/LotsOfStuff626.stories.ts:425:13
      at src/stories/LotsOfStories/LotsOfStuff626.stories.ts:424:9
      at Object.<anonymous> (src/stories/LotsOfStories/LotsOfStuff626.stories.ts:127:5)

FAIL browser: chromium src/stories/LotsOfStories/LotsOfStuff624.stories.ts (68.315 s)
  ΓùÅ Console

    console.log
      An error occurred in the following story, most likely because of a navigation: "Pages/LotsOfStuff624/Drawer And Dropdown Interaction". 
Retrying...

      at Object.<anonymous> (src/stories/LotsOfStories/LotsOfStuff624.stories.ts:534:37)

  ΓùÅ Pages/LotsOfStuff624 ΓÇ║ Default ΓÇ║ smoke-test

    thrown: "Exceeded timeout of 15000 ms for a test.
    Add a timeout value to this test to increase the timeout, if this is a long-running test. See 
https://jestjs.io/docs/api#testname-fn-timeout."

    [0m[0m

      at src/stories/LotsOfStories/LotsOfStuff624.stories.ts:129:13
      at src/stories/LotsOfStories/LotsOfStuff624.stories.ts:128:9
      at Object.<anonymous> (src/stories/LotsOfStories/LotsOfStuff624.stories.ts:127:5)

  ΓùÅ Pages/LotsOfStuff624 ΓÇ║ FormFilledOut ΓÇ║ play-test

    thrown: "Exceeded timeout of 15000 ms for a test.
    Add a timeout value to this test to increase the timeout, if this is a long-running test. See 
https://jestjs.io/docs/api#testname-fn-timeout."

    [0m[0m

      at src/stories/LotsOfStories/LotsOfStuff624.stories.ts:277:13
      at src/stories/LotsOfStories/LotsOfStuff624.stories.ts:276:9
      at Object.<anonymous> (src/stories/LotsOfStories/LotsOfStuff624.stories.ts:127:5)

  ΓùÅ Pages/LotsOfStuff624 ΓÇ║ DrawerAndDropdownInteraction ΓÇ║ play-test

    thrown: "Exceeded timeout of 15000 ms for a test.
    Add a timeout value to this test to increase the timeout, if this is a long-running test. See 
https://jestjs.io/docs/api#testname-fn-timeout."

    [0m[0m

      at src/stories/LotsOfStories/LotsOfStuff624.stories.ts:425:13
      at src/stories/LotsOfStories/LotsOfStuff624.stories.ts:424:9
      at Object.<anonymous> (src/stories/LotsOfStories/LotsOfStuff624.stories.ts:127:5)

PASS browser: chromium src/stories/LotsOfStories/LotsOfStuff595.stories.ts (38.722 s)
PASS browser: chromium src/stories/LotsOfStories/LotsOfStuff596.stories.ts (39.213 s)
PASS browser: chromium src/stories/LotsOfStories/LotsOfStuff597.stories.ts (39.303 s)
FAIL browser: chromium src/stories/LotsOfStories/LotsOfStuff607.stories.ts (53.873 s)
  ΓùÅ Console

    console.log
      An error occurred in the following story, most likely because of a navigation: "Pages/LotsOfStuff607/Drawer And Dropdown Interaction". 
Retrying...

      at Object.<anonymous> (src/stories/LotsOfStories/LotsOfStuff607.stories.ts:534:37)

  ΓùÅ Pages/LotsOfStuff607 ΓÇ║ Default ΓÇ║ smoke-test

    thrown: "Exceeded timeout of 15000 ms for a test.
    Add a timeout value to this test to increase the timeout, if this is a long-running test. See 
https://jestjs.io/docs/api#testname-fn-timeout."

    [0m[0m

      at src/stories/LotsOfStories/LotsOfStuff607.stories.ts:129:13
      at src/stories/LotsOfStories/LotsOfStuff607.stories.ts:128:9
      at Object.<anonymous> (src/stories/LotsOfStories/LotsOfStuff607.stories.ts:127:5)

  ΓùÅ Pages/LotsOfStuff607 ΓÇ║ DrawerAndDropdownInteraction ΓÇ║ play-test

    thrown: "Exceeded timeout of 15000 ms for a test.
    Add a timeout value to this test to increase the timeout, if this is a long-running test. See 
https://jestjs.io/docs/api#testname-fn-timeout."

    [0m[0m

      at src/stories/LotsOfStories/LotsOfStuff607.stories.ts:425:13
      at src/stories/LotsOfStories/LotsOfStuff607.stories.ts:424:9
      at Object.<anonymous> (src/stories/LotsOfStories/LotsOfStuff607.stories.ts:127:5)

FAIL browser: chromium src/stories/LotsOfStories/LotsOfStuff609.stories.ts (53.994 s)
  ΓùÅ Console

    console.log
      An error occurred in the following story, most likely because of a navigation: "Pages/LotsOfStuff609/Drawer And Dropdown Interaction". 
Retrying...

      at Object.<anonymous> (src/stories/LotsOfStories/LotsOfStuff609.stories.ts:534:37)

  ΓùÅ Pages/LotsOfStuff609 ΓÇ║ Default ΓÇ║ smoke-test

    thrown: "Exceeded timeout of 15000 ms for a test.
    Add a timeout value to this test to increase the timeout, if this is a long-running test. See 
https://jestjs.io/docs/api#testname-fn-timeout."

    [0m[0m

      at src/stories/LotsOfStories/LotsOfStuff609.stories.ts:129:13
      at src/stories/LotsOfStories/LotsOfStuff609.stories.ts:128:9
      at Object.<anonymous> (src/stories/LotsOfStories/LotsOfStuff609.stories.ts:127:5)

  ΓùÅ Pages/LotsOfStuff609 ΓÇ║ DrawerAndDropdownInteraction ΓÇ║ play-test

    thrown: "Exceeded timeout of 15000 ms for a test.
    Add a timeout value to this test to increase the timeout, if this is a long-running test. See 
https://jestjs.io/docs/api#testname-fn-timeout."

    [0m[0m

      at src/stories/LotsOfStories/LotsOfStuff609.stories.ts:425:13
      at src/stories/LotsOfStories/LotsOfStuff609.stories.ts:424:9
      at Object.<anonymous> (src/stories/LotsOfStories/LotsOfStuff609.stories.ts:127:5)

FAIL browser: chromium src/stories/LotsOfStories/LotsOfStuff598.stories.ts (53.652 s)
  ΓùÅ Console

    console.log
      An error occurred in the following story, most likely because of a navigation: "Pages/LotsOfStuff598/Drawer And Dropdown Interaction". 
Retrying...

      at Object.<anonymous> (src/stories/LotsOfStories/LotsOfStuff598.stories.ts:534:37)

  ΓùÅ Pages/LotsOfStuff598 ΓÇ║ Default ΓÇ║ smoke-test

    thrown: "Exceeded timeout of 15000 ms for a test.
    Add a timeout value to this test to increase the timeout, if this is a long-running test. See 
https://jestjs.io/docs/api#testname-fn-timeout."

    [0m[0m

      at src/stories/LotsOfStories/LotsOfStuff598.stories.ts:129:13
      at src/stories/LotsOfStories/LotsOfStuff598.stories.ts:128:9
      at Object.<anonymous> (src/stories/LotsOfStories/LotsOfStuff598.stories.ts:127:5)

  ΓùÅ Pages/LotsOfStuff598 ΓÇ║ DrawerAndDropdownInteraction ΓÇ║ play-test

    thrown: "Exceeded timeout of 15000 ms for a test.
    Add a timeout value to this test to increase the timeout, if this is a long-running test. See 
https://jestjs.io/docs/api#testname-fn-timeout."

    [0m[0m

      at src/stories/LotsOfStories/LotsOfStuff598.stories.ts:425:13
      at src/stories/LotsOfStories/LotsOfStuff598.stories.ts:424:9
      at Object.<anonymous> (src/stories/LotsOfStories/LotsOfStuff598.stories.ts:127:5)

FAIL browser: chromium src/stories/LotsOfStories/LotsOfStuff599.stories.ts (53.61 s)
  ΓùÅ Console

    console.log
      An error occurred in the following story, most likely because of a navigation: "Pages/LotsOfStuff599/Drawer And Dropdown Interaction". 
Retrying...

      at Object.<anonymous> (src/stories/LotsOfStories/LotsOfStuff599.stories.ts:534:37)

  ΓùÅ Pages/LotsOfStuff599 ΓÇ║ Default ΓÇ║ smoke-test

    thrown: "Exceeded timeout of 15000 ms for a test.
    Add a timeout value to this test to increase the timeout, if this is a long-running test. See 
https://jestjs.io/docs/api#testname-fn-timeout."

    [0m[0m

      at src/stories/LotsOfStories/LotsOfStuff599.stories.ts:129:13
      at src/stories/LotsOfStories/LotsOfStuff599.stories.ts:128:9
      at Object.<anonymous> (src/stories/LotsOfStories/LotsOfStuff599.stories.ts:127:5)

  ΓùÅ Pages/LotsOfStuff599 ΓÇ║ DrawerAndDropdownInteraction ΓÇ║ play-test

    thrown: "Exceeded timeout of 15000 ms for a test.
    Add a timeout value to this test to increase the timeout, if this is a long-running test. See 
https://jestjs.io/docs/api#testname-fn-timeout."

    [0m[0m

      at src/stories/LotsOfStories/LotsOfStuff599.stories.ts:425:13
      at src/stories/LotsOfStories/LotsOfStuff599.stories.ts:424:9
      at Object.<anonymous> (src/stories/LotsOfStories/LotsOfStuff599.stories.ts:127:5)

FAIL browser: chromium src/stories/LotsOfStories/LotsOfStuff603.stories.ts (53.813 s)
  ΓùÅ Console

    console.log
      An error occurred in the following story, most likely because of a navigation: "Pages/LotsOfStuff603/Drawer And Dropdown Interaction". 
Retrying...

      at Object.<anonymous> (src/stories/LotsOfStories/LotsOfStuff603.stories.ts:534:37)

  ΓùÅ Pages/LotsOfStuff603 ΓÇ║ Default ΓÇ║ smoke-test

    thrown: "Exceeded timeout of 15000 ms for a test.
    Add a timeout value to this test to increase the timeout, if this is a long-running test. See 
https://jestjs.io/docs/api#testname-fn-timeout."

    [0m[0m

      at src/stories/LotsOfStories/LotsOfStuff603.stories.ts:129:13
      at src/stories/LotsOfStories/LotsOfStuff603.stories.ts:128:9
      at Object.<anonymous> (src/stories/LotsOfStories/LotsOfStuff603.stories.ts:127:5)

  ΓùÅ Pages/LotsOfStuff603 ΓÇ║ DrawerAndDropdownInteraction ΓÇ║ play-test

    thrown: "Exceeded timeout of 15000 ms for a test.
    Add a timeout value to this test to increase the timeout, if this is a long-running test. See 
https://jestjs.io/docs/api#testname-fn-timeout."

    [0m[0m

      at src/stories/LotsOfStories/LotsOfStuff603.stories.ts:425:13
      at src/stories/LotsOfStories/LotsOfStuff603.stories.ts:424:9
      at Object.<anonymous> (src/stories/LotsOfStories/LotsOfStuff603.stories.ts:127:5)

FAIL browser: chromium src/stories/LotsOfStories/LotsOfStuff600.stories.ts (53.752 s)
  ΓùÅ Console

    console.log
      An error occurred in the following story, most likely because of a navigation: "Pages/LotsOfStuff600/Drawer And Dropdown Interaction". 
Retrying...

      at Object.<anonymous> (src/stories/LotsOfStories/LotsOfStuff600.stories.ts:534:37)

  ΓùÅ Pages/LotsOfStuff600 ΓÇ║ Default ΓÇ║ smoke-test

    thrown: "Exceeded timeout of 15000 ms for a test.
    Add a timeout value to this test to increase the timeout, if this is a long-running test. See 
https://jestjs.io/docs/api#testname-fn-timeout."

    [0m[0m

      at src/stories/LotsOfStories/LotsOfStuff600.stories.ts:129:13
      at src/stories/LotsOfStories/LotsOfStuff600.stories.ts:128:9
      at Object.<anonymous> (src/stories/LotsOfStories/LotsOfStuff600.stories.ts:127:5)

  ΓùÅ Pages/LotsOfStuff600 ΓÇ║ DrawerAndDropdownInteraction ΓÇ║ play-test

    thrown: "Exceeded timeout of 15000 ms for a test.
    Add a timeout value to this test to increase the timeout, if this is a long-running test. See 
https://jestjs.io/docs/api#testname-fn-timeout."

    [0m[0m

      at src/stories/LotsOfStories/LotsOfStuff600.stories.ts:425:13
      at src/stories/LotsOfStories/LotsOfStuff600.stories.ts:424:9
      at Object.<anonymous> (src/stories/LotsOfStories/LotsOfStuff600.stories.ts:127:5)

FAIL browser: chromium src/stories/LotsOfStories/LotsOfStuff604.stories.ts (53.851 s)
  ΓùÅ Console

    console.log
      An error occurred in the following story, most likely because of a navigation: "Pages/LotsOfStuff604/Drawer And Dropdown Interaction". 
Retrying...

      at Object.<anonymous> (src/stories/LotsOfStories/LotsOfStuff604.stories.ts:534:37)

  ΓùÅ Pages/LotsOfStuff604 ΓÇ║ Default ΓÇ║ smoke-test

    thrown: "Exceeded timeout of 15000 ms for a test.
    Add a timeout value to this test to increase the timeout, if this is a long-running test. See 
https://jestjs.io/docs/api#testname-fn-timeout."

    [0m[0m

      at src/stories/LotsOfStories/LotsOfStuff604.stories.ts:129:13
      at src/stories/LotsOfStories/LotsOfStuff604.stories.ts:128:9
      at Object.<anonymous> (src/stories/LotsOfStories/LotsOfStuff604.stories.ts:127:5)

  ΓùÅ Pages/LotsOfStuff604 ΓÇ║ DrawerAndDropdownInteraction ΓÇ║ play-test

    thrown: "Exceeded timeout of 15000 ms for a test.
    Add a timeout value to this test to increase the timeout, if this is a long-running test. See 
https://jestjs.io/docs/api#testname-fn-timeout."

    [0m[0m

      at src/stories/LotsOfStories/LotsOfStuff604.stories.ts:425:13
      at src/stories/LotsOfStories/LotsOfStuff604.stories.ts:424:9
      at Object.<anonymous> (src/stories/LotsOfStories/LotsOfStuff604.stories.ts:127:5)

FAIL browser: chromium src/stories/LotsOfStories/LotsOfStuff606.stories.ts (53.969 s)
  ΓùÅ Console

    console.log
      An error occurred in the following story, most likely because of a navigation: "Pages/LotsOfStuff606/Drawer And Dropdown Interaction". 
Retrying...

      at Object.<anonymous> (src/stories/LotsOfStories/LotsOfStuff606.stories.ts:534:37)

  ΓùÅ Pages/LotsOfStuff606 ΓÇ║ Default ΓÇ║ smoke-test

    thrown: "Exceeded timeout of 15000 ms for a test.
    Add a timeout value to this test to increase the timeout, if this is a long-running test. See 
https://jestjs.io/docs/api#testname-fn-timeout."

    [0m[0m

      at src/stories/LotsOfStories/LotsOfStuff606.stories.ts:129:13
      at src/stories/LotsOfStories/LotsOfStuff606.stories.ts:128:9
      at Object.<anonymous> (src/stories/LotsOfStories/LotsOfStuff606.stories.ts:127:5)

  ΓùÅ Pages/LotsOfStuff606 ΓÇ║ DrawerAndDropdownInteraction ΓÇ║ play-test

    thrown: "Exceeded timeout of 15000 ms for a test.
    Add a timeout value to this test to increase the timeout, if this is a long-running test. See 
https://jestjs.io/docs/api#testname-fn-timeout."

    [0m[0m

      at src/stories/LotsOfStories/LotsOfStuff606.stories.ts:425:13
      at src/stories/LotsOfStories/LotsOfStuff606.stories.ts:424:9
      at Object.<anonymous> (src/stories/LotsOfStories/LotsOfStuff606.stories.ts:127:5)

FAIL browser: chromium src/stories/LotsOfStories/LotsOfStuff602.stories.ts (53.845 s)
  ΓùÅ Console

    console.log
      An error occurred in the following story, most likely because of a navigation: "Pages/LotsOfStuff602/Drawer And Dropdown Interaction". 
Retrying...

      at Object.<anonymous> (src/stories/LotsOfStories/LotsOfStuff602.stories.ts:534:37)

  ΓùÅ Pages/LotsOfStuff602 ΓÇ║ Default ΓÇ║ smoke-test

    thrown: "Exceeded timeout of 15000 ms for a test.
    Add a timeout value to this test to increase the timeout, if this is a long-running test. See 
https://jestjs.io/docs/api#testname-fn-timeout."

    [0m[0m

      at src/stories/LotsOfStories/LotsOfStuff602.stories.ts:129:13
      at src/stories/LotsOfStories/LotsOfStuff602.stories.ts:128:9
      at Object.<anonymous> (src/stories/LotsOfStories/LotsOfStuff602.stories.ts:127:5)

  ΓùÅ Pages/LotsOfStuff602 ΓÇ║ DrawerAndDropdownInteraction ΓÇ║ play-test

    thrown: "Exceeded timeout of 15000 ms for a test.
    Add a timeout value to this test to increase the timeout, if this is a long-running test. See 
https://jestjs.io/docs/api#testname-fn-timeout."

    [0m[0m

      at src/stories/LotsOfStories/LotsOfStuff602.stories.ts:425:13
      at src/stories/LotsOfStories/LotsOfStuff602.stories.ts:424:9
      at Object.<anonymous> (src/stories/LotsOfStories/LotsOfStuff602.stories.ts:127:5)

FAIL browser: chromium src/stories/LotsOfStories/LotsOfStuff608.stories.ts (54.112 s)
  ΓùÅ Console

    console.log
      An error occurred in the following story, most likely because of a navigation: "Pages/LotsOfStuff608/Drawer And Dropdown Interaction". 
Retrying...

      at Object.<anonymous> (src/stories/LotsOfStories/LotsOfStuff608.stories.ts:534:37)

  ΓùÅ Pages/LotsOfStuff608 ΓÇ║ Default ΓÇ║ smoke-test

    thrown: "Exceeded timeout of 15000 ms for a test.
    Add a timeout value to this test to increase the timeout, if this is a long-running test. See 
https://jestjs.io/docs/api#testname-fn-timeout."

    [0m[0m

      at src/stories/LotsOfStories/LotsOfStuff608.stories.ts:129:13
      at src/stories/LotsOfStories/LotsOfStuff608.stories.ts:128:9
      at Object.<anonymous> (src/stories/LotsOfStories/LotsOfStuff608.stories.ts:127:5)

  ΓùÅ Pages/LotsOfStuff608 ΓÇ║ DrawerAndDropdownInteraction ΓÇ║ play-test

    thrown: "Exceeded timeout of 15000 ms for a test.
    Add a timeout value to this test to increase the timeout, if this is a long-running test. See 
https://jestjs.io/docs/api#testname-fn-timeout."

    [0m[0m

      at src/stories/LotsOfStories/LotsOfStuff608.stories.ts:425:13
      at src/stories/LotsOfStories/LotsOfStuff608.stories.ts:424:9
      at Object.<anonymous> (src/stories/LotsOfStories/LotsOfStuff608.stories.ts:127:5)

FAIL browser: chromium src/stories/LotsOfStories/LotsOfStuff610.stories.ts (54.134 s)
  ΓùÅ Console

    console.log
      An error occurred in the following story, most likely because of a navigation: "Pages/LotsOfStuff610/Drawer And Dropdown Interaction". 
Retrying...

      at Object.<anonymous> (src/stories/LotsOfStories/LotsOfStuff610.stories.ts:534:37)

  ΓùÅ Pages/LotsOfStuff610 ΓÇ║ Default ΓÇ║ smoke-test

    thrown: "Exceeded timeout of 15000 ms for a test.
    Add a timeout value to this test to increase the timeout, if this is a long-running test. See 
https://jestjs.io/docs/api#testname-fn-timeout."

    [0m[0m

      at src/stories/LotsOfStories/LotsOfStuff610.stories.ts:129:13
      at src/stories/LotsOfStories/LotsOfStuff610.stories.ts:128:9
      at Object.<anonymous> (src/stories/LotsOfStories/LotsOfStuff610.stories.ts:127:5)

  ΓùÅ Pages/LotsOfStuff610 ΓÇ║ DrawerAndDropdownInteraction ΓÇ║ play-test

    thrown: "Exceeded timeout of 15000 ms for a test.
    Add a timeout value to this test to increase the timeout, if this is a long-running test. See 
https://jestjs.io/docs/api#testname-fn-timeout."

    [0m[0m

      at src/stories/LotsOfStories/LotsOfStuff610.stories.ts:425:13
      at src/stories/LotsOfStories/LotsOfStuff610.stories.ts:424:9
      at Object.<anonymous> (src/stories/LotsOfStories/LotsOfStuff610.stories.ts:127:5)

FAIL browser: chromium src/stories/LotsOfStories/LotsOfStuff605.stories.ts (54.054 s)
  ΓùÅ Console

    console.log
      An error occurred in the following story, most likely because of a navigation: "Pages/LotsOfStuff605/Drawer And Dropdown Interaction". 
Retrying...

      at Object.<anonymous> (src/stories/LotsOfStories/LotsOfStuff605.stories.ts:534:37)

  ΓùÅ Pages/LotsOfStuff605 ΓÇ║ Default ΓÇ║ smoke-test

    thrown: "Exceeded timeout of 15000 ms for a test.
    Add a timeout value to this test to increase the timeout, if this is a long-running test. See 
https://jestjs.io/docs/api#testname-fn-timeout."

    [0m[0m

      at src/stories/LotsOfStories/LotsOfStuff605.stories.ts:129:13
      at src/stories/LotsOfStories/LotsOfStuff605.stories.ts:128:9
      at Object.<anonymous> (src/stories/LotsOfStories/LotsOfStuff605.stories.ts:127:5)

  ΓùÅ Pages/LotsOfStuff605 ΓÇ║ DrawerAndDropdownInteraction ΓÇ║ play-test

    thrown: "Exceeded timeout of 15000 ms for a test.
    Add a timeout value to this test to increase the timeout, if this is a long-running test. See 
https://jestjs.io/docs/api#testname-fn-timeout."

    [0m[0m

      at src/stories/LotsOfStories/LotsOfStuff605.stories.ts:425:13
      at src/stories/LotsOfStories/LotsOfStuff605.stories.ts:424:9
      at Object.<anonymous> (src/stories/LotsOfStories/LotsOfStuff605.stories.ts:127:5)

FAIL browser: chromium src/stories/LotsOfStories/LotsOfStuff601.stories.ts (53.883 s)
  ΓùÅ Console

    console.log
      An error occurred in the following story, most likely because of a navigation: "Pages/LotsOfStuff601/Drawer And Dropdown Interaction". 
Retrying...

      at Object.<anonymous> (src/stories/LotsOfStories/LotsOfStuff601.stories.ts:534:37)

  ΓùÅ Pages/LotsOfStuff601 ΓÇ║ Default ΓÇ║ smoke-test

    thrown: "Exceeded timeout of 15000 ms for a test.
    Add a timeout value to this test to increase the timeout, if this is a long-running test. See 
https://jestjs.io/docs/api#testname-fn-timeout."

    [0m[0m

      at src/stories/LotsOfStories/LotsOfStuff601.stories.ts:129:13
      at src/stories/LotsOfStories/LotsOfStuff601.stories.ts:128:9
      at Object.<anonymous> (src/stories/LotsOfStories/LotsOfStuff601.stories.ts:127:5)

  ΓùÅ Pages/LotsOfStuff601 ΓÇ║ DrawerAndDropdownInteraction ΓÇ║ play-test

    thrown: "Exceeded timeout of 15000 ms for a test.
    Add a timeout value to this test to increase the timeout, if this is a long-running test. See 
https://jestjs.io/docs/api#testname-fn-timeout."

    [0m[0m

      at src/stories/LotsOfStories/LotsOfStuff601.stories.ts:425:13
      at src/stories/LotsOfStories/LotsOfStuff601.stories.ts:424:9
      at Object.<anonymous> (src/stories/LotsOfStories/LotsOfStuff601.stories.ts:127:5)

FAIL browser: chromium src/stories/LotsOfStories/LotsOfStuff613.stories.ts (54.699 s)
  ΓùÅ Console

    console.log
      An error occurred in the following story, most likely because of a navigation: "Pages/LotsOfStuff613/Drawer And Dropdown Interaction". 
Retrying...

      at Object.<anonymous> (src/stories/LotsOfStories/LotsOfStuff613.stories.ts:534:37)

  ΓùÅ Pages/LotsOfStuff613 ΓÇ║ Default ΓÇ║ smoke-test

    thrown: "Exceeded timeout of 15000 ms for a test.
    Add a timeout value to this test to increase the timeout, if this is a long-running test. See 
https://jestjs.io/docs/api#testname-fn-timeout."

    [0m[0m

      at src/stories/LotsOfStories/LotsOfStuff613.stories.ts:129:13
      at src/stories/LotsOfStories/LotsOfStuff613.stories.ts:128:9
      at Object.<anonymous> (src/stories/LotsOfStories/LotsOfStuff613.stories.ts:127:5)

  ΓùÅ Pages/LotsOfStuff613 ΓÇ║ DrawerAndDropdownInteraction ΓÇ║ play-test

    thrown: "Exceeded timeout of 15000 ms for a test.
    Add a timeout value to this test to increase the timeout, if this is a long-running test. See 
https://jestjs.io/docs/api#testname-fn-timeout."

    [0m[0m

      at src/stories/LotsOfStories/LotsOfStuff613.stories.ts:425:13
      at src/stories/LotsOfStories/LotsOfStuff613.stories.ts:424:9
      at Object.<anonymous> (src/stories/LotsOfStories/LotsOfStuff613.stories.ts:127:5)

FAIL browser: chromium src/stories/LotsOfStories/LotsOfStuff611.stories.ts (54.711 s)
  ΓùÅ Console

    console.log
      An error occurred in the following story, most likely because of a navigation: "Pages/LotsOfStuff611/Drawer And Dropdown Interaction". 
Retrying...

      at Object.<anonymous> (src/stories/LotsOfStories/LotsOfStuff611.stories.ts:534:37)

  ΓùÅ Pages/LotsOfStuff611 ΓÇ║ Default ΓÇ║ smoke-test

    thrown: "Exceeded timeout of 15000 ms for a test.
    Add a timeout value to this test to increase the timeout, if this is a long-running test. See 
https://jestjs.io/docs/api#testname-fn-timeout."

    [0m[0m

      at src/stories/LotsOfStories/LotsOfStuff611.stories.ts:129:13
      at src/stories/LotsOfStories/LotsOfStuff611.stories.ts:128:9
      at Object.<anonymous> (src/stories/LotsOfStories/LotsOfStuff611.stories.ts:127:5)

  ΓùÅ Pages/LotsOfStuff611 ΓÇ║ DrawerAndDropdownInteraction ΓÇ║ play-test

    thrown: "Exceeded timeout of 15000 ms for a test.
    Add a timeout value to this test to increase the timeout, if this is a long-running test. See 
https://jestjs.io/docs/api#testname-fn-timeout."

    [0m[0m

      at src/stories/LotsOfStories/LotsOfStuff611.stories.ts:425:13
      at src/stories/LotsOfStories/LotsOfStuff611.stories.ts:424:9
      at Object.<anonymous> (src/stories/LotsOfStories/LotsOfStuff611.stories.ts:127:5)

FAIL browser: chromium src/stories/LotsOfStories/LotsOfStuff612.stories.ts (54.933 s)
  ΓùÅ Console

    console.log
      An error occurred in the following story, most likely because of a navigation: "Pages/LotsOfStuff612/Drawer And Dropdown Interaction". 
Retrying...

      at Object.<anonymous> (src/stories/LotsOfStories/LotsOfStuff612.stories.ts:534:37)

  ΓùÅ Pages/LotsOfStuff612 ΓÇ║ Default ΓÇ║ smoke-test

    thrown: "Exceeded timeout of 15000 ms for a test.
    Add a timeout value to this test to increase the timeout, if this is a long-running test. See 
https://jestjs.io/docs/api#testname-fn-timeout."

    [0m[0m

      at src/stories/LotsOfStories/LotsOfStuff612.stories.ts:129:13
      at src/stories/LotsOfStories/LotsOfStuff612.stories.ts:128:9
      at Object.<anonymous> (src/stories/LotsOfStories/LotsOfStuff612.stories.ts:127:5)

  ΓùÅ Pages/LotsOfStuff612 ΓÇ║ DrawerAndDropdownInteraction ΓÇ║ play-test

    thrown: "Exceeded timeout of 15000 ms for a test.
    Add a timeout value to this test to increase the timeout, if this is a long-running test. See 
https://jestjs.io/docs/api#testname-fn-timeout."

    [0m[0m

      at src/stories/LotsOfStories/LotsOfStuff612.stories.ts:425:13
      at src/stories/LotsOfStories/LotsOfStuff612.stories.ts:424:9
      at Object.<anonymous> (src/stories/LotsOfStories/LotsOfStuff612.stories.ts:127:5)

FAIL browser: chromium src/stories/LotsOfStories/LotsOfStuff585.stories.ts
  ΓùÅ Test suite failed to run

    page.goto: Timeout 30000ms exceeded.
    Call log:
      [2m- navigating to "http://127.0.0.1:6006/iframe.html", waiting until "load"[22m

      at defaultPrepare (node_modules/@storybook/test-runner/dist/index.js:13241:14)
      at setupPage (node_modules/@storybook/test-runner/dist/index.js:13273:11)
      at CustomEnvironment.setup (node_modules/@storybook/test-runner/playwright/custom-environment.js:8:5)

FAIL browser: chromium src/stories/LotsOfStories/LotsOfStuff577.stories.ts
  ΓùÅ Test suite failed to run

    page.goto: Timeout 30000ms exceeded.
    Call log:
      [2m- navigating to "http://127.0.0.1:6006/iframe.html", waiting until "load"[22m

      at defaultPrepare (node_modules/@storybook/test-runner/dist/index.js:13241:14)
      at setupPage (node_modules/@storybook/test-runner/dist/index.js:13273:11)
      at CustomEnvironment.setup (node_modules/@storybook/test-runner/playwright/custom-environment.js:8:5)

FAIL browser: chromium src/stories/LotsOfStories/LotsOfStuff578.stories.ts
  ΓùÅ Test suite failed to run

    page.goto: Timeout 30000ms exceeded.
    Call log:
      [2m- navigating to "http://127.0.0.1:6006/iframe.html", waiting until "load"[22m

      at defaultPrepare (node_modules/@storybook/test-runner/dist/index.js:13241:14)
      at setupPage (node_modules/@storybook/test-runner/dist/index.js:13273:11)
      at CustomEnvironment.setup (node_modules/@storybook/test-runner/playwright/custom-environment.js:8:5)

PASS browser: chromium src/stories/LotsOfStories/LotsOfStuff576.stories.ts (27.564 s)
PASS browser: chromium src/stories/LotsOfStories/LotsOfStuff574.stories.ts (27.243 s)
PASS browser: chromium src/stories/LotsOfStories/LotsOfStuff575.stories.ts (27.698 s)
FAIL browser: chromium src/stories/LotsOfStories/LotsOfStuff579.stories.ts (63.653 s)
  ΓùÅ Console

    console.log
      An error occurred in the following story, most likely because of a navigation: "Pages/LotsOfStuff579/Drawer And Dropdown Interaction". 
Retrying...

      at Object.<anonymous> (src/stories/LotsOfStories/LotsOfStuff579.stories.ts:534:37)

  ΓùÅ Pages/LotsOfStuff579 ΓÇ║ Default ΓÇ║ smoke-test

    thrown: "Exceeded timeout of 15000 ms for a test.
    Add a timeout value to this test to increase the timeout, if this is a long-running test. See 
https://jestjs.io/docs/api#testname-fn-timeout."

    [0m[0m

      at src/stories/LotsOfStories/LotsOfStuff579.stories.ts:129:13
      at src/stories/LotsOfStories/LotsOfStuff579.stories.ts:128:9
      at Object.<anonymous> (src/stories/LotsOfStories/LotsOfStuff579.stories.ts:127:5)

  ΓùÅ Pages/LotsOfStuff579 ΓÇ║ DrawerAndDropdownInteraction ΓÇ║ play-test

    thrown: "Exceeded timeout of 15000 ms for a test.
    Add a timeout value to this test to increase the timeout, if this is a long-running test. See 
https://jestjs.io/docs/api#testname-fn-timeout."

    [0m[0m

      at src/stories/LotsOfStories/LotsOfStuff579.stories.ts:425:13
      at src/stories/LotsOfStories/LotsOfStuff579.stories.ts:424:9
      at Object.<anonymous> (src/stories/LotsOfStories/LotsOfStuff579.stories.ts:127:5)

FAIL browser: chromium src/stories/LotsOfStories/LotsOfStuff580.stories.ts (63.721 s)
  ΓùÅ Console

    console.log
      An error occurred in the following story, most likely because of a navigation: "Pages/LotsOfStuff580/Drawer And Dropdown Interaction". 
Retrying...

      at Object.<anonymous> (src/stories/LotsOfStories/LotsOfStuff580.stories.ts:534:37)

  ΓùÅ Pages/LotsOfStuff580 ΓÇ║ Default ΓÇ║ smoke-test

    thrown: "Exceeded timeout of 15000 ms for a test.
    Add a timeout value to this test to increase the timeout, if this is a long-running test. See 
https://jestjs.io/docs/api#testname-fn-timeout."

    [0m[0m

      at src/stories/LotsOfStories/LotsOfStuff580.stories.ts:129:13
      at src/stories/LotsOfStories/LotsOfStuff580.stories.ts:128:9
      at Object.<anonymous> (src/stories/LotsOfStories/LotsOfStuff580.stories.ts:127:5)

  ΓùÅ Pages/LotsOfStuff580 ΓÇ║ DrawerAndDropdownInteraction ΓÇ║ play-test

    thrown: "Exceeded timeout of 15000 ms for a test.
    Add a timeout value to this test to increase the timeout, if this is a long-running test. See 
https://jestjs.io/docs/api#testname-fn-timeout."

    [0m[0m

      at src/stories/LotsOfStories/LotsOfStuff580.stories.ts:425:13
      at src/stories/LotsOfStories/LotsOfStuff580.stories.ts:424:9
      at Object.<anonymous> (src/stories/LotsOfStories/LotsOfStuff580.stories.ts:127:5)

FAIL browser: chromium src/stories/LotsOfStories/LotsOfStuff592.stories.ts (66.794 s)
  ΓùÅ Console

    console.log
      An error occurred in the following story, most likely because of a navigation: "Pages/LotsOfStuff592/Drawer And Dropdown Interaction". 
Retrying...

      at Object.<anonymous> (src/stories/LotsOfStories/LotsOfStuff592.stories.ts:534:37)

  ΓùÅ Pages/LotsOfStuff592 ΓÇ║ Default ΓÇ║ smoke-test

    thrown: "Exceeded timeout of 15000 ms for a test.
    Add a timeout value to this test to increase the timeout, if this is a long-running test. See 
https://jestjs.io/docs/api#testname-fn-timeout."

    [0m[0m

      at src/stories/LotsOfStories/LotsOfStuff592.stories.ts:129:13
      at src/stories/LotsOfStories/LotsOfStuff592.stories.ts:128:9
      at Object.<anonymous> (src/stories/LotsOfStories/LotsOfStuff592.stories.ts:127:5)

  ΓùÅ Pages/LotsOfStuff592 ΓÇ║ DrawerAndDropdownInteraction ΓÇ║ play-test

    thrown: "Exceeded timeout of 15000 ms for a test.
    Add a timeout value to this test to increase the timeout, if this is a long-running test. See 
https://jestjs.io/docs/api#testname-fn-timeout."

    [0m[0m

      at src/stories/LotsOfStories/LotsOfStuff592.stories.ts:425:13
      at src/stories/LotsOfStories/LotsOfStuff592.stories.ts:424:9
      at Object.<anonymous> (src/stories/LotsOfStories/LotsOfStuff592.stories.ts:127:5)

FAIL browser: chromium src/stories/LotsOfStories/LotsOfStuff593.stories.ts (66.743 s)
  ΓùÅ Console

    console.log
      An error occurred in the following story, most likely because of a navigation: "Pages/LotsOfStuff593/Drawer And Dropdown Interaction". 
Retrying...

      at Object.<anonymous> (src/stories/LotsOfStories/LotsOfStuff593.stories.ts:534:37)

  ΓùÅ Pages/LotsOfStuff593 ΓÇ║ Default ΓÇ║ smoke-test

    thrown: "Exceeded timeout of 15000 ms for a test.
    Add a timeout value to this test to increase the timeout, if this is a long-running test. See 
https://jestjs.io/docs/api#testname-fn-timeout."

    [0m[0m

      at src/stories/LotsOfStories/LotsOfStuff593.stories.ts:129:13
      at src/stories/LotsOfStories/LotsOfStuff593.stories.ts:128:9
      at Object.<anonymous> (src/stories/LotsOfStories/LotsOfStuff593.stories.ts:127:5)

  ΓùÅ Pages/LotsOfStuff593 ΓÇ║ DrawerAndDropdownInteraction ΓÇ║ play-test

    thrown: "Exceeded timeout of 15000 ms for a test.
    Add a timeout value to this test to increase the timeout, if this is a long-running test. See 
https://jestjs.io/docs/api#testname-fn-timeout."

    [0m[0m

      at src/stories/LotsOfStories/LotsOfStuff593.stories.ts:425:13
      at src/stories/LotsOfStories/LotsOfStuff593.stories.ts:424:9
      at Object.<anonymous> (src/stories/LotsOfStories/LotsOfStuff593.stories.ts:127:5)

FAIL browser: chromium src/stories/LotsOfStories/LotsOfStuff594.stories.ts (66.864 s)
  ΓùÅ Console

    console.log
      An error occurred in the following story, most likely because of a navigation: "Pages/LotsOfStuff594/Drawer And Dropdown Interaction". 
Retrying...

      at Object.<anonymous> (src/stories/LotsOfStories/LotsOfStuff594.stories.ts:534:37)

  ΓùÅ Pages/LotsOfStuff594 ΓÇ║ Default ΓÇ║ smoke-test

    thrown: "Exceeded timeout of 15000 ms for a test.
    Add a timeout value to this test to increase the timeout, if this is a long-running test. See 
https://jestjs.io/docs/api#testname-fn-timeout."

    [0m[0m

      at src/stories/LotsOfStories/LotsOfStuff594.stories.ts:129:13
      at src/stories/LotsOfStories/LotsOfStuff594.stories.ts:128:9
      at Object.<anonymous> (src/stories/LotsOfStories/LotsOfStuff594.stories.ts:127:5)

  ΓùÅ Pages/LotsOfStuff594 ΓÇ║ DrawerAndDropdownInteraction ΓÇ║ play-test

    thrown: "Exceeded timeout of 15000 ms for a test.
    Add a timeout value to this test to increase the timeout, if this is a long-running test. See 
https://jestjs.io/docs/api#testname-fn-timeout."

    [0m[0m

      at src/stories/LotsOfStories/LotsOfStuff594.stories.ts:425:13
      at src/stories/LotsOfStories/LotsOfStuff594.stories.ts:424:9
      at Object.<anonymous> (src/stories/LotsOfStories/LotsOfStuff594.stories.ts:127:5)

FAIL browser: chromium src/stories/LotsOfStories/LotsOfStuff586.stories.ts (63.883 s)
  ΓùÅ Console

    console.log
      An error occurred in the following story, most likely because of a navigation: "Pages/LotsOfStuff586/Drawer And Dropdown Interaction". 
Retrying...

      at Object.<anonymous> (src/stories/LotsOfStories/LotsOfStuff586.stories.ts:534:37)

  ΓùÅ Pages/LotsOfStuff586 ΓÇ║ Default ΓÇ║ smoke-test

    thrown: "Exceeded timeout of 15000 ms for a test.
    Add a timeout value to this test to increase the timeout, if this is a long-running test. See 
https://jestjs.io/docs/api#testname-fn-timeout."

    [0m[0m

      at src/stories/LotsOfStories/LotsOfStuff586.stories.ts:129:13
      at src/stories/LotsOfStories/LotsOfStuff586.stories.ts:128:9
      at Object.<anonymous> (src/stories/LotsOfStories/LotsOfStuff586.stories.ts:127:5)

  ΓùÅ Pages/LotsOfStuff586 ΓÇ║ DrawerAndDropdownInteraction ΓÇ║ play-test

    thrown: "Exceeded timeout of 15000 ms for a test.
    Add a timeout value to this test to increase the timeout, if this is a long-running test. See 
https://jestjs.io/docs/api#testname-fn-timeout."

    [0m[0m

      at src/stories/LotsOfStories/LotsOfStuff586.stories.ts:425:13
      at src/stories/LotsOfStories/LotsOfStuff586.stories.ts:424:9
      at Object.<anonymous> (src/stories/LotsOfStories/LotsOfStuff586.stories.ts:127:5)

FAIL browser: chromium src/stories/LotsOfStories/LotsOfStuff591.stories.ts (64.016 s)
  ΓùÅ Console

    console.log
      An error occurred in the following story, most likely because of a navigation: "Pages/LotsOfStuff591/Drawer And Dropdown Interaction". 
Retrying...

      at Object.<anonymous> (src/stories/LotsOfStories/LotsOfStuff591.stories.ts:534:37)

  ΓùÅ Pages/LotsOfStuff591 ΓÇ║ Default ΓÇ║ smoke-test

    thrown: "Exceeded timeout of 15000 ms for a test.
    Add a timeout value to this test to increase the timeout, if this is a long-running test. See 
https://jestjs.io/docs/api#testname-fn-timeout."

    [0m[0m

      at src/stories/LotsOfStories/LotsOfStuff591.stories.ts:129:13
      at src/stories/LotsOfStories/LotsOfStuff591.stories.ts:128:9
      at Object.<anonymous> (src/stories/LotsOfStories/LotsOfStuff591.stories.ts:127:5)

  ΓùÅ Pages/LotsOfStuff591 ΓÇ║ DrawerAndDropdownInteraction ΓÇ║ play-test

    thrown: "Exceeded timeout of 15000 ms for a test.
    Add a timeout value to this test to increase the timeout, if this is a long-running test. See 
https://jestjs.io/docs/api#testname-fn-timeout."

    [0m[0m

      at src/stories/LotsOfStories/LotsOfStuff591.stories.ts:425:13
      at src/stories/LotsOfStories/LotsOfStuff591.stories.ts:424:9
      at Object.<anonymous> (src/stories/LotsOfStories/LotsOfStuff591.stories.ts:127:5)

FAIL browser: chromium src/stories/LotsOfStories/LotsOfStuff590.stories.ts (64.06 s)
  ΓùÅ Console

    console.log
      An error occurred in the following story, most likely because of a navigation: "Pages/LotsOfStuff590/Drawer And Dropdown Interaction". 
Retrying...

      at Object.<anonymous> (src/stories/LotsOfStories/LotsOfStuff590.stories.ts:534:37)

  ΓùÅ Pages/LotsOfStuff590 ΓÇ║ Default ΓÇ║ smoke-test

    thrown: "Exceeded timeout of 15000 ms for a test.
    Add a timeout value to this test to increase the timeout, if this is a long-running test. See 
https://jestjs.io/docs/api#testname-fn-timeout."

    [0m[0m

      at src/stories/LotsOfStories/LotsOfStuff590.stories.ts:129:13
      at src/stories/LotsOfStories/LotsOfStuff590.stories.ts:128:9
      at Object.<anonymous> (src/stories/LotsOfStories/LotsOfStuff590.stories.ts:127:5)

  ΓùÅ Pages/LotsOfStuff590 ΓÇ║ DrawerAndDropdownInteraction ΓÇ║ play-test

    thrown: "Exceeded timeout of 15000 ms for a test.
    Add a timeout value to this test to increase the timeout, if this is a long-running test. See 
https://jestjs.io/docs/api#testname-fn-timeout."

    [0m[0m

      at src/stories/LotsOfStories/LotsOfStuff590.stories.ts:425:13
      at src/stories/LotsOfStories/LotsOfStuff590.stories.ts:424:9
      at Object.<anonymous> (src/stories/LotsOfStories/LotsOfStuff590.stories.ts:127:5)

FAIL browser: chromium src/stories/LotsOfStories/LotsOfStuff584.stories.ts (63.956 s)
  ΓùÅ Console

    console.log
      An error occurred in the following story, most likely because of a navigation: "Pages/LotsOfStuff584/Drawer And Dropdown Interaction". 
Retrying...

      at Object.<anonymous> (src/stories/LotsOfStories/LotsOfStuff584.stories.ts:534:37)

  ΓùÅ Pages/LotsOfStuff584 ΓÇ║ Default ΓÇ║ smoke-test

    thrown: "Exceeded timeout of 15000 ms for a test.
    Add a timeout value to this test to increase the timeout, if this is a long-running test. See 
https://jestjs.io/docs/api#testname-fn-timeout."

    [0m[0m

      at src/stories/LotsOfStories/LotsOfStuff584.stories.ts:129:13
      at src/stories/LotsOfStories/LotsOfStuff584.stories.ts:128:9
      at Object.<anonymous> (src/stories/LotsOfStories/LotsOfStuff584.stories.ts:127:5)

  ΓùÅ Pages/LotsOfStuff584 ΓÇ║ DrawerAndDropdownInteraction ΓÇ║ play-test

    thrown: "Exceeded timeout of 15000 ms for a test.
    Add a timeout value to this test to increase the timeout, if this is a long-running test. See 
https://jestjs.io/docs/api#testname-fn-timeout."

    [0m[0m

      at src/stories/LotsOfStories/LotsOfStuff584.stories.ts:425:13
      at src/stories/LotsOfStories/LotsOfStuff584.stories.ts:424:9
      at Object.<anonymous> (src/stories/LotsOfStories/LotsOfStuff584.stories.ts:127:5)

FAIL browser: chromium src/stories/LotsOfStories/LotsOfStuff582.stories.ts (63.937 s)
  ΓùÅ Console

    console.log
      An error occurred in the following story, most likely because of a navigation: "Pages/LotsOfStuff582/Drawer And Dropdown Interaction". 
Retrying...

      at Object.<anonymous> (src/stories/LotsOfStories/LotsOfStuff582.stories.ts:534:37)

  ΓùÅ Pages/LotsOfStuff582 ΓÇ║ Default ΓÇ║ smoke-test

    thrown: "Exceeded timeout of 15000 ms for a test.
    Add a timeout value to this test to increase the timeout, if this is a long-running test. See 
https://jestjs.io/docs/api#testname-fn-timeout."

    [0m[0m

      at src/stories/LotsOfStories/LotsOfStuff582.stories.ts:129:13
      at src/stories/LotsOfStories/LotsOfStuff582.stories.ts:128:9
      at Object.<anonymous> (src/stories/LotsOfStories/LotsOfStuff582.stories.ts:127:5)

  ΓùÅ Pages/LotsOfStuff582 ΓÇ║ DrawerAndDropdownInteraction ΓÇ║ play-test

    thrown: "Exceeded timeout of 15000 ms for a test.
    Add a timeout value to this test to increase the timeout, if this is a long-running test. See 
https://jestjs.io/docs/api#testname-fn-timeout."

    [0m[0m

      at src/stories/LotsOfStories/LotsOfStuff582.stories.ts:425:13
      at src/stories/LotsOfStories/LotsOfStuff582.stories.ts:424:9
      at Object.<anonymous> (src/stories/LotsOfStories/LotsOfStuff582.stories.ts:127:5)

FAIL browser: chromium src/stories/LotsOfStories/LotsOfStuff581.stories.ts (63.947 s)
  ΓùÅ Console

    console.log
      An error occurred in the following story, most likely because of a navigation: "Pages/LotsOfStuff581/Drawer And Dropdown Interaction". 
Retrying...

      at Object.<anonymous> (src/stories/LotsOfStories/LotsOfStuff581.stories.ts:534:37)

  ΓùÅ Pages/LotsOfStuff581 ΓÇ║ Default ΓÇ║ smoke-test

    thrown: "Exceeded timeout of 15000 ms for a test.
    Add a timeout value to this test to increase the timeout, if this is a long-running test. See 
https://jestjs.io/docs/api#testname-fn-timeout."

    [0m[0m

      at src/stories/LotsOfStories/LotsOfStuff581.stories.ts:129:13
      at src/stories/LotsOfStories/LotsOfStuff581.stories.ts:128:9
      at Object.<anonymous> (src/stories/LotsOfStories/LotsOfStuff581.stories.ts:127:5)

  ΓùÅ Pages/LotsOfStuff581 ΓÇ║ DrawerAndDropdownInteraction ΓÇ║ play-test

    thrown: "Exceeded timeout of 15000 ms for a test.
    Add a timeout value to this test to increase the timeout, if this is a long-running test. See 
https://jestjs.io/docs/api#testname-fn-timeout."

    [0m[0m

      at src/stories/LotsOfStories/LotsOfStuff581.stories.ts:425:13
      at src/stories/LotsOfStories/LotsOfStuff581.stories.ts:424:9
      at Object.<anonymous> (src/stories/LotsOfStories/LotsOfStuff581.stories.ts:127:5)

FAIL browser: chromium src/stories/LotsOfStories/LotsOfStuff589.stories.ts (64.051 s)
  ΓùÅ Console

    console.log
      An error occurred in the following story, most likely because of a navigation: "Pages/LotsOfStuff589/Drawer And Dropdown Interaction". 
Retrying...

      at Object.<anonymous> (src/stories/LotsOfStories/LotsOfStuff589.stories.ts:534:37)

  ΓùÅ Pages/LotsOfStuff589 ΓÇ║ Default ΓÇ║ smoke-test

    thrown: "Exceeded timeout of 15000 ms for a test.
    Add a timeout value to this test to increase the timeout, if this is a long-running test. See 
https://jestjs.io/docs/api#testname-fn-timeout."

    [0m[0m

      at src/stories/LotsOfStories/LotsOfStuff589.stories.ts:129:13
      at src/stories/LotsOfStories/LotsOfStuff589.stories.ts:128:9
      at Object.<anonymous> (src/stories/LotsOfStories/LotsOfStuff589.stories.ts:127:5)

  ΓùÅ Pages/LotsOfStuff589 ΓÇ║ DrawerAndDropdownInteraction ΓÇ║ play-test

    thrown: "Exceeded timeout of 15000 ms for a test.
    Add a timeout value to this test to increase the timeout, if this is a long-running test. See 
https://jestjs.io/docs/api#testname-fn-timeout."

    [0m[0m

      at src/stories/LotsOfStories/LotsOfStuff589.stories.ts:425:13
      at src/stories/LotsOfStories/LotsOfStuff589.stories.ts:424:9
      at Object.<anonymous> (src/stories/LotsOfStories/LotsOfStuff589.stories.ts:127:5)

FAIL browser: chromium src/stories/LotsOfStories/LotsOfStuff583.stories.ts (63.956 s)
  ΓùÅ Console

    console.log
      An error occurred in the following story, most likely because of a navigation: "Pages/LotsOfStuff583/Drawer And Dropdown Interaction". 
Retrying...

      at Object.<anonymous> (src/stories/LotsOfStories/LotsOfStuff583.stories.ts:534:37)

  ΓùÅ Pages/LotsOfStuff583 ΓÇ║ Default ΓÇ║ smoke-test

    thrown: "Exceeded timeout of 15000 ms for a test.
    Add a timeout value to this test to increase the timeout, if this is a long-running test. See 
https://jestjs.io/docs/api#testname-fn-timeout."

    [0m[0m

      at src/stories/LotsOfStories/LotsOfStuff583.stories.ts:129:13
      at src/stories/LotsOfStories/LotsOfStuff583.stories.ts:128:9
      at Object.<anonymous> (src/stories/LotsOfStories/LotsOfStuff583.stories.ts:127:5)

  ΓùÅ Pages/LotsOfStuff583 ΓÇ║ DrawerAndDropdownInteraction ΓÇ║ play-test

    thrown: "Exceeded timeout of 15000 ms for a test.
    Add a timeout value to this test to increase the timeout, if this is a long-running test. See 
https://jestjs.io/docs/api#testname-fn-timeout."

    [0m[0m

      at src/stories/LotsOfStories/LotsOfStuff583.stories.ts:425:13
      at src/stories/LotsOfStories/LotsOfStuff583.stories.ts:424:9
      at Object.<anonymous> (src/stories/LotsOfStories/LotsOfStuff583.stories.ts:127:5)

FAIL browser: chromium src/stories/LotsOfStories/LotsOfStuff588.stories.ts (64.054 s)
  ΓùÅ Console

    console.log
      An error occurred in the following story, most likely because of a navigation: "Pages/LotsOfStuff588/Drawer And Dropdown Interaction". 
Retrying...

      at Object.<anonymous> (src/stories/LotsOfStories/LotsOfStuff588.stories.ts:534:37)

  ΓùÅ Pages/LotsOfStuff588 ΓÇ║ Default ΓÇ║ smoke-test

    thrown: "Exceeded timeout of 15000 ms for a test.
    Add a timeout value to this test to increase the timeout, if this is a long-running test. See 
https://jestjs.io/docs/api#testname-fn-timeout."

    [0m[0m

      at src/stories/LotsOfStories/LotsOfStuff588.stories.ts:129:13
      at src/stories/LotsOfStories/LotsOfStuff588.stories.ts:128:9
      at Object.<anonymous> (src/stories/LotsOfStories/LotsOfStuff588.stories.ts:127:5)

  ΓùÅ Pages/LotsOfStuff588 ΓÇ║ DrawerAndDropdownInteraction ΓÇ║ play-test

    thrown: "Exceeded timeout of 15000 ms for a test.
    Add a timeout value to this test to increase the timeout, if this is a long-running test. See 
https://jestjs.io/docs/api#testname-fn-timeout."

    [0m[0m

      at src/stories/LotsOfStories/LotsOfStuff588.stories.ts:425:13
      at src/stories/LotsOfStories/LotsOfStuff588.stories.ts:424:9
      at Object.<anonymous> (src/stories/LotsOfStories/LotsOfStuff588.stories.ts:127:5)

FAIL browser: chromium src/stories/LotsOfStories/LotsOfStuff587.stories.ts (64.058 s)
  ΓùÅ Console

    console.log
      An error occurred in the following story, most likely because of a navigation: "Pages/LotsOfStuff587/Drawer And Dropdown Interaction". 
Retrying...

      at Object.<anonymous> (src/stories/LotsOfStories/LotsOfStuff587.stories.ts:534:37)

  ΓùÅ Pages/LotsOfStuff587 ΓÇ║ Default ΓÇ║ smoke-test

    thrown: "Exceeded timeout of 15000 ms for a test.
    Add a timeout value to this test to increase the timeout, if this is a long-running test. See 
https://jestjs.io/docs/api#testname-fn-timeout."

    [0m[0m

      at src/stories/LotsOfStories/LotsOfStuff587.stories.ts:129:13
      at src/stories/LotsOfStories/LotsOfStuff587.stories.ts:128:9
      at Object.<anonymous> (src/stories/LotsOfStories/LotsOfStuff587.stories.ts:127:5)

  ΓùÅ Pages/LotsOfStuff587 ΓÇ║ DrawerAndDropdownInteraction ΓÇ║ play-test

    thrown: "Exceeded timeout of 15000 ms for a test.
    Add a timeout value to this test to increase the timeout, if this is a long-running test. See 
https://jestjs.io/docs/api#testname-fn-timeout."

    [0m[0m

      at src/stories/LotsOfStories/LotsOfStuff587.stories.ts:425:13
      at src/stories/LotsOfStories/LotsOfStuff587.stories.ts:424:9
      at Object.<anonymous> (src/stories/LotsOfStories/LotsOfStuff587.stories.ts:127:5)

FAIL browser: chromium src/stories/LotsOfStories/LotsOfStuff573.stories.ts (63.802 s)
  ΓùÅ Console

    console.log
      An error occurred in the following story, most likely because of a navigation: "Pages/LotsOfStuff573/Drawer And Dropdown Interaction". 
Retrying...

      at Object.<anonymous> (src/stories/LotsOfStories/LotsOfStuff573.stories.ts:534:37)

  ΓùÅ Pages/LotsOfStuff573 ΓÇ║ Default ΓÇ║ smoke-test

    thrown: "Exceeded timeout of 15000 ms for a test.
    Add a timeout value to this test to increase the timeout, if this is a long-running test. See 
https://jestjs.io/docs/api#testname-fn-timeout."

    [0m[0m

      at src/stories/LotsOfStories/LotsOfStuff573.stories.ts:129:13
      at src/stories/LotsOfStories/LotsOfStuff573.stories.ts:128:9
      at Object.<anonymous> (src/stories/LotsOfStories/LotsOfStuff573.stories.ts:127:5)

  ΓùÅ Pages/LotsOfStuff573 ΓÇ║ DrawerAndDropdownInteraction ΓÇ║ play-test

    thrown: "Exceeded timeout of 15000 ms for a test.
    Add a timeout value to this test to increase the timeout, if this is a long-running test. See 
https://jestjs.io/docs/api#testname-fn-timeout."

    [0m[0m

      at src/stories/LotsOfStories/LotsOfStuff573.stories.ts:425:13
      at src/stories/LotsOfStories/LotsOfStuff573.stories.ts:424:9
      at Object.<anonymous> (src/stories/LotsOfStories/LotsOfStuff573.stories.ts:127:5)

PASS browser: chromium src/stories/LotsOfStories/LotsOfStuff559.stories.ts (15.56 s)
PASS browser: chromium src/stories/LotsOfStories/LotsOfStuff561.stories.ts (15.575 s)
PASS browser: chromium src/stories/LotsOfStories/LotsOfStuff567.stories.ts (15.723 s)
PASS browser: chromium src/stories/LotsOfStories/LotsOfStuff557.stories.ts (15.632 s)
PASS browser: chromium src/stories/LotsOfStories/LotsOfStuff563.stories.ts (15.733 s)
PASS browser: chromium src/stories/LotsOfStories/LotsOfStuff572.stories.ts (21.545 s)
PASS browser: chromium src/stories/LotsOfStories/LotsOfStuff565.stories.ts (15.834 s)
PASS browser: chromium src/stories/LotsOfStories/LotsOfStuff558.stories.ts (15.784 s)
PASS browser: chromium src/stories/LotsOfStories/LotsOfStuff562.stories.ts (15.824 s)
PASS browser: chromium src/stories/LotsOfStories/LotsOfStuff571.stories.ts (21.668 s)
PASS browser: chromium src/stories/LotsOfStories/LotsOfStuff560.stories.ts (15.884 s)
PASS browser: chromium src/stories/LotsOfStories/LotsOfStuff564.stories.ts (15.96 s)
PASS browser: chromium src/stories/LotsOfStories/LotsOfStuff570.stories.ts (21.758 s)
PASS browser: chromium src/stories/LotsOfStories/LotsOfStuff568.stories.ts (16.043 s)
PASS browser: chromium src/stories/LotsOfStories/LotsOfStuff569.stories.ts (16.167 s)
PASS browser: chromium src/stories/LotsOfStories/LotsOfStuff555.stories.ts (15.922 s)
PASS browser: chromium src/stories/LotsOfStories/LotsOfStuff553.stories.ts (15.933 s)
PASS browser: chromium src/stories/LotsOfStories/LotsOfStuff566.stories.ts (16.098 s)
PASS browser: chromium src/stories/LotsOfStories/LotsOfStuff556.stories.ts (16.081 s)
PASS browser: chromium src/stories/LotsOfStories/LotsOfStuff547.stories.ts (6.535 s)
PASS browser: chromium src/stories/LotsOfStories/LotsOfStuff548.stories.ts (6.673 s)
PASS browser: chromium src/stories/LotsOfStories/LotsOfStuff551.stories.ts (6.759 s)
PASS browser: chromium src/stories/LotsOfStories/LotsOfStuff550.stories.ts (6.732 s)
PASS browser: chromium src/stories/LotsOfStories/LotsOfStuff552.stories.ts (6.833 s)
PASS browser: chromium src/stories/LotsOfStories/LotsOfStuff554.stories.ts (6.834 s)
PASS browser: chromium src/stories/LotsOfStories/LotsOfStuff546.stories.ts (6.681 s)
PASS browser: chromium src/stories/LotsOfStories/LotsOfStuff541.stories.ts (14.548 s)
PASS browser: chromium src/stories/LotsOfStories/LotsOfStuff545.stories.ts (14.696 s)
PASS browser: chromium src/stories/LotsOfStories/LotsOfStuff544.stories.ts (14.648 s)
PASS browser: chromium src/stories/LotsOfStories/LotsOfStuff549.stories.ts (14.89 s)
PASS browser: chromium src/stories/LotsOfStories/LotsOfStuff537.stories.ts (14.572 s)
PASS browser: chromium src/stories/LotsOfStories/LotsOfStuff538.stories.ts (14.607 s)
PASS browser: chromium src/stories/LotsOfStories/LotsOfStuff539.stories.ts (14.641 s)
PASS browser: chromium src/stories/LotsOfStories/LotsOfStuff542.stories.ts (14.707 s)
PASS browser: chromium src/stories/LotsOfStories/LotsOfStuff536.stories.ts (14.637 s)
PASS browser: chromium src/stories/LotsOfStories/LotsOfStuff540.stories.ts (14.795 s)
PASS browser: chromium src/stories/LotsOfStories/LotsOfStuff543.stories.ts (14.875 s)
PASS browser: chromium src/stories/LotsOfStories/LotsOfStuff534.stories.ts (14.683 s)
PASS browser: chromium src/stories/LotsOfStories/LotsOfStuff530.stories.ts (13.4 s)
PASS browser: chromium src/stories/LotsOfStories/LotsOfStuff532.stories.ts (13.815 s)
PASS browser: chromium src/stories/LotsOfStories/LotsOfStuff535.stories.ts (13.83 s)
PASS browser: chromium src/stories/LotsOfStories/LotsOfStuff531.stories.ts (13.844 s)
PASS browser: chromium src/stories/LotsOfStories/LotsOfStuff528.stories.ts (13.791 s)
PASS browser: chromium src/stories/LotsOfStories/LotsOfStuff529.stories.ts (13.831 s)
PASS browser: chromium src/stories/LotsOfStories/LotsOfStuff533.stories.ts (13.905 s)
PASS browser: chromium src/stories/LotsOfStories/LotsOfStuff524.stories.ts (13.661 s)
PASS browser: chromium src/stories/LotsOfStories/LotsOfStuff526.stories.ts (13.783 s)
PASS browser: chromium src/stories/LotsOfStories/LotsOfStuff516.stories.ts (13.529 s)
PASS browser: chromium src/stories/LotsOfStories/LotsOfStuff521.stories.ts (13.663 s)
PASS browser: chromium src/stories/LotsOfStories/LotsOfStuff523.stories.ts (13.714 s)
PASS browser: chromium src/stories/LotsOfStories/LotsOfStuff525.stories.ts (13.721 s)
PASS browser: chromium src/stories/LotsOfStories/LotsOfStuff520.stories.ts (13.604 s)
PASS browser: chromium src/stories/LotsOfStories/LotsOfStuff517.stories.ts (13.583 s)
PASS browser: chromium src/stories/LotsOfStories/LotsOfStuff527.stories.ts (13.89 s)
PASS browser: chromium src/stories/LotsOfStories/LotsOfStuff519.stories.ts (13.765 s)
PASS browser: chromium src/stories/LotsOfStories/LotsOfStuff518.stories.ts (13.793 s)
PASS browser: chromium src/stories/LotsOfStories/LotsOfStuff522.stories.ts (14.645 s)
PASS browser: chromium src/stories/LotsOfStories/LotsOfStuff515.stories.ts (13.607 s)
PASS browser: chromium src/stories/LotsOfStories/LotsOfStuff512.stories.ts (13.365 s)
PASS browser: chromium src/stories/LotsOfStories/LotsOfStuff510.stories.ts (13.352 s)
PASS browser: chromium src/stories/LotsOfStories/LotsOfStuff514.stories.ts (13.455 s)
PASS browser: chromium src/stories/LotsOfStories/LotsOfStuff513.stories.ts (13.488 s)
PASS browser: chromium src/stories/LotsOfStories/LotsOfStuff511.stories.ts (13.476 s)
PASS browser: chromium src/stories/LotsOfStories/LotsOfStuff509.stories.ts (13.513 s)
PASS browser: chromium src/stories/LotsOfStories/LotsOfStuff502.stories.ts (13.694 s)
PASS browser: chromium src/stories/LotsOfStories/LotsOfStuff500.stories.ts (13.695 s)
PASS browser: chromium src/stories/LotsOfStories/LotsOfStuff497.stories.ts (12.8 s)
PASS browser: chromium src/stories/LotsOfStories/LotsOfStuff498.stories.ts (13.669 s)
PASS browser: chromium src/stories/LotsOfStories/LotsOfStuff508.stories.ts (13.905 s)
PASS browser: chromium src/stories/LotsOfStories/LotsOfStuff507.stories.ts (13.861 s)
PASS browser: chromium src/stories/LotsOfStories/LotsOfStuff501.stories.ts (13.75 s)
PASS browser: chromium src/stories/LotsOfStories/LotsOfStuff505.stories.ts (13.886 s)
PASS browser: chromium src/stories/LotsOfStories/LotsOfStuff506.stories.ts (13.938 s)
PASS browser: chromium src/stories/LotsOfStories/LotsOfStuff499.stories.ts (13.824 s)
PASS browser: chromium src/stories/LotsOfStories/LotsOfStuff503.stories.ts (13.969 s)
PASS browser: chromium src/stories/LotsOfStories/LotsOfStuff504.stories.ts (14.116 s)
PASS browser: chromium src/stories/LotsOfStories/LotsOfStuff496.stories.ts (14.058 s)
PASS browser: chromium src/stories/LotsOfStories/LotsOfStuff494.stories.ts (14.374 s)
PASS browser: chromium src/stories/LotsOfStories/LotsOfStuff490.stories.ts (14.201 s)
PASS browser: chromium src/stories/LotsOfStories/LotsOfStuff492.stories.ts (14.293 s)
PASS browser: chromium src/stories/LotsOfStories/LotsOfStuff495.stories.ts (14.62 s)
PASS browser: chromium src/stories/LotsOfStories/LotsOfStuff491.stories.ts (14.341 s)
PASS browser: chromium src/stories/LotsOfStories/LotsOfStuff493.stories.ts (14.388 s)
PASS browser: chromium src/stories/LotsOfStories/LotsOfStuff488.stories.ts (14.263 s)
PASS browser: chromium src/stories/LotsOfStories/LotsOfStuff481.stories.ts (14.168 s)
PASS browser: chromium src/stories/LotsOfStories/LotsOfStuff486.stories.ts (14.3 s)
PASS browser: chromium src/stories/LotsOfStories/LotsOfStuff483.stories.ts (14.261 s)
PASS browser: chromium src/stories/LotsOfStories/LotsOfStuff482.stories.ts (14.267 s)
PASS browser: chromium src/stories/LotsOfStories/LotsOfStuff485.stories.ts (14.334 s)
PASS browser: chromium src/stories/LotsOfStories/LotsOfStuff484.stories.ts (14.333 s)
PASS browser: chromium src/stories/LotsOfStories/LotsOfStuff489.stories.ts (14.465 s)
PASS browser: chromium src/stories/LotsOfStories/LotsOfStuff479.stories.ts (14.235 s)
PASS browser: chromium src/stories/LotsOfStories/LotsOfStuff487.stories.ts (14.421 s)
PASS browser: chromium src/stories/LotsOfStories/LotsOfStuff480.stories.ts (14.386 s)
PASS browser: chromium src/stories/LotsOfStories/LotsOfStuff478.stories.ts (14.224 s)
PASS browser: chromium src/stories/LotsOfStories/LotsOfStuff476.stories.ts (13.998 s)
PASS browser: chromium src/stories/LotsOfStories/LotsOfStuff474.stories.ts (14.021 s)
PASS browser: chromium src/stories/LotsOfStories/LotsOfStuff472.stories.ts (13.944 s)
PASS browser: chromium src/stories/LotsOfStories/LotsOfStuff473.stories.ts (13.979 s)
PASS browser: chromium src/stories/LotsOfStories/LotsOfStuff471.stories.ts (13.968 s)
PASS browser: chromium src/stories/LotsOfStories/LotsOfStuff477.stories.ts (14.416 s)
PASS browser: chromium src/stories/LotsOfStories/LotsOfStuff475.stories.ts (14.254 s)
PASS browser: chromium src/stories/LotsOfStories/LotsOfStuff465.stories.ts (12.462 s)
PASS browser: chromium src/stories/LotsOfStories/LotsOfStuff459.stories.ts (12.75 s)
PASS browser: chromium src/stories/LotsOfStories/LotsOfStuff468.stories.ts (13.067 s)
PASS browser: chromium src/stories/LotsOfStories/LotsOfStuff464.stories.ts (13.015 s)
PASS browser: chromium src/stories/LotsOfStories/LotsOfStuff460.stories.ts (12.879 s)
PASS browser: chromium src/stories/LotsOfStories/LotsOfStuff462.stories.ts (12.982 s)
PASS browser: chromium src/stories/LotsOfStories/LotsOfStuff470.stories.ts (13.134 s)
PASS browser: chromium src/stories/LotsOfStories/LotsOfStuff466.stories.ts (13.043 s)
PASS browser: chromium src/stories/LotsOfStories/LotsOfStuff469.stories.ts (13.152 s)
PASS browser: chromium src/stories/LotsOfStories/LotsOfStuff461.stories.ts (13.004 s)
PASS browser: chromium src/stories/LotsOfStories/LotsOfStuff467.stories.ts (13.068 s)
PASS browser: chromium src/stories/LotsOfStories/LotsOfStuff463.stories.ts (13.111 s)
PASS browser: chromium src/stories/LotsOfStories/LotsOfStuff457.stories.ts (12.878 s)
PASS browser: chromium src/stories/LotsOfStories/LotsOfStuff454.stories.ts (12.839 s)
PASS browser: chromium src/stories/LotsOfStories/LotsOfStuff453.stories.ts (12.945 s)
PASS browser: chromium src/stories/LotsOfStories/LotsOfStuff452.stories.ts (12.879 s)
PASS browser: chromium src/stories/LotsOfStories/LotsOfStuff456.stories.ts (13.127 s)
PASS browser: chromium src/stories/LotsOfStories/LotsOfStuff458.stories.ts (13.288 s)
PASS browser: chromium src/stories/LotsOfStories/LotsOfStuff455.stories.ts (13.303 s)
PASS browser: chromium src/stories/LotsOfStories/LotsOfStuff451.stories.ts (14.794 s)
PASS browser: chromium src/stories/LotsOfStories/LotsOfStuff449.stories.ts (14.616 s)
PASS browser: chromium src/stories/LotsOfStories/LotsOfStuff447.stories.ts (14.584 s)
PASS browser: chromium src/stories/LotsOfStories/LotsOfStuff440.stories.ts (14.448 s)
PASS browser: chromium src/stories/LotsOfStories/LotsOfStuff443.stories.ts (14.566 s)
PASS browser: chromium src/stories/LotsOfStories/LotsOfStuff444.stories.ts (14.606 s)
PASS browser: chromium src/stories/LotsOfStories/LotsOfStuff445.stories.ts (14.65 s)
PASS browser: chromium src/stories/LotsOfStories/LotsOfStuff450.stories.ts (14.772 s)
PASS browser: chromium src/stories/LotsOfStories/LotsOfStuff441.stories.ts (14.724 s)
PASS browser: chromium src/stories/LotsOfStories/LotsOfStuff442.stories.ts (14.754 s)
PASS browser: chromium src/stories/LotsOfStories/LotsOfStuff446.stories.ts (14.777 s)
PASS browser: chromium src/stories/LotsOfStories/LotsOfStuff448.stories.ts (14.944 s)
PASS browser: chromium src/stories/LotsOfStories/LotsOfStuff434.stories.ts (15.015 s)
PASS browser: chromium src/stories/LotsOfStories/LotsOfStuff439.stories.ts (15.458 s)
PASS browser: chromium src/stories/LotsOfStories/LotsOfStuff436.stories.ts (15.433 s)
PASS browser: chromium src/stories/LotsOfStories/LotsOfStuff438.stories.ts (15.556 s)
PASS browser: chromium src/stories/LotsOfStories/LotsOfStuff435.stories.ts (15.359 s)
PASS browser: chromium src/stories/LotsOfStories/LotsOfStuff437.stories.ts (15.448 s)
PASS browser: chromium src/stories/LotsOfStories/LotsOfStuff433.stories.ts (15.561 s)
PASS browser: chromium src/stories/LotsOfStories/LotsOfStuff432.stories.ts (15.345 s)
PASS browser: chromium src/stories/LotsOfStories/LotsOfStuff420.stories.ts (14.857 s)
PASS browser: chromium src/stories/LotsOfStories/LotsOfStuff429.stories.ts (15.212 s)
PASS browser: chromium src/stories/LotsOfStories/LotsOfStuff425.stories.ts (15.209 s)
PASS browser: chromium src/stories/LotsOfStories/LotsOfStuff427.stories.ts (15.313 s)
PASS browser: chromium src/stories/LotsOfStories/LotsOfStuff424.stories.ts (15.304 s)
PASS browser: chromium src/stories/LotsOfStories/LotsOfStuff423.stories.ts (15.19 s)
PASS browser: chromium src/stories/LotsOfStories/LotsOfStuff430.stories.ts (15.429 s)
PASS browser: chromium src/stories/LotsOfStories/LotsOfStuff431.stories.ts (15.445 s)
PASS browser: chromium src/stories/LotsOfStories/LotsOfStuff422.stories.ts (15.197 s)
PASS browser: chromium src/stories/LotsOfStories/LotsOfStuff426.stories.ts (15.281 s)
PASS browser: chromium src/stories/LotsOfStories/LotsOfStuff428.stories.ts (15.795 s)
PASS browser: chromium src/stories/LotsOfStories/LotsOfStuff419.stories.ts (14.688 s)
PASS browser: chromium src/stories/LotsOfStories/LotsOfStuff417.stories.ts (15.167 s)
PASS browser: chromium src/stories/LotsOfStories/LotsOfStuff421.stories.ts (15.39 s)
PASS browser: chromium src/stories/LotsOfStories/LotsOfStuff418.stories.ts (15.331 s)
PASS browser: chromium src/stories/LotsOfStories/LotsOfStuff413.stories.ts (14.954 s)
PASS browser: chromium src/stories/LotsOfStories/LotsOfStuff415.stories.ts (15.29 s)
PASS browser: chromium src/stories/LotsOfStories/LotsOfStuff416.stories.ts (15.348 s)
PASS browser: chromium src/stories/LotsOfStories/LotsOfStuff414.stories.ts (14.927 s)
PASS browser: chromium src/stories/LotsOfStories/LotsOfStuff404.stories.ts (14.529 s)
PASS browser: chromium src/stories/LotsOfStories/LotsOfStuff405.stories.ts (14.658 s)
PASS browser: chromium src/stories/LotsOfStories/LotsOfStuff409.stories.ts (14.758 s)
PASS browser: chromium src/stories/LotsOfStories/LotsOfStuff410.stories.ts (14.81 s)
PASS browser: chromium src/stories/LotsOfStories/LotsOfStuff408.stories.ts (14.86 s)
PASS browser: chromium src/stories/LotsOfStories/LotsOfStuff407.stories.ts (14.888 s)
PASS browser: chromium src/stories/LotsOfStories/LotsOfStuff400.stories.ts (14.477 s)
PASS browser: chromium src/stories/LotsOfStories/LotsOfStuff406.stories.ts (14.884 s)
PASS browser: chromium src/stories/LotsOfStories/LotsOfStuff403.stories.ts (14.854 s)
PASS browser: chromium src/stories/LotsOfStories/LotsOfStuff412.stories.ts (15.149 s)
PASS browser: chromium src/stories/LotsOfStories/LotsOfStuff411.stories.ts (15.209 s)
PASS browser: chromium src/stories/LotsOfStories/LotsOfStuff399.stories.ts (21.743 s)
PASS browser: chromium src/stories/LotsOfStories/LotsOfStuff396.stories.ts (21.745 s)
PASS browser: chromium src/stories/LotsOfStories/LotsOfStuff395.stories.ts (21.726 s)
PASS browser: chromium src/stories/LotsOfStories/LotsOfStuff401.stories.ts (21.836 s)
PASS browser: chromium src/stories/LotsOfStories/LotsOfStuff402.stories.ts (22.537 s)
PASS browser: chromium src/stories/LotsOfStories/LotsOfStuff398.stories.ts (21.881 s)
PASS browser: chromium src/stories/LotsOfStories/LotsOfStuff397.stories.ts (21.909 s)
PASS browser: chromium src/stories/LotsOfStories/LotsOfStuff391.stories.ts (26.056 s)
PASS browser: chromium src/stories/LotsOfStories/LotsOfStuff387.stories.ts (27.433 s)
PASS browser: chromium src/stories/LotsOfStories/LotsOfStuff385.stories.ts (27.46 s)
PASS browser: chromium src/stories/LotsOfStories/LotsOfStuff394.stories.ts (27.87 s)
PASS browser: chromium src/stories/LotsOfStories/LotsOfStuff390.stories.ts (27.658 s)
PASS browser: chromium src/stories/LotsOfStories/LotsOfStuff388.stories.ts (27.575 s)
PASS browser: chromium src/stories/LotsOfStories/LotsOfStuff383.stories.ts (27.442 s)
PASS browser: chromium src/stories/LotsOfStories/LotsOfStuff386.stories.ts (27.578 s)
PASS browser: chromium src/stories/LotsOfStories/LotsOfStuff392.stories.ts (27.82 s)
PASS browser: chromium src/stories/LotsOfStories/LotsOfStuff389.stories.ts (28.083 s)
PASS browser: chromium src/stories/LotsOfStories/LotsOfStuff393.stories.ts (28.55 s)
PASS browser: chromium src/stories/LotsOfStories/LotsOfStuff384.stories.ts (28.918 s)
PASS browser: chromium src/stories/LotsOfStories/LotsOfStuff382.stories.ts (21.143 s)
PASS browser: chromium src/stories/LotsOfStories/LotsOfStuff379.stories.ts (21.251 s)
PASS browser: chromium src/stories/LotsOfStories/LotsOfStuff377.stories.ts (21.247 s)
PASS browser: chromium src/stories/LotsOfStories/LotsOfStuff381.stories.ts (21.289 s)
PASS browser: chromium src/stories/LotsOfStories/LotsOfStuff376.stories.ts (21.201 s)
PASS browser: chromium src/stories/LotsOfStories/LotsOfStuff378.stories.ts (21.262 s)
PASS browser: chromium src/stories/LotsOfStories/LotsOfStuff380.stories.ts (21.504 s)
PASS browser: chromium src/stories/LotsOfStories/LotsOfStuff375.stories.ts (16.595 s)
PASS browser: chromium src/stories/LotsOfStories/LotsOfStuff365.stories.ts (15.198 s)
PASS browser: chromium src/stories/LotsOfStories/LotsOfStuff372.stories.ts (16.063 s)
PASS browser: chromium src/stories/LotsOfStories/LotsOfStuff369.stories.ts (16.045 s)
PASS browser: chromium src/stories/LotsOfStories/LotsOfStuff370.stories.ts (16.133 s)
PASS browser: chromium src/stories/LotsOfStories/LotsOfStuff366.stories.ts (15.682 s)
PASS browser: chromium src/stories/LotsOfStories/LotsOfStuff374.stories.ts (16.315 s)
PASS browser: chromium src/stories/LotsOfStories/LotsOfStuff373.stories.ts (16.251 s)
PASS browser: chromium src/stories/LotsOfStories/LotsOfStuff364.stories.ts (14.786 s)
PASS browser: chromium src/stories/LotsOfStories/LotsOfStuff368.stories.ts (16.21 s)
PASS browser: chromium src/stories/LotsOfStories/LotsOfStuff367.stories.ts (16.229 s)
PASS browser: chromium src/stories/LotsOfStories/LotsOfStuff371.stories.ts (16.654 s)
PASS browser: chromium src/stories/LotsOfStories/LotsOfStuff363.stories.ts (16.776 s)
PASS browser: chromium src/stories/LotsOfStories/LotsOfStuff358.stories.ts (16.544 s)
PASS browser: chromium src/stories/LotsOfStories/LotsOfStuff357.stories.ts (16.427 s)
PASS browser: chromium src/stories/LotsOfStories/LotsOfStuff361.stories.ts (16.643 s)
PASS browser: chromium src/stories/LotsOfStories/LotsOfStuff362.stories.ts (16.674 s)
PASS browser: chromium src/stories/LotsOfStories/LotsOfStuff359.stories.ts (16.662 s)
PASS browser: chromium src/stories/LotsOfStories/LotsOfStuff360.stories.ts (16.727 s)
PASS browser: chromium src/stories/LotsOfStories/LotsOfStuff354.stories.ts (14.968 s)
PASS browser: chromium src/stories/LotsOfStories/LotsOfStuff355.stories.ts (15.282 s)
PASS browser: chromium src/stories/LotsOfStories/LotsOfStuff356.stories.ts (15.864 s)
PASS browser: chromium src/stories/LotsOfStories/LotsOfStuff351.stories.ts (15.125 s)
PASS browser: chromium src/stories/LotsOfStories/LotsOfStuff353.stories.ts (15.27 s)
PASS browser: chromium src/stories/LotsOfStories/LotsOfStuff347.stories.ts (15.051 s)
PASS browser: chromium src/stories/LotsOfStories/LotsOfStuff349.stories.ts (15.064 s)
PASS browser: chromium src/stories/LotsOfStories/LotsOfStuff350.stories.ts (15.091 s)
PASS browser: chromium src/stories/LotsOfStories/LotsOfStuff345.stories.ts (14.766 s)
PASS browser: chromium src/stories/LotsOfStories/LotsOfStuff348.stories.ts (15.108 s)
PASS browser: chromium src/stories/LotsOfStories/LotsOfStuff352.stories.ts (15.203 s)
PASS browser: chromium src/stories/LotsOfStories/LotsOfStuff346.stories.ts (15.185 s)
PASS browser: chromium src/stories/LotsOfStories/LotsOfStuff340.stories.ts (13.449 s)
PASS browser: chromium src/stories/LotsOfStories/LotsOfStuff342.stories.ts (13.511 s)
PASS browser: chromium src/stories/LotsOfStories/LotsOfStuff344.stories.ts (13.56 s)
PASS browser: chromium src/stories/LotsOfStories/LotsOfStuff341.stories.ts (13.551 s)
PASS browser: chromium src/stories/LotsOfStories/LotsOfStuff338.stories.ts (13.483 s)
PASS browser: chromium src/stories/LotsOfStories/LotsOfStuff339.stories.ts (13.504 s)
PASS browser: chromium src/stories/LotsOfStories/LotsOfStuff343.stories.ts (13.619 s)
PASS browser: chromium src/stories/LotsOfStories/LotsOfStuff333.stories.ts (13.548 s)
PASS browser: chromium src/stories/LotsOfStories/LotsOfStuff327.stories.ts (13.523 s)
PASS browser: chromium src/stories/LotsOfStories/LotsOfStuff331.stories.ts (13.595 s)
PASS browser: chromium src/stories/LotsOfStories/LotsOfStuff337.stories.ts (13.825 s)
PASS browser: chromium src/stories/LotsOfStories/LotsOfStuff334.stories.ts (13.662 s)
PASS browser: chromium src/stories/LotsOfStories/LotsOfStuff326.stories.ts (13.442 s)
PASS browser: chromium src/stories/LotsOfStories/LotsOfStuff335.stories.ts (13.774 s)
PASS browser: chromium src/stories/LotsOfStories/LotsOfStuff330.stories.ts (13.679 s)
PASS browser: chromium src/stories/LotsOfStories/LotsOfStuff329.stories.ts (13.625 s)
PASS browser: chromium src/stories/LotsOfStories/LotsOfStuff332.stories.ts (13.703 s)
PASS browser: chromium src/stories/LotsOfStories/LotsOfStuff328.stories.ts (13.729 s)
PASS browser: chromium src/stories/LotsOfStories/LotsOfStuff336.stories.ts (13.916 s)
PASS browser: chromium src/stories/LotsOfStories/LotsOfStuff324.stories.ts (13.686 s)
PASS browser: chromium src/stories/LotsOfStories/LotsOfStuff320.stories.ts (13.795 s)
PASS browser: chromium src/stories/LotsOfStories/LotsOfStuff321.stories.ts (13.818 s)
PASS browser: chromium src/stories/LotsOfStories/LotsOfStuff325.stories.ts (13.984 s)
PASS browser: chromium src/stories/LotsOfStories/LotsOfStuff319.stories.ts (13.868 s)
PASS browser: chromium src/stories/LotsOfStories/LotsOfStuff323.stories.ts (13.947 s)
PASS browser: chromium src/stories/LotsOfStories/LotsOfStuff322.stories.ts (14.014 s)
